<html>
<body>
<pre>
<h1>礦ision Build Log</h1>
<h2>Tool Versions:</h2>
IDE-Version: μVision V5.14.0.0
Copyright (C) 2015 ARM Ltd and ARM Germany GmbH. All rights reserved.
License Information: 1 2, 3, LIC=EPPCX-H949A-SE6H0-BV6CE-KZDPE-N0WHR
 
Tool Versions:
Toolchain:       MDK-ARM Professional  Version: 5.14.0.0
Toolchain Path:  C:\Keil_v5\ARM\ARMCC\Bin
C Compiler:      Armcc.exe V5.05 update 1 (build 106)
Assembler:       Armasm.exe V5.05 update 1 (build 106)
Linker/Locator:  ArmLink.exe V5.05 update 1 (build 106)
Library Manager: ArmAr.exe V5.05 update 1 (build 106)
Hex Converter:   FromElf.exe V5.05 update 1 (build 106)
CPU DLL:         SARMCM3.DLL V5.14.0.0
Dialog DLL:      DCM.DLL V1.13.1.0
Target DLL:      STLink\ST-LINKIII-KEIL_SWO.dll V2.0.14.0_KEIL
Dialog DLL:      TCM.DLL V1.14.4.0
 
<h2>Project:</h2>
C:\Users\Lenovo\Desktop\32_puro\HLL_2019_Infantry_v1.8(步兵寒假留校最后一个版本)\workspace.uvprojx
Project File Date:  01/24/2019

<h2>Output:</h2>
Build target 'Target 1'
compiling main.c...
.\USER\control.h(81): warning:  #1-D: last line of file ends without a newline
  #endif
.\DEVICE\CAN\CAN2\can2.h(15): warning:  #1-D: last line of file ends without a newline
  #endif 
USER\main.c(81): warning:  #111-D: statement is unreachable
        return 0;
USER\main.c(43): warning:  #177-D: variable "i" was declared but never referenced
        u8 i;
USER\main.c(84): warning:  #177-D: function "ReportYaw2Com" was declared but never referenced
  static void ReportYaw2Com(void)
USER\main.c: 5 warnings, 0 errors
compiling delay.c...
USER\delay\delay.c(52): warning:  #1-D: last line of file ends without a newline
  }
USER\delay\delay.c: 1 warning, 0 errors
compiling sys.c...
compiling misc.c...
compiling stm32f4xx_adc.c...
compiling stm32f4xx_can.c...
compiling stm32f4xx_crc.c...
compiling stm32f4xx_cryp.c...
compiling stm32f4xx_cryp_aes.c...
compiling stm32f4xx_cryp_des.c...
compiling stm32f4xx_cryp_tdes.c...
compiling stm32f4xx_dac.c...
compiling stm32f4xx_dbgmcu.c...
compiling stm32f4xx_dcmi.c...
compiling stm32f4xx_dma.c...
compiling stm32f4xx_dma2d.c...
compiling stm32f4xx_exti.c...
compiling stm32f4xx_flash.c...
compiling stm32f4xx_flash_ramfunc.c...
compiling stm32f4xx_gpio.c...
compiling stm32f4xx_hash.c...
compiling stm32f4xx_hash_md5.c...
compiling stm32f4xx_hash_sha1.c...
compiling stm32f4xx_i2c.c...
compiling stm32f4xx_iwdg.c...
compiling stm32f4xx_ltdc.c...
compiling stm32f4xx_pwr.c...
compiling stm32f4xx_rcc.c...
compiling stm32f4xx_rng.c...
compiling stm32f4xx_rtc.c...
compiling stm32f4xx_sai.c...
compiling stm32f4xx_sdio.c...
compiling stm32f4xx_spi.c...
compiling stm32f4xx_syscfg.c...
compiling stm32f4xx_tim.c...
compiling stm32f4xx_usart.c...
compiling stm32f4xx_wwdg.c...
assembling startup_stm32f427xx.s...
compiling stm32f4xx_it.c...
compiling system_stm32f4xx.c...
compiling led.c...
compiling can1.c...
.\USER\control.h(81): warning:  #1-D: last line of file ends without a newline
  #endif
.\DEVICE\CAN\CAN2\can2.h(15): warning:  #1-D: last line of file ends without a newline
  #endif 
DEVICE\CAN\CAN1\can1.c: 2 warnings, 0 errors
compiling can2.c...
.\USER\control.h(81): warning:  #1-D: last line of file ends without a newline
  #endif
DEVICE\CAN\CAN2\can2.h(15): warning:  #1-D: last line of file ends without a newline
  #endif 
DEVICE\CAN\CAN2\can2.c: 2 warnings, 0 errors
compiling timer3.c...
.\USER\control.h(81): warning:  #1-D: last line of file ends without a newline
  #endif
.\DEVICE\CAN\CAN2\can2.h(15): warning:  #1-D: last line of file ends without a newline
  #endif 
DEVICE\TIMER\TIMER3\timer3.c: 2 warnings, 0 errors
compiling usart1.c...
DEVICE\USART\USART1\usart1.c(117): warning:  #1-D: last line of file ends without a newline
  }
DEVICE\USART\USART1\usart1.c(106): warning:  #550-D: variable "res" was set but never used
        u8 res;
DEVICE\USART\USART1\usart1.c: 2 warnings, 0 errors
compiling usart3.c...
DEVICE\USART\USART3\usart3.c(99): warning:  #1-D: last line of file ends without a newline
  }
DEVICE\USART\USART3\usart3.c: 1 warning, 0 errors
compiling usart6.c...
DEVICE\USART\USART6\usart6.c(102): warning:  #550-D: variable "clean" was set but never used
        u8 clean;
DEVICE\USART\USART6\usart6.c: 1 warning, 0 errors
compiling pwm.c...
DEVICE\PWM\pwm.c(83): warning:  #1-D: last line of file ends without a newline
  }
DEVICE\PWM\pwm.c: 1 warning, 0 errors
compiling spi.c...
DEVICE\SPI\spi.c(5): warning:  #177-D: variable "sta" was declared but never referenced
        u8 sta;
DEVICE\SPI\spi.c(47): warning:  #177-D: variable "sta" was declared but never referenced
        u8 sta = 0;
DEVICE\SPI\spi.c: 2 warnings, 0 errors
compiling iic.c...
compiling DJ_Protocol.c...
compiling listener.c...
.\USER\control.h(81): warning:  #1-D: last line of file ends without a newline
  #endif
.\DEVICE\CAN\CAN2\can2.h(15): warning:  #1-D: last line of file ends without a newline
  #endif 
USERLIB\LISTENER\listener.c: 2 warnings, 0 errors
compiling pid.c...
USERLIB\PID\pid.c(258): warning:  #1-D: last line of file ends without a newline
  }
USERLIB\PID\pid.c(220): warning:  #177-D: variable "sump" was declared but never referenced
        static short sum, sump;
USERLIB\PID\pid.c: 2 warnings, 0 errors
compiling softtimer.c...
compiling calibrater.c...
USERLIB\CALIBRATER\calibrater.c(29): warning:  #223-D: function "printf" declared implicitly
                        printf("calibrate loop[%d] failed! offset : %.4f\tinvalid_rate : %.4f\r\n\r\n",self->max_loop_cnt - temp_max_loop_cnt + 1,sum / (self->single_loop_cnt - invalid_cnt),self->invalid_rate);
USERLIB\CALIBRATER\calibrater.c(34): warning:  #223-D: function "printf" declared implicitly
                        printf("calibrate loop[%d] successed! offset : %.4f\r\n\r\n",self->max_loop_cnt - temp_max_loop_cnt + 1,self->offset_output);
USERLIB\CALIBRATER\calibrater.c(40): warning:  #223-D: function "printf" declared implicitly
        printf("calibrate failed!\r\n");
USERLIB\CALIBRATER\calibrater.c: 3 warnings, 0 errors
compiling chassis.c...
.\USER\control.h(81): warning:  #1-D: last line of file ends without a newline
  #endif
.\DEVICE\CAN\CAN2\can2.h(15): warning:  #1-D: last line of file ends without a newline
  #endif 
HARDWARE\CHASSIS\chassis.c(169): warning:  #177-D: variable "follow_sp" was declared but never referenced
        static short follow_sp = 0;
HARDWARE\CHASSIS\chassis.c(308): warning:  #1-D: last line of file ends without a newline
  }
HARDWARE\CHASSIS\chassis.c: 4 warnings, 0 errors
compiling control_task.c...
.\USER\control.h(81): warning:  #1-D: last line of file ends without a newline
  #endif
.\DEVICE\CAN\CAN2\can2.h(15): warning:  #1-D: last line of file ends without a newline
  #endif 
HARDWARE\CONTROL_TASK\control_task.c(268): warning:  #1-D: last line of file ends without a newline
  }
HARDWARE\CONTROL_TASK\control_task.c: 3 warnings, 0 errors
compiling gimbal.c...
.\USER\control.h(81): warning:  #1-D: last line of file ends without a newline
  #endif
.\DEVICE\CAN\CAN2\can2.h(15): warning:  #1-D: last line of file ends without a newline
  #endif 
HARDWARE\GIMBAL\gimbal.c(74): warning:  #177-D: variable "gch2" was declared but never referenced
        short gch3,gch2;
HARDWARE\GIMBAL\gimbal.c(153): warning:  #187-D: use of "=" where "==" may have been intended
                if(IS_PITCH_ANGLE_VALID)
HARDWARE\GIMBAL\gimbal.c: 4 warnings, 0 errors
compiling judge_system.c...
compiling remoter.c...
.\USER\control.h(81): warning:  #1-D: last line of file ends without a newline
  #endif
.\DEVICE\CAN\CAN2\can2.h(15): warning:  #1-D: last line of file ends without a newline
  #endif 
HARDWARE\REMOTER\remoter.c: 2 warnings, 0 errors
compiling shooter.c...
.\USER\control.h(81): warning:  #1-D: last line of file ends without a newline
  #endif
.\DEVICE\CAN\CAN2\can2.h(15): warning:  #1-D: last line of file ends without a newline
  #endif 
HARDWARE\SHOOTER\shooter.c(284): warning:  #1-D: last line of file ends without a newline
  }
HARDWARE\SHOOTER\shooter.c: 3 warnings, 0 errors
compiling gyromag.c...
.\USER\control.h(81): warning:  #1-D: last line of file ends without a newline
  #endif
.\DEVICE\CAN\CAN2\can2.h(15): warning:  #1-D: last line of file ends without a newline
  #endif 
HARDWARE\GYROMAG\gyromag.c(127): warning:  #940-D: missing return statement at end of non-void function "GyroCheck"
  }
HARDWARE\GYROMAG\gyromag.c(132): warning:  #940-D: missing return statement at end of non-void function "MagCheck"
  }
HARDWARE\GYROMAG\gyromag.c(391): warning:  #1-D: last line of file ends without a newline
  }
HARDWARE\GYROMAG\gyromag.c: 5 warnings, 0 errors
linking...
Program Size: Code=30940 RO-data=864 RW-data=1136 ZI-data=5376  
".\Objects\template.axf" - 0 Error(s), 47 Warning(s).

<h2>Collection of Component include folders:</h2>
  C:\Users\Lenovo\Desktop\32_puro\HLL_2019_Infantry_v1.8(步兵寒假留校最后一个版本)\RTE
  C:\Keil_v5\ARM\PACK\Keil\STM32F4xx_DFP\2.9.0

<h2>Collection of Component Files used:</h2>
</pre>
</body>
</html>
