Component: ARM Compiler 5.05 update 1 (build 106) Tool: armlink [4d0efa]

==============================================================================

Section Cross References

    main.o(i.main) refers to misc.o(i.NVIC_PriorityGroupConfig) for NVIC_PriorityGroupConfig
    main.o(i.main) refers to control_task.o(i.InitControlTask) for InitControlTask
    stm32f4xx_adc.o(i.ADC_DeInit) refers to stm32f4xx_rcc.o(i.RCC_APB2PeriphResetCmd) for RCC_APB2PeriphResetCmd
    stm32f4xx_can.o(i.CAN_DeInit) refers to stm32f4xx_rcc.o(i.RCC_APB1PeriphResetCmd) for RCC_APB1PeriphResetCmd
    stm32f4xx_can.o(i.CAN_GetITStatus) refers to stm32f4xx_can.o(i.CheckITStatus) for CheckITStatus
    stm32f4xx_cryp.o(i.CRYP_DeInit) refers to stm32f4xx_rcc.o(i.RCC_AHB2PeriphResetCmd) for RCC_AHB2PeriphResetCmd
    stm32f4xx_cryp_aes.o(i.CRYP_AES_CBC) refers to stm32f4xx_cryp.o(i.CRYP_KeyStructInit) for CRYP_KeyStructInit
    stm32f4xx_cryp_aes.o(i.CRYP_AES_CBC) refers to stm32f4xx_cryp.o(i.CRYP_FIFOFlush) for CRYP_FIFOFlush
    stm32f4xx_cryp_aes.o(i.CRYP_AES_CBC) refers to stm32f4xx_cryp.o(i.CRYP_Init) for CRYP_Init
    stm32f4xx_cryp_aes.o(i.CRYP_AES_CBC) refers to stm32f4xx_cryp.o(i.CRYP_KeyInit) for CRYP_KeyInit
    stm32f4xx_cryp_aes.o(i.CRYP_AES_CBC) refers to stm32f4xx_cryp.o(i.CRYP_Cmd) for CRYP_Cmd
    stm32f4xx_cryp_aes.o(i.CRYP_AES_CBC) refers to stm32f4xx_cryp.o(i.CRYP_GetFlagStatus) for CRYP_GetFlagStatus
    stm32f4xx_cryp_aes.o(i.CRYP_AES_CBC) refers to stm32f4xx_cryp.o(i.CRYP_IVInit) for CRYP_IVInit
    stm32f4xx_cryp_aes.o(i.CRYP_AES_CBC) refers to stm32f4xx_cryp.o(i.CRYP_GetCmdStatus) for CRYP_GetCmdStatus
    stm32f4xx_cryp_aes.o(i.CRYP_AES_CBC) refers to stm32f4xx_cryp.o(i.CRYP_DataIn) for CRYP_DataIn
    stm32f4xx_cryp_aes.o(i.CRYP_AES_CBC) refers to stm32f4xx_cryp.o(i.CRYP_DataOut) for CRYP_DataOut
    stm32f4xx_cryp_aes.o(i.CRYP_AES_CCM) refers to stm32f4xx_cryp.o(i.CRYP_KeyStructInit) for CRYP_KeyStructInit
    stm32f4xx_cryp_aes.o(i.CRYP_AES_CCM) refers to stm32f4xx_cryp.o(i.CRYP_FIFOFlush) for CRYP_FIFOFlush
    stm32f4xx_cryp_aes.o(i.CRYP_AES_CCM) refers to stm32f4xx_cryp.o(i.CRYP_KeyInit) for CRYP_KeyInit
    stm32f4xx_cryp_aes.o(i.CRYP_AES_CCM) refers to stm32f4xx_cryp.o(i.CRYP_IVInit) for CRYP_IVInit
    stm32f4xx_cryp_aes.o(i.CRYP_AES_CCM) refers to stm32f4xx_cryp.o(i.CRYP_Init) for CRYP_Init
    stm32f4xx_cryp_aes.o(i.CRYP_AES_CCM) refers to stm32f4xx_cryp.o(i.CRYP_PhaseConfig) for CRYP_PhaseConfig
    stm32f4xx_cryp_aes.o(i.CRYP_AES_CCM) refers to stm32f4xx_cryp.o(i.CRYP_DataIn) for CRYP_DataIn
    stm32f4xx_cryp_aes.o(i.CRYP_AES_CCM) refers to stm32f4xx_cryp.o(i.CRYP_Cmd) for CRYP_Cmd
    stm32f4xx_cryp_aes.o(i.CRYP_AES_CCM) refers to stm32f4xx_cryp.o(i.CRYP_GetCmdStatus) for CRYP_GetCmdStatus
    stm32f4xx_cryp_aes.o(i.CRYP_AES_CCM) refers to stm32f4xx_cryp.o(i.CRYP_GetFlagStatus) for CRYP_GetFlagStatus
    stm32f4xx_cryp_aes.o(i.CRYP_AES_CCM) refers to stm32f4xx_cryp.o(i.CRYP_DataOut) for CRYP_DataOut
    stm32f4xx_cryp_aes.o(i.CRYP_AES_CTR) refers to stm32f4xx_cryp.o(i.CRYP_KeyStructInit) for CRYP_KeyStructInit
    stm32f4xx_cryp_aes.o(i.CRYP_AES_CTR) refers to stm32f4xx_cryp.o(i.CRYP_KeyInit) for CRYP_KeyInit
    stm32f4xx_cryp_aes.o(i.CRYP_AES_CTR) refers to stm32f4xx_cryp.o(i.CRYP_Init) for CRYP_Init
    stm32f4xx_cryp_aes.o(i.CRYP_AES_CTR) refers to stm32f4xx_cryp.o(i.CRYP_IVInit) for CRYP_IVInit
    stm32f4xx_cryp_aes.o(i.CRYP_AES_CTR) refers to stm32f4xx_cryp.o(i.CRYP_FIFOFlush) for CRYP_FIFOFlush
    stm32f4xx_cryp_aes.o(i.CRYP_AES_CTR) refers to stm32f4xx_cryp.o(i.CRYP_Cmd) for CRYP_Cmd
    stm32f4xx_cryp_aes.o(i.CRYP_AES_CTR) refers to stm32f4xx_cryp.o(i.CRYP_GetCmdStatus) for CRYP_GetCmdStatus
    stm32f4xx_cryp_aes.o(i.CRYP_AES_CTR) refers to stm32f4xx_cryp.o(i.CRYP_DataIn) for CRYP_DataIn
    stm32f4xx_cryp_aes.o(i.CRYP_AES_CTR) refers to stm32f4xx_cryp.o(i.CRYP_GetFlagStatus) for CRYP_GetFlagStatus
    stm32f4xx_cryp_aes.o(i.CRYP_AES_CTR) refers to stm32f4xx_cryp.o(i.CRYP_DataOut) for CRYP_DataOut
    stm32f4xx_cryp_aes.o(i.CRYP_AES_ECB) refers to stm32f4xx_cryp.o(i.CRYP_KeyStructInit) for CRYP_KeyStructInit
    stm32f4xx_cryp_aes.o(i.CRYP_AES_ECB) refers to stm32f4xx_cryp.o(i.CRYP_FIFOFlush) for CRYP_FIFOFlush
    stm32f4xx_cryp_aes.o(i.CRYP_AES_ECB) refers to stm32f4xx_cryp.o(i.CRYP_Init) for CRYP_Init
    stm32f4xx_cryp_aes.o(i.CRYP_AES_ECB) refers to stm32f4xx_cryp.o(i.CRYP_KeyInit) for CRYP_KeyInit
    stm32f4xx_cryp_aes.o(i.CRYP_AES_ECB) refers to stm32f4xx_cryp.o(i.CRYP_Cmd) for CRYP_Cmd
    stm32f4xx_cryp_aes.o(i.CRYP_AES_ECB) refers to stm32f4xx_cryp.o(i.CRYP_GetFlagStatus) for CRYP_GetFlagStatus
    stm32f4xx_cryp_aes.o(i.CRYP_AES_ECB) refers to stm32f4xx_cryp.o(i.CRYP_GetCmdStatus) for CRYP_GetCmdStatus
    stm32f4xx_cryp_aes.o(i.CRYP_AES_ECB) refers to stm32f4xx_cryp.o(i.CRYP_DataIn) for CRYP_DataIn
    stm32f4xx_cryp_aes.o(i.CRYP_AES_ECB) refers to stm32f4xx_cryp.o(i.CRYP_DataOut) for CRYP_DataOut
[...]
    ../clib/signal.c                         0x00000000   Number         0  defsig_pvfn_inner.o ABSOLUTE
    ../clib/signal.c                         0x00000000   Number         0  defsig_other.o ABSOLUTE
    ../clib/signal.c                         0x00000000   Number         0  defsig_segv_inner.o ABSOLUTE
    ../clib/signal.c                         0x00000000   Number         0  defsig_cppl_inner.o ABSOLUTE
    ../clib/signal.c                         0x00000000   Number         0  defsig_stak_inner.o ABSOLUTE
    ../clib/signal.c                         0x00000000   Number         0  defsig_rtmem_formal.o ABSOLUTE
    ../clib/signal.c                         0x00000000   Number         0  defsig_rtred_inner.o ABSOLUTE
    ../clib/signal.c                         0x00000000   Number         0  defsig_fpe_inner.o ABSOLUTE
    ../clib/signal.c                         0x00000000   Number         0  defsig_abrt_inner.o ABSOLUTE
    ../clib/signal.c                         0x00000000   Number         0  defsig_rtmem_inner.o ABSOLUTE
    ../clib/signal.s                         0x00000000   Number         0  defsig.o ABSOLUTE
    ../clib/stdio.c                          0x00000000   Number         0  ferror.o ABSOLUTE
    ../clib/stdio.c                          0x00000000   Number         0  ferror_locked.o ABSOLUTE
    ../clib/stdlib.c                         0x00000000   Number         0  exit.o ABSOLUTE
    ../fplib/dretinf.s                       0x00000000   Number         0  dretinf.o ABSOLUTE
    ../fplib/f2d.s                           0x00000000   Number         0  f2d.o ABSOLUTE
    ../fplib/fnaninf.s                       0x00000000   Number         0  fnaninf.o ABSOLUTE
    ../fplib/fpinit.s                        0x00000000   Number         0  fpinit.o ABSOLUTE
    ../fplib/istatus.s                       0x00000000   Number         0  istatus.o ABSOLUTE
    ../fplib/printf1.s                       0x00000000   Number         0  printf1.o ABSOLUTE
    ../fplib/usenofp.s                       0x00000000   Number         0  usenofp.o ABSOLUTE
    ../mathlib/fpclassify.c                  0x00000000   Number         0  fpclassify.o ABSOLUTE
    CMISS\\stm32f4xx_it.c                    0x00000000   Number         0  stm32f4xx_it.o ABSOLUTE
    CMISS\\system_stm32f4xx.c                0x00000000   Number         0  system_stm32f4xx.o ABSOLUTE
    CMISS\startup_stm32f427xx.s              0x00000000   Number         0  startup_stm32f427xx.o ABSOLUTE
    CMISS\stm32f4xx_it.c                     0x00000000   Number         0  stm32f4xx_it.o ABSOLUTE
    CMISS\system_stm32f4xx.c                 0x00000000   Number         0  system_stm32f4xx.o ABSOLUTE
    DEVICE\CAN\CAN1\can1.c                   0x00000000   Number         0  can1.o ABSOLUTE
    DEVICE\LED\led.c                         0x00000000   Number         0  led.o ABSOLUTE
    DEVICE\PWM\pwm.c                         0x00000000   Number         0  pwm.o ABSOLUTE
    DEVICE\TIMER\TIMER3\timer3.c             0x00000000   Number         0  timer3.o ABSOLUTE
    DEVICE\USART\USART1\usart1.c             0x00000000   Number         0  usart1.o ABSOLUTE
    DEVICE\USART\USART3\usart3.c             0x00000000   Number         0  usart3.o ABSOLUTE
    DEVICE\USART\USART6\usart6.c             0x00000000   Number         0  usart6.o ABSOLUTE
    DEVICE\\CAN\\CAN1\\can1.c                0x00000000   Number         0  can1.o ABSOLUTE
    DEVICE\\LED\\led.c                       0x00000000   Number         0  led.o ABSOLUTE
    DEVICE\\TIMER\\TIMER3\\timer3.c          0x00000000   Number         0  timer3.o ABSOLUTE
    DEVICE\\USART\\USART1\\usart1.c          0x00000000   Number         0  usart1.o ABSOLUTE
    DEVICE\\USART\\USART3\\usart3.c          0x00000000   Number         0  usart3.o ABSOLUTE
    DEVICE\\USART\\USART6\\usart6.c          0x00000000   Number         0  usart6.o ABSOLUTE
    FWLIB\\src\\misc.c                       0x00000000   Number         0  misc.o ABSOLUTE
    FWLIB\\src\\stm32f4xx_adc.c              0x00000000   Number         0  stm32f4xx_adc.o ABSOLUTE
    FWLIB\\src\\stm32f4xx_can.c              0x00000000   Number         0  stm32f4xx_can.o ABSOLUTE
    FWLIB\\src\\stm32f4xx_crc.c              0x00000000   Number         0  stm32f4xx_crc.o ABSOLUTE
    FWLIB\\src\\stm32f4xx_cryp.c             0x00000000   Number         0  stm32f4xx_cryp.o ABSOLUTE
    FWLIB\\src\\stm32f4xx_cryp_aes.c         0x00000000   Number         0  stm32f4xx_cryp_aes.o ABSOLUTE
    FWLIB\\src\\stm32f4xx_cryp_des.c         0x00000000   Number         0  stm32f4xx_cryp_des.o ABSOLUTE
    FWLIB\\src\\stm32f4xx_cryp_tdes.c        0x00000000   Number         0  stm32f4xx_cryp_tdes.o ABSOLUTE
    FWLIB\\src\\stm32f4xx_dac.c              0x00000000   Number         0  stm32f4xx_dac.o ABSOLUTE
    FWLIB\\src\\stm32f4xx_dbgmcu.c           0x00000000   Number         0  stm32f4xx_dbgmcu.o ABSOLUTE
    FWLIB\\src\\stm32f4xx_dcmi.c             0x00000000   Number         0  stm32f4xx_dcmi.o ABSOLUTE
    FWLIB\\src\\stm32f4xx_dma.c              0x00000000   Number         0  stm32f4xx_dma.o ABSOLUTE
    FWLIB\\src\\stm32f4xx_dma2d.c            0x00000000   Number         0  stm32f4xx_dma2d.o ABSOLUTE
    FWLIB\\src\\stm32f4xx_exti.c             0x00000000   Number         0  stm32f4xx_exti.o ABSOLUTE
    FWLIB\\src\\stm32f4xx_flash.c            0x00000000   Number         0  stm32f4xx_flash.o ABSOLUTE
    FWLIB\\src\\stm32f4xx_flash_ramfunc.c    0x00000000   Number         0  stm32f4xx_flash_ramfunc.o ABSOLUTE
    FWLIB\\src\\stm32f4xx_gpio.c             0x00000000   Number         0  stm32f4xx_gpio.o ABSOLUTE
    FWLIB\\src\\stm32f4xx_hash.c             0x00000000   Number         0  stm32f4xx_hash.o ABSOLUTE
    FWLIB\\src\\stm32f4xx_hash_md5.c         0x00000000   Number         0  stm32f4xx_hash_md5.o ABSOLUTE
    FWLIB\\src\\stm32f4xx_hash_sha1.c        0x00000000   Number         0  stm32f4xx_hash_sha1.o ABSOLUTE
    FWLIB\\src\\stm32f4xx_i2c.c              0x00000000   Number         0  stm32f4xx_i2c.o ABSOLUTE
    FWLIB\\src\\stm32f4xx_iwdg.c             0x00000000   Number         0  stm32f4xx_iwdg.o ABSOLUTE
    FWLIB\\src\\stm32f4xx_ltdc.c             0x00000000   Number         0  stm32f4xx_ltdc.o ABSOLUTE
    FWLIB\\src\\stm32f4xx_pwr.c              0x00000000   Number         0  stm32f4xx_pwr.o ABSOLUTE
    FWLIB\\src\\stm32f4xx_rcc.c              0x00000000   Number         0  stm32f4xx_rcc.o ABSOLUTE
    FWLIB\\src\\stm32f4xx_rng.c              0x00000000   Number         0  stm32f4xx_rng.o ABSOLUTE
    FWLIB\\src\\stm32f4xx_rtc.c              0x00000000   Number         0  stm32f4xx_rtc.o ABSOLUTE
    FWLIB\\src\\stm32f4xx_sai.c              0x00000000   Number         0  stm32f4xx_sai.o ABSOLUTE
    FWLIB\\src\\stm32f4xx_sdio.c             0x00000000   Number         0  stm32f4xx_sdio.o ABSOLUTE
    FWLIB\\src\\stm32f4xx_spi.c              0x00000000   Number         0  stm32f4xx_spi.o ABSOLUTE
    FWLIB\\src\\stm32f4xx_syscfg.c           0x00000000   Number         0  stm32f4xx_syscfg.o ABSOLUTE
    FWLIB\\src\\stm32f4xx_tim.c              0x00000000   Number         0  stm32f4xx_tim.o ABSOLUTE
    FWLIB\\src\\stm32f4xx_usart.c            0x00000000   Number         0  stm32f4xx_usart.o ABSOLUTE
    FWLIB\\src\\stm32f4xx_wwdg.c             0x00000000   Number         0  stm32f4xx_wwdg.o ABSOLUTE
    FWLIB\src\misc.c                         0x00000000   Number         0  misc.o ABSOLUTE
    FWLIB\src\stm32f4xx_adc.c                0x00000000   Number         0  stm32f4xx_adc.o ABSOLUTE
    FWLIB\src\stm32f4xx_can.c                0x00000000   Number         0  stm32f4xx_can.o ABSOLUTE
    FWLIB\src\stm32f4xx_crc.c                0x00000000   Number         0  stm32f4xx_crc.o ABSOLUTE
    FWLIB\src\stm32f4xx_cryp.c               0x00000000   Number         0  stm32f4xx_cryp.o ABSOLUTE
    FWLIB\src\stm32f4xx_cryp_aes.c           0x00000000   Number         0  stm32f4xx_cryp_aes.o ABSOLUTE
    FWLIB\src\stm32f4xx_cryp_des.c           0x00000000   Number         0  stm32f4xx_cryp_des.o ABSOLUTE
    FWLIB\src\stm32f4xx_cryp_tdes.c          0x00000000   Number         0  stm32f4xx_cryp_tdes.o ABSOLUTE
    FWLIB\src\stm32f4xx_dac.c                0x00000000   Number         0  stm32f4xx_dac.o ABSOLUTE
    FWLIB\src\stm32f4xx_dbgmcu.c             0x00000000   Number         0  stm32f4xx_dbgmcu.o ABSOLUTE
    FWLIB\src\stm32f4xx_dcmi.c               0x00000000   Number         0  stm32f4xx_dcmi.o ABSOLUTE
    FWLIB\src\stm32f4xx_dma.c                0x00000000   Number         0  stm32f4xx_dma.o ABSOLUTE
    FWLIB\src\stm32f4xx_dma2d.c              0x00000000   Number         0  stm32f4xx_dma2d.o ABSOLUTE
    FWLIB\src\stm32f4xx_exti.c               0x00000000   Number         0  stm32f4xx_exti.o ABSOLUTE
    FWLIB\src\stm32f4xx_flash.c              0x00000000   Number         0  stm32f4xx_flash.o ABSOLUTE
    FWLIB\src\stm32f4xx_flash_ramfunc.c      0x00000000   Number         0  stm32f4xx_flash_ramfunc.o ABSOLUTE
    FWLIB\src\stm32f4xx_gpio.c               0x00000000   Number         0  stm32f4xx_gpio.o ABSOLUTE
    FWLIB\src\stm32f4xx_hash.c               0x00000000   Number         0  stm32f4xx_hash.o ABSOLUTE
    FWLIB\src\stm32f4xx_hash_md5.c           0x00000000   Number         0  stm32f4xx_hash_md5.o ABSOLUTE
    FWLIB\src\stm32f4xx_hash_sha1.c          0x00000000   Number         0  stm32f4xx_hash_sha1.o ABSOLUTE
    FWLIB\src\stm32f4xx_i2c.c                0x00000000   Number         0  stm32f4xx_i2c.o ABSOLUTE
    FWLIB\src\stm32f4xx_iwdg.c               0x00000000   Number         0  stm32f4xx_iwdg.o ABSOLUTE
    FWLIB\src\stm32f4xx_ltdc.c               0x00000000   Number         0  stm32f4xx_ltdc.o ABSOLUTE
    FWLIB\src\stm32f4xx_pwr.c                0x00000000   Number         0  stm32f4xx_pwr.o ABSOLUTE
    FWLIB\src\stm32f4xx_rcc.c                0x00000000   Number         0  stm32f4xx_rcc.o ABSOLUTE
    FWLIB\src\stm32f4xx_rng.c                0x00000000   Number         0  stm32f4xx_rng.o ABSOLUTE
    FWLIB\src\stm32f4xx_rtc.c                0x00000000   Number         0  stm32f4xx_rtc.o ABSOLUTE
    FWLIB\src\stm32f4xx_sai.c                0x00000000   Number         0  stm32f4xx_sai.o ABSOLUTE
    FWLIB\src\stm32f4xx_sdio.c               0x00000000   Number         0  stm32f4xx_sdio.o ABSOLUTE
    FWLIB\src\stm32f4xx_spi.c                0x00000000   Number         0  stm32f4xx_spi.o ABSOLUTE
    FWLIB\src\stm32f4xx_syscfg.c             0x00000000   Number         0  stm32f4xx_syscfg.o ABSOLUTE
    FWLIB\src\stm32f4xx_tim.c                0x00000000   Number         0  stm32f4xx_tim.o ABSOLUTE
    FWLIB\src\stm32f4xx_usart.c              0x00000000   Number         0  stm32f4xx_usart.o ABSOLUTE
    FWLIB\src\stm32f4xx_wwdg.c               0x00000000   Number         0  stm32f4xx_wwdg.o ABSOLUTE
    HARDWARE\CHASSIS\chassis.c               0x00000000   Number         0  chassis.o ABSOLUTE
    HARDWARE\CONTROL_TASK\control_task.c     0x00000000   Number         0  control_task.o ABSOLUTE
    HARDWARE\GIMBAL\gimbal.c                 0x00000000   Number         0  gimbal.o ABSOLUTE
    HARDWARE\JUDGEMENT_SYSTEM\judge_system.c 0x00000000   Number         0  judge_system.o ABSOLUTE
    HARDWARE\REMOTER\remoter.c               0x00000000   Number         0  remoter.o ABSOLUTE
    HARDWARE\SHOOTER\shooter.c               0x00000000   Number         0  shooter.o ABSOLUTE
    HARDWARE\\CHASSIS\\chassis.c             0x00000000   Number         0  chassis.o ABSOLUTE
    HARDWARE\\CONTROL_TASK\\control_task.c   0x00000000   Number         0  control_task.o ABSOLUTE
    HARDWARE\\GIMBAL\\gimbal.c               0x00000000   Number         0  gimbal.o ABSOLUTE
    HARDWARE\\JUDGEMENT_SYSTEM\\judge_system.c 0x00000000   Number         0  judge_system.o ABSOLUTE
    HARDWARE\\REMOTER\\remoter.c             0x00000000   Number         0  remoter.o ABSOLUTE
    HARDWARE\\SHOOTER\\shooter.c             0x00000000   Number         0  shooter.o ABSOLUTE
    USERLIB\DJ_PROTOCOL\DJ_Protocol.c        0x00000000   Number         0  dj_protocol.o ABSOLUTE
    USERLIB\LISTENER\listener.c              0x00000000   Number         0  listener.o ABSOLUTE
    USERLIB\PID\pid.c                        0x00000000   Number         0  pid.o ABSOLUTE
    USERLIB\\DJ_PROTOCOL\\DJ_Protocol.c      0x00000000   Number         0  dj_protocol.o ABSOLUTE
    USERLIB\\LISTENER\\listener.c            0x00000000   Number         0  listener.o ABSOLUTE
    USERLIB\\PID\\pid.c                      0x00000000   Number         0  pid.o ABSOLUTE
    USER\\delay\\delay.c                     0x00000000   Number         0  delay.o ABSOLUTE
    USER\\main.c                             0x00000000   Number         0  main.o ABSOLUTE
    USER\\sys\\sys.c                         0x00000000   Number         0  sys.o ABSOLUTE
    USER\delay\delay.c                       0x00000000   Number         0  delay.o ABSOLUTE
    USER\main.c                              0x00000000   Number         0  main.o ABSOLUTE
    USER\sys\sys.c                           0x00000000   Number         0  sys.o ABSOLUTE
    dc.s                                     0x00000000   Number         0  dc.o ABSOLUTE
    RESET                                    0x08000000   Section      428  startup_stm32f427xx.o(RESET)
    !!!main                                  0x080001ac   Section        8  __main.o(!!!main)
    !!!scatter                               0x080001b4   Section       52  __scatter.o(!!!scatter)
    !!dczerorl2                              0x080001e8   Section       90  __dczerorl2.o(!!dczerorl2)
    !!handler_zi                             0x08000244   Section       28  __scatter_zi.o(!!handler_zi)
    .ARM.Collect$$_printf_percent$$00000000  0x08000260   Section        0  _printf_percent.o(.ARM.Collect$$_printf_percent$$00000000)
    .ARM.Collect$$_printf_percent$$00000017  0x08000260   Section        4  _printf_percent_end.o(.ARM.Collect$$_printf_percent$$00000017)
    .ARM.Collect$$libinit$$00000000          0x08000264   Section        2  libinit.o(.ARM.Collect$$libinit$$00000000)
    .ARM.Collect$$libinit$$00000001          0x08000266   Section        4  libinit2.o(.ARM.Collect$$libinit$$00000001)
    .ARM.Collect$$libinit$$00000004          0x0800026a   Section        0  libinit2.o(.ARM.Collect$$libinit$$00000004)
    .ARM.Collect$$libinit$$0000000A          0x0800026a   Section        0  libinit2.o(.ARM.Collect$$libinit$$0000000A)
    .ARM.Collect$$libinit$$0000000C          0x0800026a   Section        0  libinit2.o(.ARM.Collect$$libinit$$0000000C)
    .ARM.Collect$$libinit$$0000000E          0x0800026a   Section        0  libinit2.o(.ARM.Collect$$libinit$$0000000E)
    .ARM.Collect$$libinit$$00000011          0x0800026a   Section        0  libinit2.o(.ARM.Collect$$libinit$$00000011)
    .ARM.Collect$$libinit$$00000013          0x0800026a   Section        0  libinit2.o(.ARM.Collect$$libinit$$00000013)
    .ARM.Collect$$libinit$$00000015          0x0800026a   Section        0  libinit2.o(.ARM.Collect$$libinit$$00000015)
    .ARM.Collect$$libinit$$00000017          0x0800026a   Section        0  libinit2.o(.ARM.Collect$$libinit$$00000017)
    .ARM.Collect$$libinit$$00000019          0x0800026a   Section        0  libinit2.o(.ARM.Collect$$libinit$$00000019)
    .ARM.Collect$$libinit$$0000001B          0x0800026a   Section        0  libinit2.o(.ARM.Collect$$libinit$$0000001B)
    .ARM.Collect$$libinit$$0000001D          0x0800026a   Section        0  libinit2.o(.ARM.Collect$$libinit$$0000001D)
    .ARM.Collect$$libinit$$0000001F          0x0800026a   Section        0  libinit2.o(.ARM.Collect$$libinit$$0000001F)
    .ARM.Collect$$libinit$$00000021          0x0800026a   Section        0  libinit2.o(.ARM.Collect$$libinit$$00000021)
    .ARM.Collect$$libinit$$00000023          0x0800026a   Section        0  libinit2.o(.ARM.Collect$$libinit$$00000023)
    .ARM.Collect$$libinit$$00000025          0x0800026a   Section        0  libinit2.o(.ARM.Collect$$libinit$$00000025)
    .ARM.Collect$$libinit$$0000002C          0x0800026a   Section        0  libinit2.o(.ARM.Collect$$libinit$$0000002C)
    .ARM.Collect$$libinit$$0000002E          0x0800026a   Section        0  libinit2.o(.ARM.Collect$$libinit$$0000002E)
    .ARM.Collect$$libinit$$00000030          0x0800026a   Section        0  libinit2.o(.ARM.Collect$$libinit$$00000030)
    .ARM.Collect$$libinit$$00000032          0x0800026a   Section        0  libinit2.o(.ARM.Collect$$libinit$$00000032)
    .ARM.Collect$$libinit$$00000033          0x0800026a   Section        2  libinit2.o(.ARM.Collect$$libinit$$00000033)
    .ARM.Collect$$libshutdown$$00000000      0x0800026c   Section        2  libshutdown.o(.ARM.Collect$$libshutdown$$00000000)
    .ARM.Collect$$libshutdown$$00000003      0x0800026e   Section        0  libshutdown2.o(.ARM.Collect$$libshutdown$$00000003)
    .ARM.Collect$$libshutdown$$00000006      0x0800026e   Section        0  libshutdown2.o(.ARM.Collect$$libshutdown$$00000006)
    .ARM.Collect$$libshutdown$$00000009      0x0800026e   Section        0  libshutdown2.o(.ARM.Collect$$libshutdown$$00000009)
    .ARM.Collect$$libshutdown$$0000000B      0x0800026e   Section        0  libshutdown2.o(.ARM.Collect$$libshutdown$$0000000B)
    .ARM.Collect$$libshutdown$$0000000E      0x0800026e   Section        0  libshutdown2.o(.ARM.Collect$$libshutdown$$0000000E)
    .ARM.Collect$$libshutdown$$0000000F      0x0800026e   Section        2  libshutdown2.o(.ARM.Collect$$libshutdown$$0000000F)
    .ARM.Collect$$rtentry$$00000000          0x08000270   Section        0  __rtentry.o(.ARM.Collect$$rtentry$$00000000)
    .ARM.Collect$$rtentry$$00000002          0x08000270   Section        0  __rtentry2.o(.ARM.Collect$$rtentry$$00000002)
    .ARM.Collect$$rtentry$$00000004          0x08000270   Section        6  __rtentry4.o(.ARM.Collect$$rtentry$$00000004)
    .ARM.Collect$$rtentry$$00000009          0x08000276   Section        0  __rtentry2.o(.ARM.Collect$$rtentry$$00000009)
    .ARM.Collect$$rtentry$$0000000A          0x08000276   Section        4  __rtentry2.o(.ARM.Collect$$rtentry$$0000000A)
    .ARM.Collect$$rtentry$$0000000C          0x0800027a   Section        0  __rtentry2.o(.ARM.Collect$$rtentry$$0000000C)
    .ARM.Collect$$rtentry$$0000000D          0x0800027a   Section        8  __rtentry2.o(.ARM.Collect$$rtentry$$0000000D)
    .ARM.Collect$$rtexit$$00000000           0x08000282   Section        2  rtexit.o(.ARM.Collect$$rtexit$$00000000)
    .ARM.Collect$$rtexit$$00000002           0x08000284   Section        0  rtexit2.o(.ARM.Collect$$rtexit$$00000002)
    .ARM.Collect$$rtexit$$00000003           0x08000284   Section        4  rtexit2.o(.ARM.Collect$$rtexit$$00000003)
    .ARM.Collect$$rtexit$$00000004           0x08000288   Section        6  rtexit2.o(.ARM.Collect$$rtexit$$00000004)
    .text                                    0x08000290   Section       64  startup_stm32f427xx.o(.text)
    $v0                                      0x08000290   Number         0  startup_stm32f427xx.o(.text)
    .text                                    0x080002d0   Section        0  noretval__2printf.o(.text)
    .text                                    0x080002e8   Section        0  __printf_wp.o(.text)
    .text                                    0x080003f6   Section      138  rt_memcpy_v6.o(.text)
    .text                                    0x08000480   Section       68  rt_memclr.o(.text)
    .text                                    0x080004c4   Section        0  heapauxi.o(.text)
    .text                                    0x080004cc   Section        0  _printf_char_file.o(.text)
    .text                                    0x080004f0   Section      100  rt_memcpy_w.o(.text)
    .text                                    0x08000554   Section       78  rt_memclr_w.o(.text)
    .text                                    0x080005a4   Section        0  _printf_char_common.o(.text)
    _printf_input_char                       0x080005a5   Thumb Code    10  _printf_char_common.o(.text)
    .text                                    0x080005d4   Section        0  ferror.o(.text)
    .text                                    0x080005dc   Section        8  libspace.o(.text)
    .text                                    0x080005e4   Section       74  sys_stackheap_outer.o(.text)
    .text                                    0x0800062e   Section        0  exit.o(.text)
    .text                                    0x0800063c   Section        0  sys_exit.o(.text)
    .text                                    0x08000648   Section        2  use_no_semi.o(.text)
    .text                                    0x0800064a   Section        0  indicate_semi.o(.text)
    i.A_ConvertRc2TargetAngle                0x0800064a   Section        0  gimbal.o(i.A_ConvertRc2TargetAngle)
    i.A_ConvertRc2TargetSpeed                0x0800064c   Section        0  chassis.o(i.A_ConvertRc2TargetSpeed)
    i.BusFault_Handler                       0x0800064e   Section        0  stm32f4xx_it.o(i.BusFault_Handler)
    i.CAN1_RX0_IRQHandler                    0x08000654   Section        0  can1.o(i.CAN1_RX0_IRQHandler)
    i.CAN_ClearITPendingBit                  0x0800078c   Section        0  stm32f4xx_can.o(i.CAN_ClearITPendingBit)
    i.CAN_FilterInit                         0x08000834   Section        0  stm32f4xx_can.o(i.CAN_FilterInit)
    i.CAN_GetITStatus                        0x0800093c   Section        0  stm32f4xx_can.o(i.CAN_GetITStatus)
    i.CAN_ITConfig                           0x08000a5c   Section        0  stm32f4xx_can.o(i.CAN_ITConfig)
    i.CAN_Init                               0x08000a6e   Section        0  stm32f4xx_can.o(i.CAN_Init)
    i.CAN_Receive                            0x08000b82   Section        0  stm32f4xx_can.o(i.CAN_Receive)
    i.CAN_Transmit                           0x08000c72   Section        0  stm32f4xx_can.o(i.CAN_Transmit)
    i.CalcChassisPID                         0x08000d98   Section        0  chassis.o(i.CalcChassisPID)
    i.CalcIncrementPid                       0x08000dc4   Section        0  pid.o(i.CalcIncrementPid)
    i.Can1SendMsg2Chassis                    0x08000e88   Section        0  can1.o(i.Can1SendMsg2Chassis)
    i.ChassisControlTask                     0x08000eec   Section        0  chassis.o(i.ChassisControlTask)
    i.CheckITStatus                          0x08000ff4   Section        0  stm32f4xx_can.o(i.CheckITStatus)
    CheckITStatus                            0x08000ff5   Thumb Code    18  stm32f4xx_can.o(i.CheckITStatus)
    i.ControlTask                            0x08001008   Section        0  control_task.o(i.ControlTask)
    i.DMA2_Stream1_IRQHandler                0x08001088   Section        0  usart6.o(i.DMA2_Stream1_IRQHandler)
    i.DMA2_Stream5_IRQHandler                0x080010b4   Section        0  usart1.o(i.DMA2_Stream5_IRQHandler)
    i.DMA_ClearFlag                          0x080010e8   Section        0  stm32f4xx_dma.o(i.DMA_ClearFlag)
    i.DMA_ClearITPendingBit                  0x0800111c   Section        0  stm32f4xx_dma.o(i.DMA_ClearITPendingBit)
    i.DMA_Cmd                                0x08001150   Section        0  stm32f4xx_dma.o(i.DMA_Cmd)
    i.DMA_DeInit                             0x08001168   Section        0  stm32f4xx_dma.o(i.DMA_DeInit)
    i.DMA_GetCurrDataCounter                 0x080012c0   Section        0  stm32f4xx_dma.o(i.DMA_GetCurrDataCounter)
    i.DMA_GetITStatus                        0x080012c8   Section        0  stm32f4xx_dma.o(i.DMA_GetITStatus)
    i.DMA_ITConfig                           0x0800132c   Section        0  stm32f4xx_dma.o(i.DMA_ITConfig)
    i.DMA_Init                               0x08001368   Section        0  stm32f4xx_dma.o(i.DMA_Init)
    i.DMA_SetCurrDataCounter                 0x080013c0   Section        0  stm32f4xx_dma.o(i.DMA_SetCurrDataCounter)
    i.DebugMon_Handler                       0x080013c4   Section        0  stm32f4xx_it.o(i.DebugMon_Handler)
    i.GPIO_Init                              0x080013c6   Section        0  stm32f4xx_gpio.o(i.GPIO_Init)
    i.GPIO_PinAFConfig                       0x08001456   Section        0  stm32f4xx_gpio.o(i.GPIO_PinAFConfig)
    i.GimbalControlTask                      0x0800149c   Section        0  gimbal.o(i.GimbalControlTask)
    i.HardFault_Handler                      0x080014f4   Section        0  stm32f4xx_it.o(i.HardFault_Handler)
    i.IncrementPid_tLimit                    0x080014f8   Section        0  pid.o(i.IncrementPid_tLimit)
    i.InitCan1                               0x08001520   Section        0  can1.o(i.InitCan1)
    i.InitCan1NVIC                           0x08001600   Section        0  can1.o(i.InitCan1NVIC)
    i.InitChassisControlTask                 0x08001620   Section        0  chassis.o(i.InitChassisControlTask)
    i.InitControlTask                        0x08001624   Section        0  control_task.o(i.InitControlTask)
    i.InitGimbalControlTask                  0x080016a8   Section        0  gimbal.o(i.InitGimbalControlTask)
    i.InitLed                                0x080016ac   Section        0  led.o(i.InitLed)
    i.InitListenerTask                       0x0800171c   Section        0  listener.o(i.InitListenerTask)
    i.InitRemoterTask                        0x0800174c   Section        0  remoter.o(i.InitRemoterTask)
    i.InitShootTask                          0x0800175c   Section        0  shooter.o(i.InitShootTask)
    i.InitTimer3                             0x08001760   Section        0  timer3.o(i.InitTimer3)
    i.InitTimer3NVIC                         0x080017a0   Section        0  timer3.o(i.InitTimer3NVIC)
    i.InitUsart1                             0x080017d0   Section        0  usart1.o(i.InitUsart1)
    i.InitUsart1DMA                          0x08001874   Section        0  usart1.o(i.InitUsart1DMA)
    i.InitUsart3                             0x080018fc   Section        0  usart3.o(i.InitUsart3)
    i.InitUsartIDLENVIC                      0x08001984   Section        0  usart1.o(i.InitUsartIDLENVIC)
    i.LimitChassisOutput                     0x080019a8   Section        0  chassis.o(i.LimitChassisOutput)
    i.Listen                                 0x080019fc   Section        0  listener.o(i.Listen)
    i.ListenModule                           0x08001a54   Section        0  listener.o(i.ListenModule)
    i.ListenTask                             0x08001a88   Section        0  listener.o(i.ListenTask)
    i.MemManage_Handler                      0x08001a94   Section        0  stm32f4xx_it.o(i.MemManage_Handler)
    i.NMI_Handler                            0x08001a98   Section        0  stm32f4xx_it.o(i.NMI_Handler)
    i.NVIC_Init                              0x08001a9c   Section        0  misc.o(i.NVIC_Init)
    i.NVIC_PriorityGroupConfig               0x08001b14   Section        0  misc.o(i.NVIC_PriorityGroupConfig)
    i.OnModuleStateChanged                   0x08001b28   Section        0  listener.o(i.OnModuleStateChanged)
    i.OnRobotStateSwitch                     0x08001dcc   Section        0  control_task.o(i.OnRobotStateSwitch)
    i.OnSwitchChanged                        0x08001ea8   Section        0  remoter.o(i.OnSwitchChanged)
    i.ParseRemoterData                       0x08001ef8   Section        0  remoter.o(i.ParseRemoterData)
    i.PendSV_Handler                         0x08001fcc   Section        0  stm32f4xx_it.o(i.PendSV_Handler)
    i.RCC_AHB1PeriphClockCmd                 0x08001fd0   Section        0  stm32f4xx_rcc.o(i.RCC_AHB1PeriphClockCmd)
    i.RCC_APB1PeriphClockCmd                 0x08001ff0   Section        0  stm32f4xx_rcc.o(i.RCC_APB1PeriphClockCmd)
    i.RCC_APB2PeriphClockCmd                 0x08002010   Section        0  stm32f4xx_rcc.o(i.RCC_APB2PeriphClockCmd)
    i.RCC_GetClocksFreq                      0x08002030   Section        0  stm32f4xx_rcc.o(i.RCC_GetClocksFreq)
    i.R_ConvertRc2TargetAngle                0x08002118   Section        0  gimbal.o(i.R_ConvertRc2TargetAngle)
    i.R_ConvertRc2TargetSpeed                0x0800211c   Section        0  chassis.o(i.R_ConvertRc2TargetSpeed)
    i.RemoteTask                             0x08002230   Section        0  remoter.o(i.RemoteTask)
    i.RemoterDataCheck                       0x08002274   Section        0  remoter.o(i.RemoterDataCheck)
    i.ResetIncrementPid                      0x080023bc   Section        0  pid.o(i.ResetIncrementPid)
    i.ResetUsart1DMA                         0x0800241c   Section        0  usart1.o(i.ResetUsart1DMA)
    i.SVC_Handler                            0x08002448   Section        0  stm32f4xx_it.o(i.SVC_Handler)
    i.S_ConvertRc2TargetAngle                0x0800244a   Section        0  gimbal.o(i.S_ConvertRc2TargetAngle)
    i.S_ConvertRc2TargetSpeed                0x0800244c   Section        0  chassis.o(i.S_ConvertRc2TargetSpeed)
    i.SaveHistory                            0x08002450   Section        0  control_task.o(i.SaveHistory)
    i.SetRemoteValue                         0x08002484   Section        0  remoter.o(i.SetRemoteValue)
    i.SetSysClock                            0x08002498   Section        0  system_stm32f4xx.o(i.SetSysClock)
    SetSysClock                              0x08002499   Thumb Code   272  system_stm32f4xx.o(i.SetSysClock)
    i.ShootTask                              0x080025b8   Section        0  shooter.o(i.ShootTask)
    i.SysTick_Handler                        0x080025ba   Section        0  stm32f4xx_it.o(i.SysTick_Handler)
    i.SystemInit                             0x080025bc   Section        0  system_stm32f4xx.o(i.SystemInit)
    i.TIM3_IRQHandler                        0x08002624   Section        0  timer3.o(i.TIM3_IRQHandler)
    i.TIM_ClearITPendingBit                  0x08002658   Section        0  stm32f4xx_tim.o(i.TIM_ClearITPendingBit)
    i.TIM_Cmd                                0x0800265e   Section        0  stm32f4xx_tim.o(i.TIM_Cmd)
    i.TIM_GetITStatus                        0x08002676   Section        0  stm32f4xx_tim.o(i.TIM_GetITStatus)
    i.TIM_ITConfig                           0x08002698   Section        0  stm32f4xx_tim.o(i.TIM_ITConfig)
    i.TIM_TimeBaseInit                       0x080026ac   Section        0  stm32f4xx_tim.o(i.TIM_TimeBaseInit)
    i.USART1_IRQHandler                      0x08002730   Section        0  usart1.o(i.USART1_IRQHandler)
    i.USART_Cmd                              0x08002780   Section        0  stm32f4xx_usart.o(i.USART_Cmd)
    i.USART_DMACmd                           0x08002798   Section        0  stm32f4xx_usart.o(i.USART_DMACmd)
    i.USART_GetITStatus                      0x080027aa   Section        0  stm32f4xx_usart.o(i.USART_GetITStatus)
    i.USART_ITConfig                         0x080027fe   Section        0  stm32f4xx_usart.o(i.USART_ITConfig)
    i.USART_Init                             0x08002848   Section        0  stm32f4xx_usart.o(i.USART_Init)
    i.UpdateRobotControlMode                 0x0800291c   Section        0  remoter.o(i.UpdateRobotControlMode)
    i.UpdateRobotFSM                         0x08002a34   Section        0  control_task.o(i.UpdateRobotFSM)
    i.UsageFault_Handler                     0x08002a90   Section        0  stm32f4xx_it.o(i.UsageFault_Handler)
    i._is_digit                              0x08002a94   Section        0  __printf_wp.o(i._is_digit)
    i.delay_ms                               0x08002aa2   Section        0  delay.o(i.delay_ms)
    i.fputc                                  0x08002ac0   Section        0  usart3.o(i.fputc)
    i.main                                   0x08002adc   Section        0  main.o(i.main)
    x$fpl$fpinit                             0x08002aec   Section       10  fpinit.o(x$fpl$fpinit)
    $v0                                      0x08002aec   Number         0  fpinit.o(x$fpl$fpinit)
    .data                                    0x20000000   Section       16  stm32f4xx_rcc.o(.data)
    APBAHBPrescTable                         0x20000000   Data          16  stm32f4xx_rcc.o(.data)
    .data                                    0x20000010   Section        4  can1.o(.data)
    can_cnt                                  0x20000012   Data           2  can1.o(.data)
    .data                                    0x20000014   Section        1  usart1.o(.data)
    .data                                    0x20000018   Section        4  usart3.o(.data)
    .data                                    0x2000001c   Section       59  remoter.o(.data)
    ch0                                      0x2000004a   Data           2  remoter.o(.data)
    ch1                                      0x2000004c   Data           2  remoter.o(.data)
    ch2                                      0x2000004e   Data           2  remoter.o(.data)
    ch3                                      0x20000050   Data           2  remoter.o(.data)
    s1                                       0x20000052   Data           2  remoter.o(.data)
    s2                                       0x20000054   Data           2  remoter.o(.data)
    log_cnt                                  0x20000056   Data           1  remoter.o(.data)
    .data                                    0x20000058   Section       12  listener.o(.data)
    .data                                    0x20000064   Section        4  pid.o(.data)
    error_dev                                0x20000064   Data           4  pid.o(.data)
    .data                                    0x20000068   Section      200  chassis.o(.data)
    speed_fl                                 0x20000128   Data           2  chassis.o(.data)
    speed_fr                                 0x2000012a   Data           2  chassis.o(.data)
    speed_bl                                 0x2000012c   Data           2  chassis.o(.data)
    speed_br                                 0x2000012e   Data           2  chassis.o(.data)
    .data                                    0x20000130   Section        5  control_task.o(.data)
    control_cycle_cnt                        0x20000134   Data           1  control_task.o(.data)
    .bss                                     0x20000138   Section       44  can1.o(.bss)
    .bss                                     0x20000164   Section       18  usart1.o(.bss)
    .bss                                     0x20000176   Section       22  remoter.o(.bss)
    temp                                     0x20000176   Data          22  remoter.o(.bss)
    .bss                                     0x2000018c   Section       96  libspace.o(.bss)
    HEAP                                     0x200001f0   Section     4096  startup_stm32f427xx.o(HEAP)
    Heap_Mem                                 0x200001f0   Data        4096  startup_stm32f427xx.o(HEAP)
    STACK                                    0x200011f0   Section     1024  startup_stm32f427xx.o(STACK)
    Stack_Mem                                0x200011f0   Data        1024  startup_stm32f427xx.o(STACK)
    __initial_sp                             0x200015f0   Data           0  startup_stm32f427xx.o(STACK)

    Global Symbols

    Symbol Name                              Value     Ov Type        Size  Object(Section)

    BuildAttributes$$THM_ISAv4$E$P$D$K$B$S$7EM$VFPi3$EXTD16$VFPS$VFMA$PE$A:L22UL41UL21$X:L11$S22US41US21$IEEE1$IW$USESV6$~STKCKD$USESV7$~SHL$OTIME$ROPI$IEEEJ$EBA8$UX$STANDARDLIB$REQ8$PRES8$EABIv2 0x00000000   Number         0  anon$$obj.o ABSOLUTE
    __ARM_use_no_argv                        0x00000000   Number         0  main.o ABSOLUTE
    _printf_flags                            0x00000000   Number         0  printf_stubs.o ABSOLUTE
    _printf_return_value                     0x00000000   Number         0  printf_stubs.o ABSOLUTE
    _printf_sizespec                         0x00000000   Number         0  printf_stubs.o ABSOLUTE
    _printf_widthprec                        0x00000000   Number         0  printf_stubs.o ABSOLUTE
    __ARM_exceptions_init                     - Undefined Weak Reference
    __alloca_initialize                       - Undefined Weak Reference
    __arm_preinit_                            - Undefined Weak Reference
    __cpp_initialize__aeabi_                  - Undefined Weak Reference
    __cxa_finalize                            - Undefined Weak Reference
    __sigvec_lookup                           - Undefined Weak Reference
    _atexit_init                              - Undefined Weak Reference
    _call_atexit_fns                          - Undefined Weak Reference
    _clock_init                               - Undefined Weak Reference
    _fp_trap_init                             - Undefined Weak Reference
    _fp_trap_shutdown                         - Undefined Weak Reference
    _get_lc_collate                           - Undefined Weak Reference
    _get_lc_ctype                             - Undefined Weak Reference
    _get_lc_monetary                          - Undefined Weak Reference
    _get_lc_time                              - Undefined Weak Reference
    _getenv_init                              - Undefined Weak Reference
    _handle_redirection                       - Undefined Weak Reference
    _init_alloc                               - Undefined Weak Reference
    _init_user_alloc                          - Undefined Weak Reference
    _initio                                   - Undefined Weak Reference
    _mutex_acquire                            - Undefined Weak Reference
    _mutex_release                            - Undefined Weak Reference
    _printf_post_padding                      - Undefined Weak Reference
    _printf_pre_padding                       - Undefined Weak Reference
    _printf_truncate_signed                   - Undefined Weak Reference
    _printf_truncate_unsigned                 - Undefined Weak Reference
    _rand_init                                - Undefined Weak Reference
    _signal_finish                            - Undefined Weak Reference
    _signal_init                              - Undefined Weak Reference
    _terminate_alloc                          - Undefined Weak Reference
    _terminate_user_alloc                     - Undefined Weak Reference
    _terminateio                              - Undefined Weak Reference
    __Vectors_Size                           0x000001ac   Number         0  startup_stm32f427xx.o ABSOLUTE
    __Vectors                                0x08000000   Data           4  startup_stm32f427xx.o(RESET)
    __Vectors_End                            0x080001ac   Data           0  startup_stm32f427xx.o(RESET)
    __main                                   0x080001ad   Thumb Code     8  __main.o(!!!main)
    __scatterload                            0x080001b5   Thumb Code     0  __scatter.o(!!!scatter)
    __scatterload_rt2                        0x080001b5   Thumb Code    44  __scatter.o(!!!scatter)
    __scatterload_rt2_thumb_only             0x080001b5   Thumb Code     0  __scatter.o(!!!scatter)
    __scatterload_null                       0x080001c3   Thumb Code     0  __scatter.o(!!!scatter)
    __decompress                             0x080001e9   Thumb Code    90  __dczerorl2.o(!!dczerorl2)
    __decompress1                            0x080001e9   Thumb Code     0  __dczerorl2.o(!!dczerorl2)
    __scatterload_zeroinit                   0x08000245   Thumb Code    28  __scatter_zi.o(!!handler_zi)
    _printf_percent                          0x08000261   Thumb Code     0  _printf_percent.o(.ARM.Collect$$_printf_percent$$00000000)
    _printf_percent_end                      0x08000261   Thumb Code     0  _printf_percent_end.o(.ARM.Collect$$_printf_percent$$00000017)
    __rt_lib_init                            0x08000265   Thumb Code     0  libinit.o(.ARM.Collect$$libinit$$00000000)
    __rt_lib_init_fp_1                       0x08000267   Thumb Code     0  libinit2.o(.ARM.Collect$$libinit$$00000001)
    __rt_lib_init_alloca_1                   0x0800026b   Thumb Code     0  libinit2.o(.ARM.Collect$$libinit$$0000002E)
    __rt_lib_init_argv_1                     0x0800026b   Thumb Code     0  libinit2.o(.ARM.Collect$$libinit$$0000002C)
    __rt_lib_init_atexit_1                   0x0800026b   Thumb Code     0  libinit2.o(.ARM.Collect$$libinit$$0000001B)
    __rt_lib_init_clock_1                    0x0800026b   Thumb Code     0  libinit2.o(.ARM.Collect$$libinit$$00000021)
    __rt_lib_init_cpp_1                      0x0800026b   Thumb Code     0  libinit2.o(.ARM.Collect$$libinit$$00000032)
    __rt_lib_init_exceptions_1               0x0800026b   Thumb Code     0  libinit2.o(.ARM.Collect$$libinit$$00000030)
    __rt_lib_init_fp_trap_1                  0x0800026b   Thumb Code     0  libinit2.o(.ARM.Collect$$libinit$$0000001F)
    __rt_lib_init_getenv_1                   0x0800026b   Thumb Code     0  libinit2.o(.ARM.Collect$$libinit$$00000023)
    __rt_lib_init_heap_1                     0x0800026b   Thumb Code     0  libinit2.o(.ARM.Collect$$libinit$$0000000A)
    __rt_lib_init_lc_collate_1               0x0800026b   Thumb Code     0  libinit2.o(.ARM.Collect$$libinit$$00000011)
    __rt_lib_init_lc_ctype_1                 0x0800026b   Thumb Code     0  libinit2.o(.ARM.Collect$$libinit$$00000013)
    __rt_lib_init_lc_monetary_1              0x0800026b   Thumb Code     0  libinit2.o(.ARM.Collect$$libinit$$00000015)
    __rt_lib_init_lc_numeric_1               0x0800026b   Thumb Code     0  libinit2.o(.ARM.Collect$$libinit$$00000017)
    __rt_lib_init_lc_time_1                  0x0800026b   Thumb Code     0  libinit2.o(.ARM.Collect$$libinit$$00000019)
    __rt_lib_init_preinit_1                  0x0800026b   Thumb Code     0  libinit2.o(.ARM.Collect$$libinit$$00000004)
    __rt_lib_init_rand_1                     0x0800026b   Thumb Code     0  libinit2.o(.ARM.Collect$$libinit$$0000000E)
    __rt_lib_init_return                     0x0800026b   Thumb Code     0  libinit2.o(.ARM.Collect$$libinit$$00000033)
    __rt_lib_init_signal_1                   0x0800026b   Thumb Code     0  libinit2.o(.ARM.Collect$$libinit$$0000001D)
    __rt_lib_init_stdio_1                    0x0800026b   Thumb Code     0  libinit2.o(.ARM.Collect$$libinit$$00000025)
    __rt_lib_init_user_alloc_1               0x0800026b   Thumb Code     0  libinit2.o(.ARM.Collect$$libinit$$0000000C)
    __rt_lib_shutdown                        0x0800026d   Thumb Code     0  libshutdown.o(.ARM.Collect$$libshutdown$$00000000)
    __rt_lib_shutdown_fp_trap_1              0x0800026f   Thumb Code     0  libshutdown2.o(.ARM.Collect$$libshutdown$$00000006)
    __rt_lib_shutdown_heap_1                 0x0800026f   Thumb Code     0  libshutdown2.o(.ARM.Collect$$libshutdown$$0000000E)
    __rt_lib_shutdown_return                 0x0800026f   Thumb Code     0  libshutdown2.o(.ARM.Collect$$libshutdown$$0000000F)
    __rt_lib_shutdown_signal_1               0x0800026f   Thumb Code     0  libshutdown2.o(.ARM.Collect$$libshutdown$$00000009)
    __rt_lib_shutdown_stdio_1                0x0800026f   Thumb Code     0  libshutdown2.o(.ARM.Collect$$libshutdown$$00000003)
    __rt_lib_shutdown_user_alloc_1           0x0800026f   Thumb Code     0  libshutdown2.o(.ARM.Collect$$libshutdown$$0000000B)
    __rt_entry                               0x08000271   Thumb Code     0  __rtentry.o(.ARM.Collect$$rtentry$$00000000)
    __rt_entry_presh_1                       0x08000271   Thumb Code     0  __rtentry2.o(.ARM.Collect$$rtentry$$00000002)
    __rt_entry_sh                            0x08000271   Thumb Code     0  __rtentry4.o(.ARM.Collect$$rtentry$$00000004)
    __rt_entry_li                            0x08000277   Thumb Code     0  __rtentry2.o(.ARM.Collect$$rtentry$$0000000A)
    __rt_entry_postsh_1                      0x08000277   Thumb Code     0  __rtentry2.o(.ARM.Collect$$rtentry$$00000009)
    __rt_entry_main                          0x0800027b   Thumb Code     0  __rtentry2.o(.ARM.Collect$$rtentry$$0000000D)
    __rt_entry_postli_1                      0x0800027b   Thumb Code     0  __rtentry2.o(.ARM.Collect$$rtentry$$0000000C)
    __rt_exit                                0x08000283   Thumb Code     0  rtexit.o(.ARM.Collect$$rtexit$$00000000)
    __rt_exit_ls                             0x08000285   Thumb Code     0  rtexit2.o(.ARM.Collect$$rtexit$$00000003)
    __rt_exit_prels_1                        0x08000285   Thumb Code     0  rtexit2.o(.ARM.Collect$$rtexit$$00000002)
    __rt_exit_exit                           0x08000289   Thumb Code     0  rtexit2.o(.ARM.Collect$$rtexit$$00000004)
    Reset_Handler                            0x08000291   Thumb Code     8  startup_stm32f427xx.o(.text)
    ADC_IRQHandler                           0x080002ab   Thumb Code     0  startup_stm32f427xx.o(.text)
    CAN1_RX1_IRQHandler                      0x080002ab   Thumb Code     0  startup_stm32f427xx.o(.text)
    CAN1_SCE_IRQHandler                      0x080002ab   Thumb Code     0  startup_stm32f427xx.o(.text)
    CAN1_TX_IRQHandler                       0x080002ab   Thumb Code     0  startup_stm32f427xx.o(.text)
    CAN2_RX0_IRQHandler                      0x080002ab   Thumb Code     0  startup_stm32f427xx.o(.text)
    CAN2_RX1_IRQHandler                      0x080002ab   Thumb Code     0  startup_stm32f427xx.o(.text)
    CAN2_SCE_IRQHandler                      0x080002ab   Thumb Code     0  startup_stm32f427xx.o(.text)
    CAN2_TX_IRQHandler                       0x080002ab   Thumb Code     0  startup_stm32f427xx.o(.text)
    DCMI_IRQHandler                          0x080002ab   Thumb Code     0  startup_stm32f427xx.o(.text)
    DMA1_Stream0_IRQHandler                  0x080002ab   Thumb Code     0  startup_stm32f427xx.o(.text)
    DMA1_Stream1_IRQHandler                  0x080002ab   Thumb Code     0  startup_stm32f427xx.o(.text)
    DMA1_Stream2_IRQHandler                  0x080002ab   Thumb Code     0  startup_stm32f427xx.o(.text)
    DMA1_Stream3_IRQHandler                  0x080002ab   Thumb Code     0  startup_stm32f427xx.o(.text)
    DMA1_Stream4_IRQHandler                  0x080002ab   Thumb Code     0  startup_stm32f427xx.o(.text)
    DMA1_Stream5_IRQHandler                  0x080002ab   Thumb Code     0  startup_stm32f427xx.o(.text)
    DMA1_Stream6_IRQHandler                  0x080002ab   Thumb Code     0  startup_stm32f427xx.o(.text)
    DMA1_Stream7_IRQHandler                  0x080002ab   Thumb Code     0  startup_stm32f427xx.o(.text)
    DMA2D_IRQHandler                         0x080002ab   Thumb Code     0  startup_stm32f427xx.o(.text)
    DMA2_Stream0_IRQHandler                  0x080002ab   Thumb Code     0  startup_stm32f427xx.o(.text)
    DMA2_Stream2_IRQHandler                  0x080002ab   Thumb Code     0  startup_stm32f427xx.o(.text)
    DMA2_Stream3_IRQHandler                  0x080002ab   Thumb Code     0  startup_stm32f427xx.o(.text)
    DMA2_Stream4_IRQHandler                  0x080002ab   Thumb Code     0  startup_stm32f427xx.o(.text)
    DMA2_Stream6_IRQHandler                  0x080002ab   Thumb Code     0  startup_stm32f427xx.o(.text)
    DMA2_Stream7_IRQHandler                  0x080002ab   Thumb Code     0  startup_stm32f427xx.o(.text)
    ETH_IRQHandler                           0x080002ab   Thumb Code     0  startup_stm32f427xx.o(.text)
    ETH_WKUP_IRQHandler                      0x080002ab   Thumb Code     0  startup_stm32f427xx.o(.text)
    EXTI0_IRQHandler                         0x080002ab   Thumb Code     0  startup_stm32f427xx.o(.text)
    EXTI15_10_IRQHandler                     0x080002ab   Thumb Code     0  startup_stm32f427xx.o(.text)
    EXTI1_IRQHandler                         0x080002ab   Thumb Code     0  startup_stm32f427xx.o(.text)
    EXTI2_IRQHandler                         0x080002ab   Thumb Code     0  startup_stm32f427xx.o(.text)
    EXTI3_IRQHandler                         0x080002ab   Thumb Code     0  startup_stm32f427xx.o(.text)
    EXTI4_IRQHandler                         0x080002ab   Thumb Code     0  startup_stm32f427xx.o(.text)
    EXTI9_5_IRQHandler                       0x080002ab   Thumb Code     0  startup_stm32f427xx.o(.text)
    FLASH_IRQHandler                         0x080002ab   Thumb Code     0  startup_stm32f427xx.o(.text)
    FMC_IRQHandler                           0x080002ab   Thumb Code     0  startup_stm32f427xx.o(.text)
    FPU_IRQHandler                           0x080002ab   Thumb Code     0  startup_stm32f427xx.o(.text)
    HASH_RNG_IRQHandler                      0x080002ab   Thumb Code     0  startup_stm32f427xx.o(.text)
    I2C1_ER_IRQHandler                       0x080002ab   Thumb Code     0  startup_stm32f427xx.o(.text)
    I2C1_EV_IRQHandler                       0x080002ab   Thumb Code     0  startup_stm32f427xx.o(.text)
    I2C2_ER_IRQHandler                       0x080002ab   Thumb Code     0  startup_stm32f427xx.o(.text)
    I2C2_EV_IRQHandler                       0x080002ab   Thumb Code     0  startup_stm32f427xx.o(.text)
    I2C3_ER_IRQHandler                       0x080002ab   Thumb Code     0  startup_stm32f427xx.o(.text)
    I2C3_EV_IRQHandler                       0x080002ab   Thumb Code     0  startup_stm32f427xx.o(.text)
    OTG_FS_IRQHandler                        0x080002ab   Thumb Code     0  startup_stm32f427xx.o(.text)
    OTG_FS_WKUP_IRQHandler                   0x080002ab   Thumb Code     0  startup_stm32f427xx.o(.text)
    OTG_HS_EP1_IN_IRQHandler                 0x080002ab   Thumb Code     0  startup_stm32f427xx.o(.text)
    OTG_HS_EP1_OUT_IRQHandler                0x080002ab   Thumb Code     0  startup_stm32f427xx.o(.text)
    OTG_HS_IRQHandler                        0x080002ab   Thumb Code     0  startup_stm32f427xx.o(.text)
    OTG_HS_WKUP_IRQHandler                   0x080002ab   Thumb Code     0  startup_stm32f427xx.o(.text)
    PVD_IRQHandler                           0x080002ab   Thumb Code     0  startup_stm32f427xx.o(.text)
    RCC_IRQHandler                           0x080002ab   Thumb Code     0  startup_stm32f427xx.o(.text)
    RTC_Alarm_IRQHandler                     0x080002ab   Thumb Code     0  startup_stm32f427xx.o(.text)
    RTC_WKUP_IRQHandler                      0x080002ab   Thumb Code     0  startup_stm32f427xx.o(.text)
    SAI1_IRQHandler                          0x080002ab   Thumb Code     0  startup_stm32f427xx.o(.text)
    SDIO_IRQHandler                          0x080002ab   Thumb Code     0  startup_stm32f427xx.o(.text)
    SPI1_IRQHandler                          0x080002ab   Thumb Code     0  startup_stm32f427xx.o(.text)
    SPI2_IRQHandler                          0x080002ab   Thumb Code     0  startup_stm32f427xx.o(.text)
    SPI3_IRQHandler                          0x080002ab   Thumb Code     0  startup_stm32f427xx.o(.text)
    SPI4_IRQHandler                          0x080002ab   Thumb Code     0  startup_stm32f427xx.o(.text)
    SPI5_IRQHandler                          0x080002ab   Thumb Code     0  startup_stm32f427xx.o(.text)
    SPI6_IRQHandler                          0x080002ab   Thumb Code     0  startup_stm32f427xx.o(.text)
    TAMP_STAMP_IRQHandler                    0x080002ab   Thumb Code     0  startup_stm32f427xx.o(.text)
    TIM1_BRK_TIM9_IRQHandler                 0x080002ab   Thumb Code     0  startup_stm32f427xx.o(.text)
    TIM1_CC_IRQHandler                       0x080002ab   Thumb Code     0  startup_stm32f427xx.o(.text)
    TIM1_TRG_COM_TIM11_IRQHandler            0x080002ab   Thumb Code     0  startup_stm32f427xx.o(.text)
    TIM1_UP_TIM10_IRQHandler                 0x080002ab   Thumb Code     0  startup_stm32f427xx.o(.text)
    TIM2_IRQHandler                          0x080002ab   Thumb Code     0  startup_stm32f427xx.o(.text)
    TIM4_IRQHandler                          0x080002ab   Thumb Code     0  startup_stm32f427xx.o(.text)
    TIM5_IRQHandler                          0x080002ab   Thumb Code     0  startup_stm32f427xx.o(.text)
    TIM6_DAC_IRQHandler                      0x080002ab   Thumb Code     0  startup_stm32f427xx.o(.text)
    TIM7_IRQHandler                          0x080002ab   Thumb Code     0  startup_stm32f427xx.o(.text)
    TIM8_BRK_TIM12_IRQHandler                0x080002ab   Thumb Code     0  startup_stm32f427xx.o(.text)
    TIM8_CC_IRQHandler                       0x080002ab   Thumb Code     0  startup_stm32f427xx.o(.text)
    TIM8_TRG_COM_TIM14_IRQHandler            0x080002ab   Thumb Code     0  startup_stm32f427xx.o(.text)
    TIM8_UP_TIM13_IRQHandler                 0x080002ab   Thumb Code     0  startup_stm32f427xx.o(.text)
    UART4_IRQHandler                         0x080002ab   Thumb Code     0  startup_stm32f427xx.o(.text)
    UART5_IRQHandler                         0x080002ab   Thumb Code     0  startup_stm32f427xx.o(.text)
    UART7_IRQHandler                         0x080002ab   Thumb Code     0  startup_stm32f427xx.o(.text)
    UART8_IRQHandler                         0x080002ab   Thumb Code     0  startup_stm32f427xx.o(.text)
    USART2_IRQHandler                        0x080002ab   Thumb Code     0  startup_stm32f427xx.o(.text)
    USART3_IRQHandler                        0x080002ab   Thumb Code     0  startup_stm32f427xx.o(.text)
    USART6_IRQHandler                        0x080002ab   Thumb Code     0  startup_stm32f427xx.o(.text)
    WWDG_IRQHandler                          0x080002ab   Thumb Code     0  startup_stm32f427xx.o(.text)
    __user_initial_stackheap                 0x080002ad   Thumb Code     0  startup_stm32f427xx.o(.text)
    __2printf                                0x080002d1   Thumb Code    20  noretval__2printf.o(.text)
    __printf                                 0x080002e9   Thumb Code   270  __printf_wp.o(.text)
    __aeabi_memcpy                           0x080003f7   Thumb Code     0  rt_memcpy_v6.o(.text)
    __rt_memcpy                              0x080003f7   Thumb Code   138  rt_memcpy_v6.o(.text)
    _memcpy_lastbytes                        0x0800045d   Thumb Code     0  rt_memcpy_v6.o(.text)
    __aeabi_memclr                           0x08000481   Thumb Code     0  rt_memclr.o(.text)
    __rt_memclr                              0x08000481   Thumb Code    68  rt_memclr.o(.text)
    _memset                                  0x08000485   Thumb Code     0  rt_memclr.o(.text)
    __use_two_region_memory                  0x080004c5   Thumb Code     2  heapauxi.o(.text)
    __rt_heap_escrow$2region                 0x080004c7   Thumb Code     2  heapauxi.o(.text)
    __rt_heap_expand$2region                 0x080004c9   Thumb Code     2  heapauxi.o(.text)
    _printf_char_file                        0x080004cd   Thumb Code    32  _printf_char_file.o(.text)
    __aeabi_memcpy4                          0x080004f1   Thumb Code     0  rt_memcpy_w.o(.text)
    __aeabi_memcpy8                          0x080004f1   Thumb Code     0  rt_memcpy_w.o(.text)
    __rt_memcpy_w                            0x080004f1   Thumb Code   100  rt_memcpy_w.o(.text)
    _memcpy_lastbytes_aligned                0x08000539   Thumb Code     0  rt_memcpy_w.o(.text)
    __aeabi_memclr4                          0x08000555   Thumb Code     0  rt_memclr_w.o(.text)
    __aeabi_memclr8                          0x08000555   Thumb Code     0  rt_memclr_w.o(.text)
    __rt_memclr_w                            0x08000555   Thumb Code    78  rt_memclr_w.o(.text)
    _memset_w                                0x08000559   Thumb Code     0  rt_memclr_w.o(.text)
    _printf_char_common                      0x080005af   Thumb Code    32  _printf_char_common.o(.text)
    ferror                                   0x080005d5   Thumb Code     8  ferror.o(.text)
    __user_libspace                          0x080005dd   Thumb Code     8  libspace.o(.text)
    __user_perproc_libspace                  0x080005dd   Thumb Code     0  libspace.o(.text)
    __user_perthread_libspace                0x080005dd   Thumb Code     0  libspace.o(.text)
    __user_setup_stackheap                   0x080005e5   Thumb Code    74  sys_stackheap_outer.o(.text)
    exit                                     0x0800062f   Thumb Code    12  exit.o(.text)
    _sys_exit                                0x0800063d   Thumb Code     8  sys_exit.o(.text)
    __I$use$semihosting                      0x08000649   Thumb Code     0  use_no_semi.o(.text)
    __use_no_semihosting_swi                 0x08000649   Thumb Code     2  use_no_semi.o(.text)
    A_ConvertRc2TargetAngle                  0x0800064b   Thumb Code     2  gimbal.o(i.A_ConvertRc2TargetAngle)
    __semihosting_library_function           0x0800064b   Thumb Code     0  indicate_semi.o(.text)
    A_ConvertRc2TargetSpeed                  0x0800064d   Thumb Code     2  chassis.o(i.A_ConvertRc2TargetSpeed)
    BusFault_Handler                         0x0800064f   Thumb Code     4  stm32f4xx_it.o(i.BusFault_Handler)
    CAN1_RX0_IRQHandler                      0x08000655   Thumb Code   288  can1.o(i.CAN1_RX0_IRQHandler)
    CAN_ClearITPendingBit                    0x0800078d   Thumb Code   162  stm32f4xx_can.o(i.CAN_ClearITPendingBit)
    CAN_FilterInit                           0x08000835   Thumb Code   258  stm32f4xx_can.o(i.CAN_FilterInit)
    CAN_GetITStatus                          0x0800093d   Thumb Code   284  stm32f4xx_can.o(i.CAN_GetITStatus)
    CAN_ITConfig                             0x08000a5d   Thumb Code    18  stm32f4xx_can.o(i.CAN_ITConfig)
    CAN_Init                                 0x08000a6f   Thumb Code   276  stm32f4xx_can.o(i.CAN_Init)
    CAN_Receive                              0x08000b83   Thumb Code   240  stm32f4xx_can.o(i.CAN_Receive)
    CAN_Transmit                             0x08000c73   Thumb Code   294  stm32f4xx_can.o(i.CAN_Transmit)
    CalcChassisPID                           0x08000d99   Thumb Code    28  chassis.o(i.CalcChassisPID)
    CalcIncrementPid                         0x08000dc5   Thumb Code   186  pid.o(i.CalcIncrementPid)
    Can1SendMsg2Chassis                      0x08000e89   Thumb Code    94  can1.o(i.Can1SendMsg2Chassis)
    ChassisControlTask                       0x08000eed   Thumb Code   204  chassis.o(i.ChassisControlTask)
    ControlTask                              0x08001009   Thumb Code   116  control_task.o(i.ControlTask)
    DMA2_Stream1_IRQHandler                  0x08001089   Thumb Code    30  usart6.o(i.DMA2_Stream1_IRQHandler)
    DMA2_Stream5_IRQHandler                  0x080010b5   Thumb Code    36  usart1.o(i.DMA2_Stream5_IRQHandler)
    DMA_ClearFlag                            0x080010e9   Thumb Code    38  stm32f4xx_dma.o(i.DMA_ClearFlag)
    DMA_ClearITPendingBit                    0x0800111d   Thumb Code    38  stm32f4xx_dma.o(i.DMA_ClearITPendingBit)
    DMA_Cmd                                  0x08001151   Thumb Code    22  stm32f4xx_dma.o(i.DMA_Cmd)
    DMA_DeInit                               0x08001169   Thumb Code   324  stm32f4xx_dma.o(i.DMA_DeInit)
    DMA_GetCurrDataCounter                   0x080012c1   Thumb Code     8  stm32f4xx_dma.o(i.DMA_GetCurrDataCounter)
    DMA_GetITStatus                          0x080012c9   Thumb Code    82  stm32f4xx_dma.o(i.DMA_GetITStatus)
    DMA_ITConfig                             0x0800132d   Thumb Code    58  stm32f4xx_dma.o(i.DMA_ITConfig)
    DMA_Init                                 0x08001369   Thumb Code    82  stm32f4xx_dma.o(i.DMA_Init)
    DMA_SetCurrDataCounter                   0x080013c1   Thumb Code     4  stm32f4xx_dma.o(i.DMA_SetCurrDataCounter)
    DebugMon_Handler                         0x080013c5   Thumb Code     2  stm32f4xx_it.o(i.DebugMon_Handler)
    GPIO_Init                                0x080013c7   Thumb Code   144  stm32f4xx_gpio.o(i.GPIO_Init)
    GPIO_PinAFConfig                         0x08001457   Thumb Code    70  stm32f4xx_gpio.o(i.GPIO_PinAFConfig)
    GimbalControlTask                        0x0800149d   Thumb Code    48  gimbal.o(i.GimbalControlTask)
    HardFault_Handler                        0x080014f5   Thumb Code     4  stm32f4xx_it.o(i.HardFault_Handler)
    IncrementPid_tLimit                      0x080014f9   Thumb Code    40  pid.o(i.IncrementPid_tLimit)
    InitCan1                                 0x08001521   Thumb Code   214  can1.o(i.InitCan1)
    InitCan1NVIC                             0x08001601   Thumb Code    32  can1.o(i.InitCan1NVIC)
    InitChassisControlTask                   0x08001621   Thumb Code     2  chassis.o(i.InitChassisControlTask)
    InitControlTask                          0x08001625   Thumb Code    94  control_task.o(i.InitControlTask)
    InitGimbalControlTask                    0x080016a9   Thumb Code     2  gimbal.o(i.InitGimbalControlTask)
    InitLed                                  0x080016ad   Thumb Code    94  led.o(i.InitLed)
    InitListenerTask                         0x0800171d   Thumb Code    34  listener.o(i.InitListenerTask)
    InitRemoterTask                          0x0800174d   Thumb Code    12  remoter.o(i.InitRemoterTask)
    InitShootTask                            0x0800175d   Thumb Code     2  shooter.o(i.InitShootTask)
    InitTimer3                               0x08001761   Thumb Code    60  timer3.o(i.InitTimer3)
    InitTimer3NVIC                           0x080017a1   Thumb Code    42  timer3.o(i.InitTimer3NVIC)
    InitUsart1                               0x080017d1   Thumb Code   146  usart1.o(i.InitUsart1)
    InitUsart1DMA                            0x08001875   Thumb Code   122  usart1.o(i.InitUsart1DMA)
    InitUsart3                               0x080018fd   Thumb Code   126  usart3.o(i.InitUsart3)
    InitUsartIDLENVIC                        0x08001985   Thumb Code    34  usart1.o(i.InitUsartIDLENVIC)
    LimitChassisOutput                       0x080019a9   Thumb Code    60  chassis.o(i.LimitChassisOutput)
    Listen                                   0x080019fd   Thumb Code    78  listener.o(i.Listen)
    ListenModule                             0x08001a55   Thumb Code    52  listener.o(i.ListenModule)
    ListenTask                               0x08001a89   Thumb Code    12  listener.o(i.ListenTask)
    MemManage_Handler                        0x08001a95   Thumb Code     4  stm32f4xx_it.o(i.MemManage_Handler)
    NMI_Handler                              0x08001a99   Thumb Code     2  stm32f4xx_it.o(i.NMI_Handler)
    NVIC_Init                                0x08001a9d   Thumb Code   106  misc.o(i.NVIC_Init)
    NVIC_PriorityGroupConfig                 0x08001b15   Thumb Code    10  misc.o(i.NVIC_PriorityGroupConfig)
    OnModuleStateChanged                     0x08001b29   Thumb Code   390  listener.o(i.OnModuleStateChanged)
    OnRobotStateSwitch                       0x08001dcd   Thumb Code    72  control_task.o(i.OnRobotStateSwitch)
    OnSwitchChanged                          0x08001ea9   Thumb Code    54  remoter.o(i.OnSwitchChanged)
    ParseRemoterData                         0x08001ef9   Thumb Code   184  remoter.o(i.ParseRemoterData)
    PendSV_Handler                           0x08001fcd   Thumb Code     2  stm32f4xx_it.o(i.PendSV_Handler)
    RCC_AHB1PeriphClockCmd                   0x08001fd1   Thumb Code    26  stm32f4xx_rcc.o(i.RCC_AHB1PeriphClockCmd)
    RCC_APB1PeriphClockCmd                   0x08001ff1   Thumb Code    26  stm32f4xx_rcc.o(i.RCC_APB1PeriphClockCmd)
    RCC_APB2PeriphClockCmd                   0x08002011   Thumb Code    26  stm32f4xx_rcc.o(i.RCC_APB2PeriphClockCmd)
    RCC_GetClocksFreq                        0x08002031   Thumb Code   214  stm32f4xx_rcc.o(i.RCC_GetClocksFreq)
    R_ConvertRc2TargetAngle                  0x08002119   Thumb Code     2  gimbal.o(i.R_ConvertRc2TargetAngle)
    R_ConvertRc2TargetSpeed                  0x0800211d   Thumb Code   238  chassis.o(i.R_ConvertRc2TargetSpeed)
    RemoteTask                               0x08002231   Thumb Code    58  remoter.o(i.RemoteTask)
    RemoterDataCheck                         0x08002275   Thumb Code   314  remoter.o(i.RemoterDataCheck)
    ResetIncrementPid                        0x080023bd   Thumb Code    92  pid.o(i.ResetIncrementPid)
    ResetUsart1DMA                           0x0800241d   Thumb Code    34  usart1.o(i.ResetUsart1DMA)
    SVC_Handler                              0x08002449   Thumb Code     2  stm32f4xx_it.o(i.SVC_Handler)
    S_ConvertRc2TargetAngle                  0x0800244b   Thumb Code     2  gimbal.o(i.S_ConvertRc2TargetAngle)
    S_ConvertRc2TargetSpeed                  0x0800244d   Thumb Code     2  chassis.o(i.S_ConvertRc2TargetSpeed)
    SaveHistory                              0x08002451   Thumb Code    30  control_task.o(i.SaveHistory)
    SetRemoteValue                           0x08002485   Thumb Code    20  remoter.o(i.SetRemoteValue)
    ShootTask                                0x080025b9   Thumb Code     2  shooter.o(i.ShootTask)
    SysTick_Handler                          0x080025bb   Thumb Code     2  stm32f4xx_it.o(i.SysTick_Handler)
    SystemInit                               0x080025bd   Thumb Code    88  system_stm32f4xx.o(i.SystemInit)
    TIM3_IRQHandler                          0x08002625   Thumb Code    38  timer3.o(i.TIM3_IRQHandler)
    TIM_ClearITPendingBit                    0x08002659   Thumb Code     6  stm32f4xx_tim.o(i.TIM_ClearITPendingBit)
    TIM_Cmd                                  0x0800265f   Thumb Code    24  stm32f4xx_tim.o(i.TIM_Cmd)
    TIM_GetITStatus                          0x08002677   Thumb Code    34  stm32f4xx_tim.o(i.TIM_GetITStatus)
    TIM_ITConfig                             0x08002699   Thumb Code    18  stm32f4xx_tim.o(i.TIM_ITConfig)
    TIM_TimeBaseInit                         0x080026ad   Thumb Code   104  stm32f4xx_tim.o(i.TIM_TimeBaseInit)
    USART1_IRQHandler                        0x08002731   Thumb Code    66  usart1.o(i.USART1_IRQHandler)
    USART_Cmd                                0x08002781   Thumb Code    24  stm32f4xx_usart.o(i.USART_Cmd)
    USART_DMACmd                             0x08002799   Thumb Code    18  stm32f4xx_usart.o(i.USART_DMACmd)
    USART_GetITStatus                        0x080027ab   Thumb Code    84  stm32f4xx_usart.o(i.USART_GetITStatus)
    USART_ITConfig                           0x080027ff   Thumb Code    74  stm32f4xx_usart.o(i.USART_ITConfig)
    USART_Init                               0x08002849   Thumb Code   204  stm32f4xx_usart.o(i.USART_Init)
    UpdateRobotControlMode                   0x0800291d   Thumb Code   108  remoter.o(i.UpdateRobotControlMode)
    UpdateRobotFSM                           0x08002a35   Thumb Code    78  control_task.o(i.UpdateRobotFSM)
    UsageFault_Handler                       0x08002a91   Thumb Code     4  stm32f4xx_it.o(i.UsageFault_Handler)
    _is_digit                                0x08002a95   Thumb Code    14  __printf_wp.o(i._is_digit)
    delay_ms                                 0x08002aa3   Thumb Code    28  delay.o(i.delay_ms)
    fputc                                    0x08002ac1   Thumb Code    24  usart3.o(i.fputc)
    main                                     0x08002add   Thumb Code    16  main.o(i.main)
    _fp_init                                 0x08002aed   Thumb Code    10  fpinit.o(x$fpl$fpinit)
    __fplib_config_fpu_vfp                   0x08002af5   Thumb Code     0  fpinit.o(x$fpl$fpinit)
    __fplib_config_pureend_doubles           0x08002af5   Thumb Code     0  fpinit.o(x$fpl$fpinit)
    Region$$Table$$Base                      0x08002af8   Number         0  anon$$obj.o(Region$$Table)
    Region$$Table$$Limit                     0x08002b18   Number         0  anon$$obj.o(Region$$Table)
    wait_can_init_ok                         0x20000010   Data           1  can1.o(.data)
    is_remote_received                       0x20000014   Data           1  usart1.o(.data)
    __stdout                                 0x20000018   Data           4  usart3.o(.data)
    remote_controller                        0x2000001c   Data          22  remoter.o(.data)
    old_remote_controller                    0x20000032   Data          22  remoter.o(.data)
    is_remote_valid                          0x20000048   Data           1  remoter.o(.data)
    listen_cnt                               0x20000058   Data           8  listener.o(.data)
    ONLINE_FLAG                              0x20000060   Data           2  listener.o(.data)
    OLD_ONLINE_FLAG                          0x20000062   Data           2  listener.o(.data)
    fl_pid                                   0x20000068   Data          48  chassis.o(.data)
    fr_pid                                   0x20000098   Data          48  chassis.o(.data)
    bl_pid                                   0x200000c8   Data          48  chassis.o(.data)
    br_pid                                   0x200000f8   Data          48  chassis.o(.data)
    robot_FSM                                0x20000130   Data           3  control_task.o(.data)
    init_done_flag                           0x20000133   Data           1  control_task.o(.data)
    motor_speed_arr                          0x20000138   Data          14  can1.o(.bss)
    can_rx_cnt_arr                           0x20000148   Data          28  can1.o(.bss)
    sbus_rx_buffer                           0x20000164   Data          18  usart1.o(.bss)
    __libspace_start                         0x2000018c   Data          96  libspace.o(.bss)
    __temporary_stack_top$libspace           0x200001ec   Data           0  libspace.o(.bss)



==============================================================================

Memory Map of the image

  Image Entry point : 0x080001ad

  Load Region LR_IROM1 (Base: 0x08000000, Size: 0x00002c50, Max: 0x00200000, ABSOLUTE, COMPRESSED[0x00002b38])

    Execution Region ER_IROM1 (Base: 0x08000000, Size: 0x00002b18, Max: 0x00200000, ABSOLUTE)

    Base Addr    Size         Type   Attr      Idx    E Section Name        Object

    0x08000000   0x000001ac   Data   RO         4857    RESET               startup_stm32f427xx.o
    0x080001ac   0x00000008   Code   RO         5830  * !!!main             c_w.l(__main.o)
    0x080001b4   0x00000034   Code   RO         6059    !!!scatter          c_w.l(__scatter.o)
    0x080001e8   0x0000005a   Code   RO         6057    !!dczerorl2         c_w.l(__dczerorl2.o)
    0x08000242   0x00000002   PAD
    0x08000244   0x0000001c   Code   RO         6061    !!handler_zi        c_w.l(__scatter_zi.o)
    0x08000260   0x00000000   Code   RO         5823    .ARM.Collect$$_printf_percent$$00000000  c_w.l(_printf_percent.o)
    0x08000260   0x00000004   Code   RO         5843    .ARM.Collect$$_printf_percent$$00000017  c_w.l(_printf_percent_end.o)
    0x08000264   0x00000002   Code   RO         5931    .ARM.Collect$$libinit$$00000000  c_w.l(libinit.o)
    0x08000266   0x00000004   Code   RO         5932    .ARM.Collect$$libinit$$00000001  c_w.l(libinit2.o)
    0x0800026a   0x00000000   Code   RO         5935    .ARM.Collect$$libinit$$00000004  c_w.l(libinit2.o)
    0x0800026a   0x00000000   Code   RO         5938    .ARM.Collect$$libinit$$0000000A  c_w.l(libinit2.o)
    0x0800026a   0x00000000   Code   RO         5940    .ARM.Collect$$libinit$$0000000C  c_w.l(libinit2.o)
    0x0800026a   0x00000000   Code   RO         5942    .ARM.Collect$$libinit$$0000000E  c_w.l(libinit2.o)
    0x0800026a   0x00000000   Code   RO         5945    .ARM.Collect$$libinit$$00000011  c_w.l(libinit2.o)
    0x0800026a   0x00000000   Code   RO         5947    .ARM.Collect$$libinit$$00000013  c_w.l(libinit2.o)
    0x0800026a   0x00000000   Code   RO         5949    .ARM.Collect$$libinit$$00000015  c_w.l(libinit2.o)
    0x0800026a   0x00000000   Code   RO         5951    .ARM.Collect$$libinit$$00000017  c_w.l(libinit2.o)
    0x0800026a   0x00000000   Code   RO         5953    .ARM.Collect$$libinit$$00000019  c_w.l(libinit2.o)
    0x0800026a   0x00000000   Code   RO         5955    .ARM.Collect$$libinit$$0000001B  c_w.l(libinit2.o)
    0x0800026a   0x00000000   Code   RO         5957    .ARM.Collect$$libinit$$0000001D  c_w.l(libinit2.o)
    0x0800026a   0x00000000   Code   RO         5959    .ARM.Collect$$libinit$$0000001F  c_w.l(libinit2.o)
    0x0800026a   0x00000000   Code   RO         5961    .ARM.Collect$$libinit$$00000021  c_w.l(libinit2.o)
    0x0800026a   0x00000000   Code   RO         5963    .ARM.Collect$$libinit$$00000023  c_w.l(libinit2.o)
    0x0800026a   0x00000000   Code   RO         5965    .ARM.Collect$$libinit$$00000025  c_w.l(libinit2.o)
    0x0800026a   0x00000000   Code   RO         5969    .ARM.Collect$$libinit$$0000002C  c_w.l(libinit2.o)
    0x0800026a   0x00000000   Code   RO         5971    .ARM.Collect$$libinit$$0000002E  c_w.l(libinit2.o)
    0x0800026a   0x00000000   Code   RO         5973    .ARM.Collect$$libinit$$00000030  c_w.l(libinit2.o)
    0x0800026a   0x00000000   Code   RO         5975    .ARM.Collect$$libinit$$00000032  c_w.l(libinit2.o)
    0x0800026a   0x00000002   Code   RO         5976    .ARM.Collect$$libinit$$00000033  c_w.l(libinit2.o)
    0x0800026c   0x00000002   Code   RO         6006    .ARM.Collect$$libshutdown$$00000000  c_w.l(libshutdown.o)
    0x0800026e   0x00000000   Code   RO         6018    .ARM.Collect$$libshutdown$$00000003  c_w.l(libshutdown2.o)
    0x0800026e   0x00000000   Code   RO         6021    .ARM.Collect$$libshutdown$$00000006  c_w.l(libshutdown2.o)
    0x0800026e   0x00000000   Code   RO         6024    .ARM.Collect$$libshutdown$$00000009  c_w.l(libshutdown2.o)
    0x0800026e   0x00000000   Code   RO         6026    .ARM.Collect$$libshutdown$$0000000B  c_w.l(libshutdown2.o)
    0x0800026e   0x00000000   Code   RO         6029    .ARM.Collect$$libshutdown$$0000000E  c_w.l(libshutdown2.o)
    0x0800026e   0x00000002   Code   RO         6030    .ARM.Collect$$libshutdown$$0000000F  c_w.l(libshutdown2.o)
    0x08000270   0x00000000   Code   RO         5836    .ARM.Collect$$rtentry$$00000000  c_w.l(__rtentry.o)
    0x08000270   0x00000000   Code   RO         5854    .ARM.Collect$$rtentry$$00000002  c_w.l(__rtentry2.o)
    0x08000270   0x00000006   Code   RO         5866    .ARM.Collect$$rtentry$$00000004  c_w.l(__rtentry4.o)
    0x08000276   0x00000000   Code   RO         5856    .ARM.Collect$$rtentry$$00000009  c_w.l(__rtentry2.o)
    0x08000276   0x00000004   Code   RO         5857    .ARM.Collect$$rtentry$$0000000A  c_w.l(__rtentry2.o)
    0x0800027a   0x00000000   Code   RO         5859    .ARM.Collect$$rtentry$$0000000C  c_w.l(__rtentry2.o)
    0x0800027a   0x00000008   Code   RO         5860    .ARM.Collect$$rtentry$$0000000D  c_w.l(__rtentry2.o)
    0x08000282   0x00000002   Code   RO         5977    .ARM.Collect$$rtexit$$00000000  c_w.l(rtexit.o)
    0x08000284   0x00000000   Code   RO         5984    .ARM.Collect$$rtexit$$00000002  c_w.l(rtexit2.o)
    0x08000284   0x00000004   Code   RO         5985    .ARM.Collect$$rtexit$$00000003  c_w.l(rtexit2.o)
    0x08000288   0x00000006   Code   RO         5986    .ARM.Collect$$rtexit$$00000004  c_w.l(rtexit2.o)
    0x0800028e   0x00000002   PAD
    0x08000290   0x00000040   Code   RO         4858    .text               startup_stm32f427xx.o
    0x080002d0   0x00000018   Code   RO         5795    .text               c_w.l(noretval__2printf.o)
    0x080002e8   0x0000010e   Code   RO         5809    .text               c_w.l(__printf_wp.o)
    0x080003f6   0x0000008a   Code   RO         5824    .text               c_w.l(rt_memcpy_v6.o)
    0x08000480   0x00000044   Code   RO         5826    .text               c_w.l(rt_memclr.o)
    0x080004c4   0x00000006   Code   RO         5828    .text               c_w.l(heapauxi.o)
    0x080004ca   0x00000002   PAD
    0x080004cc   0x00000024   Code   RO         5841    .text               c_w.l(_printf_char_file.o)
    0x080004f0   0x00000064   Code   RO         5844    .text               c_w.l(rt_memcpy_w.o)
    0x08000554   0x0000004e   Code   RO         5846    .text               c_w.l(rt_memclr_w.o)
    0x080005a2   0x00000002   PAD
    0x080005a4   0x00000030   Code   RO         5875    .text               c_w.l(_printf_char_common.o)
    0x080005d4   0x00000008   Code   RO         5904    .text               c_w.l(ferror.o)
    0x080005dc   0x00000008   Code   RO         5915    .text               c_w.l(libspace.o)
    0x080005e4   0x0000004a   Code   RO         5918    .text               c_w.l(sys_stackheap_outer.o)
    0x0800062e   0x0000000c   Code   RO         5922    .text               c_w.l(exit.o)
    0x0800063a   0x00000002   PAD
    0x0800063c   0x0000000c   Code   RO         5996    .text               c_w.l(sys_exit.o)
    0x08000648   0x00000002   Code   RO         6007    .text               c_w.l(use_no_semi.o)
    0x0800064a   0x00000000   Code   RO         6009    .text               c_w.l(indicate_semi.o)
    0x0800064a   0x00000002   Code   RO         5670    i.A_ConvertRc2TargetAngle  gimbal.o
    0x0800064c   0x00000002   Code   RO         5556    i.A_ConvertRc2TargetSpeed  chassis.o
    0x0800064e   0x00000004   Code   RO         4864    i.BusFault_Handler  stm32f4xx_it.o
    0x08000652   0x00000002   PAD
    0x08000654   0x00000138   Code   RO         5021    i.CAN1_RX0_IRQHandler  can1.o
    0x0800078c   0x000000a8   Code   RO          552    i.CAN_ClearITPendingBit  stm32f4xx_can.o
    0x08000834   0x00000108   Code   RO          556    i.CAN_FilterInit    stm32f4xx_can.o
    0x0800093c   0x00000120   Code   RO          558    i.CAN_GetITStatus   stm32f4xx_can.o
    0x08000a5c   0x00000012   Code   RO          562    i.CAN_ITConfig      stm32f4xx_can.o
    0x08000a6e   0x00000114   Code   RO          563    i.CAN_Init          stm32f4xx_can.o
    0x08000b82   0x000000f0   Code   RO          566    i.CAN_Receive       stm32f4xx_can.o
    0x08000c72   0x00000126   Code   RO          571    i.CAN_Transmit      stm32f4xx_can.o
    0x08000d98   0x0000002c   Code   RO         5557    i.CalcChassisPID    chassis.o
    0x08000dc4   0x000000c4   Code   RO         5482    i.CalcIncrementPid  pid.o
    0x08000e88   0x00000064   Code   RO         5022    i.Can1SendMsg2Chassis  can1.o
    0x08000eec   0x00000108   Code   RO         5558    i.ChassisControlTask  chassis.o
    0x08000ff4   0x00000012   Code   RO          574    i.CheckITStatus     stm32f4xx_can.o
    0x08001006   0x00000002   PAD
    0x08001008   0x00000080   Code   RO         5619    i.ControlTask       control_task.o
    0x08001088   0x0000002c   Code   RO         5214    i.DMA2_Stream1_IRQHandler  usart6.o
    0x080010b4   0x00000034   Code   RO         5109    i.DMA2_Stream5_IRQHandler  usart1.o
    0x080010e8   0x00000034   Code   RO         1251    i.DMA_ClearFlag     stm32f4xx_dma.o
    0x0800111c   0x00000034   Code   RO         1252    i.DMA_ClearITPendingBit  stm32f4xx_dma.o
    0x08001150   0x00000016   Code   RO         1253    i.DMA_Cmd           stm32f4xx_dma.o
    0x08001166   0x00000002   PAD
    0x08001168   0x00000158   Code   RO         1254    i.DMA_DeInit        stm32f4xx_dma.o
    0x080012c0   0x00000008   Code   RO         1259    i.DMA_GetCurrDataCounter  stm32f4xx_dma.o
    0x080012c8   0x00000064   Code   RO         1263    i.DMA_GetITStatus   stm32f4xx_dma.o
    0x0800132c   0x0000003a   Code   RO         1264    i.DMA_ITConfig      stm32f4xx_dma.o
    0x08001366   0x00000002   PAD
    0x08001368   0x00000058   Code   RO         1265    i.DMA_Init          stm32f4xx_dma.o
    0x080013c0   0x00000004   Code   RO         1268    i.DMA_SetCurrDataCounter  stm32f4xx_dma.o
    0x080013c4   0x00000002   Code   RO         4865    i.DebugMon_Handler  stm32f4xx_it.o
    0x080013c6   0x00000090   Code   RO         1853    i.GPIO_Init         stm32f4xx_gpio.o
    0x08001456   0x00000046   Code   RO         1854    i.GPIO_PinAFConfig  stm32f4xx_gpio.o
    0x0800149c   0x00000058   Code   RO         5671    i.GimbalControlTask  gimbal.o
    0x080014f4   0x00000004   Code   RO         4866    i.HardFault_Handler  stm32f4xx_it.o
    0x080014f8   0x00000028   Code   RO         5485    i.IncrementPid_tLimit  pid.o
    0x08001520   0x000000e0   Code   RO         5024    i.InitCan1          can1.o
    0x08001600   0x00000020   Code   RO         5025    i.InitCan1NVIC      can1.o
    0x08001620   0x00000002   Code   RO         5559    i.InitChassisControlTask  chassis.o
    0x08001622   0x00000002   PAD
    0x08001624   0x00000084   Code   RO         5620    i.InitControlTask   control_task.o
    0x080016a8   0x00000002   Code   RO         5672    i.InitGimbalControlTask  gimbal.o
    0x080016aa   0x00000002   PAD
    0x080016ac   0x00000070   Code   RO         4998    i.InitLed           led.o
    0x0800171c   0x00000030   Code   RO         5431    i.InitListenerTask  listener.o
    0x0800174c   0x00000010   Code   RO         5279    i.InitRemoterTask   remoter.o
    0x0800175c   0x00000002   Code   RO         5760    i.InitShootTask     shooter.o
    0x0800175e   0x00000002   PAD
    0x08001760   0x00000040   Code   RO         5073    i.InitTimer3        timer3.o
    0x080017a0   0x00000030   Code   RO         5074    i.InitTimer3NVIC    timer3.o
    0x080017d0   0x000000a4   Code   RO         5110    i.InitUsart1        usart1.o
    0x08001874   0x00000088   Code   RO         5111    i.InitUsart1DMA     usart1.o
    0x080018fc   0x00000088   Code   RO         5172    i.InitUsart3        usart3.o
    0x08001984   0x00000022   Code   RO         5113    i.InitUsartIDLENVIC  usart1.o
    0x080019a6   0x00000002   PAD
    0x080019a8   0x00000054   Code   RO         5560    i.LimitChassisOutput  chassis.o
    0x080019fc   0x00000058   Code   RO         5432    i.Listen            listener.o
    0x08001a54   0x00000034   Code   RO         5433    i.ListenModule      listener.o
    0x08001a88   0x0000000c   Code   RO         5434    i.ListenTask        listener.o
    0x08001a94   0x00000004   Code   RO         4867    i.MemManage_Handler  stm32f4xx_it.o
    0x08001a98   0x00000002   Code   RO         4868    i.NMI_Handler       stm32f4xx_it.o
    0x08001a9a   0x00000002   PAD
    0x08001a9c   0x00000078   Code   RO          264    i.NVIC_Init         misc.o
    0x08001b14   0x00000014   Code   RO          265    i.NVIC_PriorityGroupConfig  misc.o
    0x08001b28   0x000002a4   Code   RO         5435    i.OnModuleStateChanged  listener.o
    0x08001dcc   0x000000dc   Code   RO         5621    i.OnRobotStateSwitch  control_task.o
    0x08001ea8   0x00000050   Code   RO         5280    i.OnSwitchChanged   remoter.o
    0x08001ef8   0x000000d4   Code   RO         5281    i.ParseRemoterData  remoter.o
    0x08001fcc   0x00000002   Code   RO         4869    i.PendSV_Handler    stm32f4xx_it.o
    0x08001fce   0x00000002   PAD
    0x08001fd0   0x00000020   Code   RO         2717    i.RCC_AHB1PeriphClockCmd  stm32f4xx_rcc.o
    0x08001ff0   0x00000020   Code   RO         2726    i.RCC_APB1PeriphClockCmd  stm32f4xx_rcc.o
    0x08002010   0x00000020   Code   RO         2729    i.RCC_APB2PeriphClockCmd  stm32f4xx_rcc.o
    0x08002030   0x000000e8   Code   RO         2738    i.RCC_GetClocksFreq  stm32f4xx_rcc.o
    0x08002118   0x00000002   Code   RO         5673    i.R_ConvertRc2TargetAngle  gimbal.o
    0x0800211a   0x00000002   PAD
    0x0800211c   0x00000114   Code   RO         5561    i.R_ConvertRc2TargetSpeed  chassis.o
    0x08002230   0x00000044   Code   RO         5282    i.RemoteTask        remoter.o
    0x08002274   0x00000148   Code   RO         5283    i.RemoterDataCheck  remoter.o
    0x080023bc   0x00000060   Code   RO         5488    i.ResetIncrementPid  pid.o
    0x0800241c   0x0000002c   Code   RO         5114    i.ResetUsart1DMA    usart1.o
    0x08002448   0x00000002   Code   RO         4870    i.SVC_Handler       stm32f4xx_it.o
    0x0800244a   0x00000002   Code   RO         5674    i.S_ConvertRc2TargetAngle  gimbal.o
    0x0800244c   0x00000002   Code   RO         5562    i.S_ConvertRc2TargetSpeed  chassis.o
    0x0800244e   0x00000002   PAD
    0x08002450   0x00000034   Code   RO         5622    i.SaveHistory       control_task.o
    0x08002484   0x00000014   Code   RO         5286    i.SetRemoteValue    remoter.o
    0x08002498   0x00000120   Code   RO         4961    i.SetSysClock       system_stm32f4xx.o
    0x080025b8   0x00000002   Code   RO         5761    i.ShootTask         shooter.o
    0x080025ba   0x00000002   Code   RO         4871    i.SysTick_Handler   stm32f4xx_it.o
    0x080025bc   0x00000068   Code   RO         4963    i.SystemInit        system_stm32f4xx.o
    0x08002624   0x00000034   Code   RO         5075    i.TIM3_IRQHandler   timer3.o
    0x08002658   0x00000006   Code   RO         4056    i.TIM_ClearITPendingBit  stm32f4xx_tim.o
    0x0800265e   0x00000018   Code   RO         4061    i.TIM_Cmd           stm32f4xx_tim.o
    0x08002676   0x00000022   Code   RO         4082    i.TIM_GetITStatus   stm32f4xx_tim.o
    0x08002698   0x00000012   Code   RO         4086    i.TIM_ITConfig      stm32f4xx_tim.o
    0x080026aa   0x00000002   PAD
    0x080026ac   0x00000084   Code   RO         4133    i.TIM_TimeBaseInit  stm32f4xx_tim.o
    0x08002730   0x00000050   Code   RO         5115    i.USART1_IRQHandler  usart1.o
    0x08002780   0x00000018   Code   RO         4611    i.USART_Cmd         stm32f4xx_usart.o
    0x08002798   0x00000012   Code   RO         4612    i.USART_DMACmd      stm32f4xx_usart.o
    0x080027aa   0x00000054   Code   RO         4615    i.USART_GetITStatus  stm32f4xx_usart.o
    0x080027fe   0x0000004a   Code   RO         4617    i.USART_ITConfig    stm32f4xx_usart.o
    0x08002848   0x000000d4   Code   RO         4618    i.USART_Init        stm32f4xx_usart.o
    0x0800291c   0x00000118   Code   RO         5287    i.UpdateRobotControlMode  remoter.o
    0x08002a34   0x0000005c   Code   RO         5623    i.UpdateRobotFSM    control_task.o
    0x08002a90   0x00000004   Code   RO         4872    i.UsageFault_Handler  stm32f4xx_it.o
    0x08002a94   0x0000000e   Code   RO         5811    i._is_digit         c_w.l(__printf_wp.o)
    0x08002aa2   0x0000001c   Code   RO          204    i.delay_ms          delay.o
    0x08002abe   0x00000002   PAD
    0x08002ac0   0x0000001c   Code   RO         5174    i.fputc             usart3.o
    0x08002adc   0x00000010   Code   RO            3    i.main              main.o
    0x08002aec   0x0000000a   Code   RO         5981    x$fpl$fpinit        fz_wm.l(fpinit.o)
    0x08002af6   0x00000002   PAD
    0x08002af8   0x00000020   Data   RO         6055    Region$$Table       anon$$obj.o


    Execution Region RW_IRAM1 (Base: 0x20000000, Size: 0x000015f0, Max: 0x00030000, ABSOLUTE, COMPRESSED[0x00000020])

    Base Addr    Size         Type   Attr      Idx    E Section Name        Object

    0x20000000   0x00000010   Data   RW         2770    .data               stm32f4xx_rcc.o
    0x20000010   0x00000004   Data   RW         5027    .data               can1.o
    0x20000014   0x00000001   Data   RW         5117    .data               usart1.o
    0x20000015   0x00000003   PAD
    0x20000018   0x00000004   Data   RW         5175    .data               usart3.o
    0x2000001c   0x0000003b   Data   RW         5289    .data               remoter.o
    0x20000057   0x00000001   PAD
    0x20000058   0x0000000c   Data   RW         5436    .data               listener.o
    0x20000064   0x00000004   Data   RW         5490    .data               pid.o
    0x20000068   0x000000c8   Data   RW         5563    .data               chassis.o
    0x20000130   0x00000005   Data   RW         5624    .data               control_task.o
    0x20000135   0x00000003   PAD
    0x20000138   0x0000002c   Zero   RW         5026    .bss                can1.o
    0x20000164   0x00000012   Zero   RW         5116    .bss                usart1.o
    0x20000176   0x00000016   Zero   RW         5288    .bss                remoter.o
    0x2000018c   0x00000060   Zero   RW         5916    .bss                c_w.l(libspace.o)
    0x200001ec   0x00000004   PAD
    0x200001f0   0x00001000   Zero   RW         4856    HEAP                startup_stm32f427xx.o
    0x200011f0   0x00000400   Zero   RW         4855    STACK               startup_stm32f427xx.o


==============================================================================

Image component sizes


      Code (inc. data)   RO Data    RW Data    ZI Data      Debug   Object Name

       668         48          0          4         44       3421   can1.o
       674        138          0        200          0       4004   chassis.o
       624        234          0          5          0       3147   control_task.o
        28          0          0          0          0        599   delay.o
        96         40          0          0          0       2466   gimbal.o
       112         18          0          0          0        526   led.o
       876        310          0         12          0       3702   listener.o
        16          0          0          0          0     312619   main.o
       140         24          0          0          0       1507   misc.o
       332         14          0          4          0       2931   pid.o
      1004        254          0         59         22       7368   remoter.o
         4          0          0          0          0        928   shooter.o
        64         26        428          0       5120        836   startup_stm32f427xx.o
      1566         16          0          0          0       6286   stm32f4xx_can.o
       728         72          0          0          0       6821   stm32f4xx_dma.o
       214          0          0          0          0       1727   stm32f4xx_gpio.o
        26          0          0          0          0       4150   stm32f4xx_it.o
       328         36          0         16          0       4563   stm32f4xx_rcc.o
       214         28          0          0          0       3606   stm32f4xx_tim.o
       412          8          0          0          0       4213   stm32f4xx_usart.o
       392         32          0          0          0       1541   system_stm32f4xx.o
       164         24          0          0          0       1628   timer3.o
       510         72          0          1         18       4080   usart1.o
       164         14          0          4          0       2959   usart3.o
        44         14          0          0          0        530   usart6.o

    ----------------------------------------------------------------------
      9428       1422        460        312       5204     386158   Object Totals
         0          0         32          0          0          0   (incl. Generated)
        28          0          0          7          0          0   (incl. Padding)

    ----------------------------------------------------------------------

      Code (inc. data)   RO Data    RW Data    ZI Data      Debug   Library Member Name

        90          0          0          0          0          0   __dczerorl2.o
         8          0          0          0          0         68   __main.o
       284          0          0          0          0        156   __printf_wp.o
         0          0          0          0          0          0   __rtentry.o
        12          0          0          0          0          0   __rtentry2.o
         6          0          0          0          0          0   __rtentry4.o
        52          8          0          0          0          0   __scatter.o
        28          0          0          0          0          0   __scatter_zi.o
        48          6          0          0          0         96   _printf_char_common.o
        36          4          0          0          0         80   _printf_char_file.o
         0          0          0          0          0          0   _printf_percent.o
         4          0          0          0          0          0   _printf_percent_end.o
        12          0          0          0          0         72   exit.o
         8          0          0          0          0         68   ferror.o
         6          0          0          0          0        152   heapauxi.o
         0          0          0          0          0          0   indicate_semi.o
         2          0          0          0          0          0   libinit.o
         6          0          0          0          0          0   libinit2.o
         2          0          0          0          0          0   libshutdown.o
         2          0          0          0          0          0   libshutdown2.o
         8          4          0          0         96         68   libspace.o
        24          4          0          0          0         84   noretval__2printf.o
        68          0          0          0          0         68   rt_memclr.o
        78          0          0          0          0         80   rt_memclr_w.o
       138          0          0          0          0         68   rt_memcpy_v6.o
       100          0          0          0          0         80   rt_memcpy_w.o
         2          0          0          0          0          0   rtexit.o
        10          0          0          0          0          0   rtexit2.o
        12          4          0          0          0         68   sys_exit.o
        74          0          0          0          0         80   sys_stackheap_outer.o
         2          0          0          0          0         68   use_no_semi.o
        10          0          0          0          0        116   fpinit.o

    ----------------------------------------------------------------------
      1144         30          0          0        100       1472   Library Totals
        12          0          0          0          4          0   (incl. Padding)

    ----------------------------------------------------------------------

      Code (inc. data)   RO Data    RW Data    ZI Data      Debug   Library Name

      1122         30          0          0         96       1356   c_w.l
        10          0          0          0          0        116   fz_wm.l

    ----------------------------------------------------------------------
      1144         30          0          0        100       1472   Library Totals

    ----------------------------------------------------------------------

==============================================================================


      Code (inc. data)   RO Data    RW Data    ZI Data      Debug   

     10572       1452        460        312       5304     377954   Grand Totals
     10572       1452        460         32       5304     377954   ELF Image Totals (compressed)
     10572       1452        460         32          0          0   ROM Totals

==============================================================================

    Total RO  Size (Code + RO Data)                11032 (  10.77kB)
    Total RW  Size (RW Data + ZI Data)              5616 (   5.48kB)
    Total ROM Size (Code + RO Data + RW Data)      11064 (  10.80kB)

==============================================================================

