Component: ARM Compiler 5.05 update 1 (build 106) Tool: armlink [4d0efa]

==============================================================================

Section Cross References

    main.o(i.ReportYaw2Com) refers to stm32f4xx_usart.o(i.USART_SendData) for USART_SendData
    main.o(i.ReportYaw2Com) refers to gyromag.o(.data) for yaw
    main.o(i.ReportYaw2Com) refers to main.o(.data) for yaw_com_report_arr
    main.o(i.main) refers to _printf_percent.o(.ARM.Collect$$_printf_percent$$00000000) for _printf_percent
    main.o(i.main) refers to _printf_f.o(.ARM.Collect$$_printf_percent$$00000003) for _printf_f
    main.o(i.main) refers to printf1.o(x$fpl$printf1) for _printf_fp_dec
    main.o(i.main) refers to misc.o(i.NVIC_PriorityGroupConfig) for NVIC_PriorityGroupConfig
    main.o(i.main) refers to control_task.o(i.InitControlTask) for InitControlTask
    main.o(i.main) refers to f2d.o(x$fpl$f2d) for __aeabi_f2d
    main.o(i.main) refers to noretval__2printf.o(.text) for __2printf
    main.o(i.main) refers to delay.o(i.delay_ms) for delay_ms
    main.o(i.main) refers to gimbal.o(.data) for yaw_gyro_pid
    stm32f4xx_adc.o(i.ADC_DeInit) refers to stm32f4xx_rcc.o(i.RCC_APB2PeriphResetCmd) for RCC_APB2PeriphResetCmd
    stm32f4xx_can.o(i.CAN_DeInit) refers to stm32f4xx_rcc.o(i.RCC_APB1PeriphResetCmd) for RCC_APB1PeriphResetCmd
    stm32f4xx_can.o(i.CAN_GetITStatus) refers to stm32f4xx_can.o(i.CheckITStatus) for CheckITStatus
    stm32f4xx_cryp.o(i.CRYP_DeInit) refers to stm32f4xx_rcc.o(i.RCC_AHB2PeriphResetCmd) for RCC_AHB2PeriphResetCmd
    stm32f4xx_cryp_aes.o(i.CRYP_AES_CBC) refers to stm32f4xx_cryp.o(i.CRYP_KeyStructInit) for CRYP_KeyStructInit
    stm32f4xx_cryp_aes.o(i.CRYP_AES_CBC) refers to stm32f4xx_cryp.o(i.CRYP_FIFOFlush) for CRYP_FIFOFlush
    stm32f4xx_cryp_aes.o(i.CRYP_AES_CBC) refers to stm32f4xx_cryp.o(i.CRYP_Init) for CRYP_Init
    stm32f4xx_cryp_aes.o(i.CRYP_AES_CBC) refers to stm32f4xx_cryp.o(i.CRYP_KeyInit) for CRYP_KeyInit
    stm32f4xx_cryp_aes.o(i.CRYP_AES_CBC) refers to stm32f4xx_cryp.o(i.CRYP_Cmd) for CRYP_Cmd
    stm32f4xx_cryp_aes.o(i.CRYP_AES_CBC) refers to stm32f4xx_cryp.o(i.CRYP_GetFlagStatus) for CRYP_GetFlagStatus
    stm32f4xx_cryp_aes.o(i.CRYP_AES_CBC) refers to stm32f4xx_cryp.o(i.CRYP_IVInit) for CRYP_IVInit
    stm32f4xx_cryp_aes.o(i.CRYP_AES_CBC) refers to stm32f4xx_cryp.o(i.CRYP_GetCmdStatus) for CRYP_GetCmdStatus
    stm32f4xx_cryp_aes.o(i.CRYP_AES_CBC) refers to stm32f4xx_cryp.o(i.CRYP_DataIn) for CRYP_DataIn
    stm32f4xx_cryp_aes.o(i.CRYP_AES_CBC) refers to stm32f4xx_cryp.o(i.CRYP_DataOut) for CRYP_DataOut
    stm32f4xx_cryp_aes.o(i.CRYP_AES_CCM) refers to stm32f4xx_cryp.o(i.CRYP_KeyStructInit) for CRYP_KeyStructInit
    stm32f4xx_cryp_aes.o(i.CRYP_AES_CCM) refers to stm32f4xx_cryp.o(i.CRYP_FIFOFlush) for CRYP_FIFOFlush
    stm32f4xx_cryp_aes.o(i.CRYP_AES_CCM) refers to stm32f4xx_cryp.o(i.CRYP_KeyInit) for CRYP_KeyInit
    stm32f4xx_cryp_aes.o(i.CRYP_AES_CCM) refers to stm32f4xx_cryp.o(i.CRYP_IVInit) for CRYP_IVInit
    stm32f4xx_cryp_aes.o(i.CRYP_AES_CCM) refers to stm32f4xx_cryp.o(i.CRYP_Init) for CRYP_Init
    stm32f4xx_cryp_aes.o(i.CRYP_AES_CCM) refers to stm32f4xx_cryp.o(i.CRYP_PhaseConfig) for CRYP_PhaseConfig
    stm32f4xx_cryp_aes.o(i.CRYP_AES_CCM) refers to stm32f4xx_cryp.o(i.CRYP_DataIn) for CRYP_DataIn
    stm32f4xx_cryp_aes.o(i.CRYP_AES_CCM) refers to stm32f4xx_cryp.o(i.CRYP_Cmd) for CRYP_Cmd
    stm32f4xx_cryp_aes.o(i.CRYP_AES_CCM) refers to stm32f4xx_cryp.o(i.CRYP_GetCmdStatus) for CRYP_GetCmdStatus
    stm32f4xx_cryp_aes.o(i.CRYP_AES_CCM) refers to stm32f4xx_cryp.o(i.CRYP_GetFlagStatus) for CRYP_GetFlagStatus
    stm32f4xx_cryp_aes.o(i.CRYP_AES_CCM) refers to stm32f4xx_cryp.o(i.CRYP_DataOut) for CRYP_DataOut
    stm32f4xx_cryp_aes.o(i.CRYP_AES_CTR) refers to stm32f4xx_cryp.o(i.CRYP_KeyStructInit) for CRYP_KeyStructInit
    stm32f4xx_cryp_aes.o(i.CRYP_AES_CTR) refers to stm32f4xx_cryp.o(i.CRYP_KeyInit) for CRYP_KeyInit
    stm32f4xx_cryp_aes.o(i.CRYP_AES_CTR) refers to stm32f4xx_cryp.o(i.CRYP_Init) for CRYP_Init
    stm32f4xx_cryp_aes.o(i.CRYP_AES_CTR) refers to stm32f4xx_cryp.o(i.CRYP_IVInit) for CRYP_IVInit
    stm32f4xx_cryp_aes.o(i.CRYP_AES_CTR) refers to stm32f4xx_cryp.o(i.CRYP_FIFOFlush) for CRYP_FIFOFlush
    stm32f4xx_cryp_aes.o(i.CRYP_AES_CTR) refers to stm32f4xx_cryp.o(i.CRYP_Cmd) for CRYP_Cmd
    stm32f4xx_cryp_aes.o(i.CRYP_AES_CTR) refers to stm32f4xx_cryp.o(i.CRYP_GetCmdStatus) for CRYP_GetCmdStatus
    stm32f4xx_cryp_aes.o(i.CRYP_AES_CTR) refers to stm32f4xx_cryp.o(i.CRYP_DataIn) for CRYP_DataIn
    stm32f4xx_cryp_aes.o(i.CRYP_AES_CTR) refers to stm32f4xx_cryp.o(i.CRYP_GetFlagStatus) for CRYP_GetFlagStatus
    stm32f4xx_cryp_aes.o(i.CRYP_AES_CTR) refers to stm32f4xx_cryp.o(i.CRYP_DataOut) for CRYP_DataOut
    stm32f4xx_cryp_aes.o(i.CRYP_AES_ECB) refers to stm32f4xx_cryp.o(i.CRYP_KeyStructInit) for CRYP_KeyStructInit
    stm32f4xx_cryp_aes.o(i.CRYP_AES_ECB) refers to stm32f4xx_cryp.o(i.CRYP_FIFOFlush) for CRYP_FIFOFlush
[...]
    _init_user_alloc                          - Undefined Weak Reference
    _initio                                   - Undefined Weak Reference
    _mutex_acquire                            - Undefined Weak Reference
    _mutex_release                            - Undefined Weak Reference
    _printf_post_padding                      - Undefined Weak Reference
    _printf_pre_padding                       - Undefined Weak Reference
    _printf_truncate_signed                   - Undefined Weak Reference
    _printf_truncate_unsigned                 - Undefined Weak Reference
    _rand_init                                - Undefined Weak Reference
    _signal_finish                            - Undefined Weak Reference
    _signal_init                              - Undefined Weak Reference
    _terminate_alloc                          - Undefined Weak Reference
    _terminate_user_alloc                     - Undefined Weak Reference
    _terminateio                              - Undefined Weak Reference
    __Vectors_Size                           0x000001ac   Number         0  startup_stm32f427xx.o ABSOLUTE
    __Vectors                                0x08000000   Data           4  startup_stm32f427xx.o(RESET)
    __Vectors_End                            0x080001ac   Data           0  startup_stm32f427xx.o(RESET)
    __main                                   0x080001ad   Thumb Code     8  __main.o(!!!main)
    __scatterload                            0x080001b5   Thumb Code     0  __scatter.o(!!!scatter)
    __scatterload_rt2                        0x080001b5   Thumb Code    44  __scatter.o(!!!scatter)
    __scatterload_rt2_thumb_only             0x080001b5   Thumb Code     0  __scatter.o(!!!scatter)
    __scatterload_null                       0x080001c3   Thumb Code     0  __scatter.o(!!!scatter)
    __decompress                             0x080001e9   Thumb Code    90  __dczerorl2.o(!!dczerorl2)
    __decompress1                            0x080001e9   Thumb Code     0  __dczerorl2.o(!!dczerorl2)
    __scatterload_zeroinit                   0x08000245   Thumb Code    28  __scatter_zi.o(!!handler_zi)
    _printf_f                                0x08000261   Thumb Code     0  _printf_f.o(.ARM.Collect$$_printf_percent$$00000003)
    _printf_percent                          0x08000261   Thumb Code     0  _printf_percent.o(.ARM.Collect$$_printf_percent$$00000000)
    _printf_d                                0x08000267   Thumb Code     0  _printf_d.o(.ARM.Collect$$_printf_percent$$00000009)
    _printf_percent_end                      0x0800026d   Thumb Code     0  _printf_percent_end.o(.ARM.Collect$$_printf_percent$$00000017)
    __rt_lib_init                            0x08000271   Thumb Code     0  libinit.o(.ARM.Collect$$libinit$$00000000)
    __rt_lib_init_fp_1                       0x08000273   Thumb Code     0  libinit2.o(.ARM.Collect$$libinit$$00000001)
    __rt_lib_init_heap_1                     0x08000277   Thumb Code     0  libinit2.o(.ARM.Collect$$libinit$$0000000A)
    __rt_lib_init_lc_common                  0x08000277   Thumb Code     0  libinit2.o(.ARM.Collect$$libinit$$0000000F)
    __rt_lib_init_preinit_1                  0x08000277   Thumb Code     0  libinit2.o(.ARM.Collect$$libinit$$00000004)
    __rt_lib_init_rand_1                     0x08000277   Thumb Code     0  libinit2.o(.ARM.Collect$$libinit$$0000000E)
    __rt_lib_init_user_alloc_1               0x08000277   Thumb Code     0  libinit2.o(.ARM.Collect$$libinit$$0000000C)
    __rt_lib_init_lc_collate_1               0x0800027d   Thumb Code     0  libinit2.o(.ARM.Collect$$libinit$$00000011)
    __rt_lib_init_lc_ctype_1                 0x0800027d   Thumb Code     0  libinit2.o(.ARM.Collect$$libinit$$00000013)
    __rt_lib_init_lc_monetary_1              0x0800027d   Thumb Code     0  libinit2.o(.ARM.Collect$$libinit$$00000015)
    __rt_lib_init_lc_numeric_2               0x0800027d   Thumb Code     0  libinit2.o(.ARM.Collect$$libinit$$00000016)
    __rt_lib_init_alloca_1                   0x08000287   Thumb Code     0  libinit2.o(.ARM.Collect$$libinit$$0000002E)
    __rt_lib_init_argv_1                     0x08000287   Thumb Code     0  libinit2.o(.ARM.Collect$$libinit$$0000002C)
    __rt_lib_init_atexit_1                   0x08000287   Thumb Code     0  libinit2.o(.ARM.Collect$$libinit$$0000001B)
    __rt_lib_init_clock_1                    0x08000287   Thumb Code     0  libinit2.o(.ARM.Collect$$libinit$$00000021)
    __rt_lib_init_cpp_1                      0x08000287   Thumb Code     0  libinit2.o(.ARM.Collect$$libinit$$00000032)
    __rt_lib_init_exceptions_1               0x08000287   Thumb Code     0  libinit2.o(.ARM.Collect$$libinit$$00000030)
    __rt_lib_init_fp_trap_1                  0x08000287   Thumb Code     0  libinit2.o(.ARM.Collect$$libinit$$0000001F)
    __rt_lib_init_getenv_1                   0x08000287   Thumb Code     0  libinit2.o(.ARM.Collect$$libinit$$00000023)
    __rt_lib_init_lc_numeric_1               0x08000287   Thumb Code     0  libinit2.o(.ARM.Collect$$libinit$$00000017)
    __rt_lib_init_lc_time_1                  0x08000287   Thumb Code     0  libinit2.o(.ARM.Collect$$libinit$$00000019)
    __rt_lib_init_return                     0x08000287   Thumb Code     0  libinit2.o(.ARM.Collect$$libinit$$00000033)
    __rt_lib_init_signal_1                   0x08000287   Thumb Code     0  libinit2.o(.ARM.Collect$$libinit$$0000001D)
    __rt_lib_init_stdio_1                    0x08000287   Thumb Code     0  libinit2.o(.ARM.Collect$$libinit$$00000025)
    __rt_lib_shutdown                        0x08000289   Thumb Code     0  libshutdown.o(.ARM.Collect$$libshutdown$$00000000)
    __rt_lib_shutdown_fp_trap_1              0x0800028b   Thumb Code     0  libshutdown2.o(.ARM.Collect$$libshutdown$$00000006)
    __rt_lib_shutdown_heap_1                 0x0800028b   Thumb Code     0  libshutdown2.o(.ARM.Collect$$libshutdown$$0000000E)
    __rt_lib_shutdown_return                 0x0800028b   Thumb Code     0  libshutdown2.o(.ARM.Collect$$libshutdown$$0000000F)
    __rt_lib_shutdown_signal_1               0x0800028b   Thumb Code     0  libshutdown2.o(.ARM.Collect$$libshutdown$$00000009)
    __rt_lib_shutdown_stdio_1                0x0800028b   Thumb Code     0  libshutdown2.o(.ARM.Collect$$libshutdown$$00000003)
    __rt_lib_shutdown_user_alloc_1           0x0800028b   Thumb Code     0  libshutdown2.o(.ARM.Collect$$libshutdown$$0000000B)
    __rt_entry                               0x0800028d   Thumb Code     0  __rtentry.o(.ARM.Collect$$rtentry$$00000000)
    __rt_entry_presh_1                       0x0800028d   Thumb Code     0  __rtentry2.o(.ARM.Collect$$rtentry$$00000002)
    __rt_entry_sh                            0x0800028d   Thumb Code     0  __rtentry4.o(.ARM.Collect$$rtentry$$00000004)
    __rt_entry_li                            0x08000293   Thumb Code     0  __rtentry2.o(.ARM.Collect$$rtentry$$0000000A)
    __rt_entry_postsh_1                      0x08000293   Thumb Code     0  __rtentry2.o(.ARM.Collect$$rtentry$$00000009)
    __rt_entry_main                          0x08000297   Thumb Code     0  __rtentry2.o(.ARM.Collect$$rtentry$$0000000D)
    __rt_entry_postli_1                      0x08000297   Thumb Code     0  __rtentry2.o(.ARM.Collect$$rtentry$$0000000C)
    __rt_exit                                0x0800029f   Thumb Code     0  rtexit.o(.ARM.Collect$$rtexit$$00000000)
    __rt_exit_ls                             0x080002a1   Thumb Code     0  rtexit2.o(.ARM.Collect$$rtexit$$00000003)
    __rt_exit_prels_1                        0x080002a1   Thumb Code     0  rtexit2.o(.ARM.Collect$$rtexit$$00000002)
    __rt_exit_exit                           0x080002a5   Thumb Code     0  rtexit2.o(.ARM.Collect$$rtexit$$00000004)
    Reset_Handler                            0x080002ad   Thumb Code     8  startup_stm32f427xx.o(.text)
    ADC_IRQHandler                           0x080002c7   Thumb Code     0  startup_stm32f427xx.o(.text)
    CAN1_RX1_IRQHandler                      0x080002c7   Thumb Code     0  startup_stm32f427xx.o(.text)
    CAN1_SCE_IRQHandler                      0x080002c7   Thumb Code     0  startup_stm32f427xx.o(.text)
    CAN1_TX_IRQHandler                       0x080002c7   Thumb Code     0  startup_stm32f427xx.o(.text)
    CAN2_RX1_IRQHandler                      0x080002c7   Thumb Code     0  startup_stm32f427xx.o(.text)
    CAN2_SCE_IRQHandler                      0x080002c7   Thumb Code     0  startup_stm32f427xx.o(.text)
    DCMI_IRQHandler                          0x080002c7   Thumb Code     0  startup_stm32f427xx.o(.text)
    DMA1_Stream0_IRQHandler                  0x080002c7   Thumb Code     0  startup_stm32f427xx.o(.text)
    DMA1_Stream1_IRQHandler                  0x080002c7   Thumb Code     0  startup_stm32f427xx.o(.text)
    DMA1_Stream2_IRQHandler                  0x080002c7   Thumb Code     0  startup_stm32f427xx.o(.text)
    DMA1_Stream3_IRQHandler                  0x080002c7   Thumb Code     0  startup_stm32f427xx.o(.text)
    DMA1_Stream4_IRQHandler                  0x080002c7   Thumb Code     0  startup_stm32f427xx.o(.text)
    DMA1_Stream5_IRQHandler                  0x080002c7   Thumb Code     0  startup_stm32f427xx.o(.text)
    DMA1_Stream6_IRQHandler                  0x080002c7   Thumb Code     0  startup_stm32f427xx.o(.text)
    DMA1_Stream7_IRQHandler                  0x080002c7   Thumb Code     0  startup_stm32f427xx.o(.text)
    DMA2D_IRQHandler                         0x080002c7   Thumb Code     0  startup_stm32f427xx.o(.text)
    DMA2_Stream0_IRQHandler                  0x080002c7   Thumb Code     0  startup_stm32f427xx.o(.text)
    DMA2_Stream2_IRQHandler                  0x080002c7   Thumb Code     0  startup_stm32f427xx.o(.text)
    DMA2_Stream3_IRQHandler                  0x080002c7   Thumb Code     0  startup_stm32f427xx.o(.text)
    DMA2_Stream4_IRQHandler                  0x080002c7   Thumb Code     0  startup_stm32f427xx.o(.text)
    DMA2_Stream6_IRQHandler                  0x080002c7   Thumb Code     0  startup_stm32f427xx.o(.text)
    DMA2_Stream7_IRQHandler                  0x080002c7   Thumb Code     0  startup_stm32f427xx.o(.text)
    ETH_IRQHandler                           0x080002c7   Thumb Code     0  startup_stm32f427xx.o(.text)
    ETH_WKUP_IRQHandler                      0x080002c7   Thumb Code     0  startup_stm32f427xx.o(.text)
    EXTI0_IRQHandler                         0x080002c7   Thumb Code     0  startup_stm32f427xx.o(.text)
    EXTI15_10_IRQHandler                     0x080002c7   Thumb Code     0  startup_stm32f427xx.o(.text)
    EXTI1_IRQHandler                         0x080002c7   Thumb Code     0  startup_stm32f427xx.o(.text)
    EXTI2_IRQHandler                         0x080002c7   Thumb Code     0  startup_stm32f427xx.o(.text)
    EXTI3_IRQHandler                         0x080002c7   Thumb Code     0  startup_stm32f427xx.o(.text)
    EXTI4_IRQHandler                         0x080002c7   Thumb Code     0  startup_stm32f427xx.o(.text)
    EXTI9_5_IRQHandler                       0x080002c7   Thumb Code     0  startup_stm32f427xx.o(.text)
    FLASH_IRQHandler                         0x080002c7   Thumb Code     0  startup_stm32f427xx.o(.text)
    FMC_IRQHandler                           0x080002c7   Thumb Code     0  startup_stm32f427xx.o(.text)
    FPU_IRQHandler                           0x080002c7   Thumb Code     0  startup_stm32f427xx.o(.text)
    HASH_RNG_IRQHandler                      0x080002c7   Thumb Code     0  startup_stm32f427xx.o(.text)
    I2C1_ER_IRQHandler                       0x080002c7   Thumb Code     0  startup_stm32f427xx.o(.text)
    I2C1_EV_IRQHandler                       0x080002c7   Thumb Code     0  startup_stm32f427xx.o(.text)
    I2C2_ER_IRQHandler                       0x080002c7   Thumb Code     0  startup_stm32f427xx.o(.text)
    I2C2_EV_IRQHandler                       0x080002c7   Thumb Code     0  startup_stm32f427xx.o(.text)
    I2C3_ER_IRQHandler                       0x080002c7   Thumb Code     0  startup_stm32f427xx.o(.text)
    I2C3_EV_IRQHandler                       0x080002c7   Thumb Code     0  startup_stm32f427xx.o(.text)
    OTG_FS_IRQHandler                        0x080002c7   Thumb Code     0  startup_stm32f427xx.o(.text)
    OTG_FS_WKUP_IRQHandler                   0x080002c7   Thumb Code     0  startup_stm32f427xx.o(.text)
    OTG_HS_EP1_IN_IRQHandler                 0x080002c7   Thumb Code     0  startup_stm32f427xx.o(.text)
    OTG_HS_EP1_OUT_IRQHandler                0x080002c7   Thumb Code     0  startup_stm32f427xx.o(.text)
    OTG_HS_IRQHandler                        0x080002c7   Thumb Code     0  startup_stm32f427xx.o(.text)
    OTG_HS_WKUP_IRQHandler                   0x080002c7   Thumb Code     0  startup_stm32f427xx.o(.text)
    PVD_IRQHandler                           0x080002c7   Thumb Code     0  startup_stm32f427xx.o(.text)
    RCC_IRQHandler                           0x080002c7   Thumb Code     0  startup_stm32f427xx.o(.text)
    RTC_Alarm_IRQHandler                     0x080002c7   Thumb Code     0  startup_stm32f427xx.o(.text)
    RTC_WKUP_IRQHandler                      0x080002c7   Thumb Code     0  startup_stm32f427xx.o(.text)
    SAI1_IRQHandler                          0x080002c7   Thumb Code     0  startup_stm32f427xx.o(.text)
    SDIO_IRQHandler                          0x080002c7   Thumb Code     0  startup_stm32f427xx.o(.text)
    SPI1_IRQHandler                          0x080002c7   Thumb Code     0  startup_stm32f427xx.o(.text)
    SPI2_IRQHandler                          0x080002c7   Thumb Code     0  startup_stm32f427xx.o(.text)
    SPI3_IRQHandler                          0x080002c7   Thumb Code     0  startup_stm32f427xx.o(.text)
    SPI4_IRQHandler                          0x080002c7   Thumb Code     0  startup_stm32f427xx.o(.text)
    SPI5_IRQHandler                          0x080002c7   Thumb Code     0  startup_stm32f427xx.o(.text)
    SPI6_IRQHandler                          0x080002c7   Thumb Code     0  startup_stm32f427xx.o(.text)
    TAMP_STAMP_IRQHandler                    0x080002c7   Thumb Code     0  startup_stm32f427xx.o(.text)
    TIM1_BRK_TIM9_IRQHandler                 0x080002c7   Thumb Code     0  startup_stm32f427xx.o(.text)
    TIM1_CC_IRQHandler                       0x080002c7   Thumb Code     0  startup_stm32f427xx.o(.text)
    TIM1_TRG_COM_TIM11_IRQHandler            0x080002c7   Thumb Code     0  startup_stm32f427xx.o(.text)
    TIM1_UP_TIM10_IRQHandler                 0x080002c7   Thumb Code     0  startup_stm32f427xx.o(.text)
    TIM2_IRQHandler                          0x080002c7   Thumb Code     0  startup_stm32f427xx.o(.text)
    TIM4_IRQHandler                          0x080002c7   Thumb Code     0  startup_stm32f427xx.o(.text)
    TIM5_IRQHandler                          0x080002c7   Thumb Code     0  startup_stm32f427xx.o(.text)
    TIM6_DAC_IRQHandler                      0x080002c7   Thumb Code     0  startup_stm32f427xx.o(.text)
    TIM7_IRQHandler                          0x080002c7   Thumb Code     0  startup_stm32f427xx.o(.text)
    TIM8_BRK_TIM12_IRQHandler                0x080002c7   Thumb Code     0  startup_stm32f427xx.o(.text)
    TIM8_CC_IRQHandler                       0x080002c7   Thumb Code     0  startup_stm32f427xx.o(.text)
    TIM8_TRG_COM_TIM14_IRQHandler            0x080002c7   Thumb Code     0  startup_stm32f427xx.o(.text)
    TIM8_UP_TIM13_IRQHandler                 0x080002c7   Thumb Code     0  startup_stm32f427xx.o(.text)
    UART4_IRQHandler                         0x080002c7   Thumb Code     0  startup_stm32f427xx.o(.text)
    UART5_IRQHandler                         0x080002c7   Thumb Code     0  startup_stm32f427xx.o(.text)
    UART7_IRQHandler                         0x080002c7   Thumb Code     0  startup_stm32f427xx.o(.text)
    UART8_IRQHandler                         0x080002c7   Thumb Code     0  startup_stm32f427xx.o(.text)
    USART2_IRQHandler                        0x080002c7   Thumb Code     0  startup_stm32f427xx.o(.text)
    WWDG_IRQHandler                          0x080002c7   Thumb Code     0  startup_stm32f427xx.o(.text)
    __user_initial_stackheap                 0x080002c9   Thumb Code     0  startup_stm32f427xx.o(.text)
    __2printf                                0x080002ed   Thumb Code    20  noretval__2printf.o(.text)
    _printf_int_dec                          0x08000305   Thumb Code   104  _printf_dec.o(.text)
    __printf                                 0x0800037d   Thumb Code   270  __printf_wp.o(.text)
    __aeabi_memcpy                           0x0800048b   Thumb Code     0  rt_memcpy_v6.o(.text)
    __rt_memcpy                              0x0800048b   Thumb Code   138  rt_memcpy_v6.o(.text)
    _memcpy_lastbytes                        0x080004f1   Thumb Code     0  rt_memcpy_v6.o(.text)
    __aeabi_memclr                           0x08000515   Thumb Code     0  rt_memclr.o(.text)
    __rt_memclr                              0x08000515   Thumb Code    68  rt_memclr.o(.text)
    _memset                                  0x08000519   Thumb Code     0  rt_memclr.o(.text)
    __use_two_region_memory                  0x08000559   Thumb Code     2  heapauxi.o(.text)
    __rt_heap_escrow$2region                 0x0800055b   Thumb Code     2  heapauxi.o(.text)
    __rt_heap_expand$2region                 0x0800055d   Thumb Code     2  heapauxi.o(.text)
    _printf_int_common                       0x0800055f   Thumb Code   178  _printf_intcommon.o(.text)
    __lib_sel_fp_printf                      0x08000611   Thumb Code     2  _printf_fp_dec.o(.text)
    _printf_fp_dec_real                      0x080007bf   Thumb Code   620  _printf_fp_dec.o(.text)
    _printf_char_file                        0x08000a2d   Thumb Code    32  _printf_char_file.o(.text)
    __aeabi_memcpy4                          0x08000a51   Thumb Code     0  rt_memcpy_w.o(.text)
    __aeabi_memcpy8                          0x08000a51   Thumb Code     0  rt_memcpy_w.o(.text)
    __rt_memcpy_w                            0x08000a51   Thumb Code   100  rt_memcpy_w.o(.text)
    _memcpy_lastbytes_aligned                0x08000a99   Thumb Code     0  rt_memcpy_w.o(.text)
    __aeabi_memclr4                          0x08000ab5   Thumb Code     0  rt_memclr_w.o(.text)
    __aeabi_memclr8                          0x08000ab5   Thumb Code     0  rt_memclr_w.o(.text)
    __rt_memclr_w                            0x08000ab5   Thumb Code    78  rt_memclr_w.o(.text)
    _memset_w                                0x08000ab9   Thumb Code     0  rt_memclr_w.o(.text)
    __rt_locale                              0x08000b05   Thumb Code     8  rt_locale_intlibspace.o(.text)
    _ll_udiv10                               0x08000b0d   Thumb Code   138  lludiv10.o(.text)
    _printf_char_common                      0x08000ba3   Thumb Code    32  _printf_char_common.o(.text)
    _printf_fp_infnan                        0x08000bc9   Thumb Code   112  _printf_fp_infnan.o(.text)
    _btod_etento                             0x08000c49   Thumb Code   216  bigflt0.o(.text)
    ferror                                   0x08000d25   Thumb Code     8  ferror.o(.text)
    __user_libspace                          0x08000d2d   Thumb Code     8  libspace.o(.text)
    __user_perproc_libspace                  0x08000d2d   Thumb Code     0  libspace.o(.text)
    __user_perthread_libspace                0x08000d2d   Thumb Code     0  libspace.o(.text)
    __user_setup_stackheap                   0x08000d35   Thumb Code    74  sys_stackheap_outer.o(.text)
    exit                                     0x08000d7f   Thumb Code    12  exit.o(.text)
    strcmp                                   0x08000d8d   Thumb Code   128  strcmpv7m.o(.text)
    _sys_exit                                0x08000e0d   Thumb Code     8  sys_exit.o(.text)
    __I$use$semihosting                      0x08000e19   Thumb Code     0  use_no_semi.o(.text)
    __use_no_semihosting_swi                 0x08000e19   Thumb Code     2  use_no_semi.o(.text)
    __semihosting_library_function           0x08000e1b   Thumb Code     0  indicate_semi.o(.text)
    _btod_d2e                                0x08000e1b   Thumb Code    62  btod.o(CL$$btod_d2e)
    _d2e_denorm_low                          0x08000e59   Thumb Code    70  btod.o(CL$$btod_d2e_denorm_low)
    _d2e_norm_op1                            0x08000e9f   Thumb Code    96  btod.o(CL$$btod_d2e_norm_op1)
    __btod_div_common                        0x08000eff   Thumb Code   696  btod.o(CL$$btod_div_common)
    _e2e                                     0x08001237   Thumb Code   198  btod.o(CL$$btod_e2e)
    _btod_ediv                               0x080012fd   Thumb Code    40  btod.o(CL$$btod_ediv)
    _btod_emul                               0x08001325   Thumb Code    40  btod.o(CL$$btod_emul)
    __btod_mult_common                       0x0800134d   Thumb Code   580  btod.o(CL$$btod_mult_common)
    A_ConvertRc2TargetAngle                  0x08001591   Thumb Code    34  gimbal.o(i.A_ConvertRc2TargetAngle)
    A_ConvertRc2TargetOnoff                  0x080015b9   Thumb Code     2  shooter.o(i.A_ConvertRc2TargetOnoff)
    A_ConvertRc2TargetSpeed                  0x080015bd   Thumb Code    42  chassis.o(i.A_ConvertRc2TargetSpeed)
    AnglePitchCheck                          0x080015ed   Thumb Code     4  gyromag.o(i.AnglePitchCheck)
    AngleYawCheck                            0x080015f1   Thumb Code     4  gyromag.o(i.AngleYawCheck)
    AverageCalibrate                         0x080015f5   Thumb Code   342  calibrater.o(i.AverageCalibrate)
    BusFault_Handler                         0x08001799   Thumb Code     4  stm32f4xx_it.o(i.BusFault_Handler)
    CAN1_RX0_IRQHandler                      0x0800179d   Thumb Code   260  can1.o(i.CAN1_RX0_IRQHandler)
    CAN2_RX0_IRQHandler                      0x080018b9   Thumb Code   274  can2.o(i.CAN2_RX0_IRQHandler)
    CAN2_TX_IRQHandler                       0x080019f1   Thumb Code    22  can2.o(i.CAN2_TX_IRQHandler)
    CAN_ClearFlag                            0x08001a0d   Thumb Code    52  stm32f4xx_can.o(i.CAN_ClearFlag)
    CAN_ClearITPendingBit                    0x08001a45   Thumb Code   162  stm32f4xx_can.o(i.CAN_ClearITPendingBit)
    CAN_DeInit                               0x08001aed   Thumb Code    50  stm32f4xx_can.o(i.CAN_DeInit)
    CAN_FilterInit                           0x08001b25   Thumb Code   258  stm32f4xx_can.o(i.CAN_FilterInit)
    CAN_GetITStatus                          0x08001c2d   Thumb Code   284  stm32f4xx_can.o(i.CAN_GetITStatus)
    CAN_ITConfig                             0x08001d4d   Thumb Code    18  stm32f4xx_can.o(i.CAN_ITConfig)
    CAN_Init                                 0x08001d5f   Thumb Code   276  stm32f4xx_can.o(i.CAN_Init)
    CAN_Receive                              0x08001e73   Thumb Code   240  stm32f4xx_can.o(i.CAN_Receive)
    CAN_StructInit                           0x08001f63   Thumb Code    32  stm32f4xx_can.o(i.CAN_StructInit)
    CAN_Transmit                             0x08001f83   Thumb Code   294  stm32f4xx_can.o(i.CAN_Transmit)
    CalcChassisPID                           0x080020a9   Thumb Code    28  chassis.o(i.CalcChassisPID)
    CalcGimbalPid                            0x080020d5   Thumb Code   312  gimbal.o(i.CalcGimbalPid)
    CalcIncrementPid                         0x0800224d   Thumb Code   186  pid.o(i.CalcIncrementPid)
    CalcPitchPid                             0x08002311   Thumb Code   724  pid.o(i.CalcPitchPid)
    CalcPositionPid                          0x080025f5   Thumb Code   260  pid.o(i.CalcPositionPid)
    CalcYawPid                               0x080026fd   Thumb Code   700  pid.o(i.CalcYawPid)
    Can1SendMsg2Chassis                      0x080029c9   Thumb Code    94  can1.o(i.Can1SendMsg2Chassis)
    Can2Send2Gimbal                          0x08002a2d   Thumb Code   102  can2.o(i.Can2Send2Gimbal)
    ChassisControlTask                       0x08002aa5   Thumb Code   204  chassis.o(i.ChassisControlTask)
    ChassisFollow                            0x08002bad   Thumb Code   516  chassis.o(i.ChassisFollow)
    ChassisTranslation                       0x08002df9   Thumb Code   214  chassis.o(i.ChassisTranslation)
    ControlTask                              0x08002f09   Thumb Code   142  control_task.o(i.ControlTask)
    DMA2_Stream1_IRQHandler                  0x08002fad   Thumb Code    30  usart6.o(i.DMA2_Stream1_IRQHandler)
    DMA2_Stream5_IRQHandler                  0x08002fd9   Thumb Code    36  usart1.o(i.DMA2_Stream5_IRQHandler)
    DMA_ClearFlag                            0x0800300d   Thumb Code    38  stm32f4xx_dma.o(i.DMA_ClearFlag)
    DMA_ClearITPendingBit                    0x08003041   Thumb Code    38  stm32f4xx_dma.o(i.DMA_ClearITPendingBit)
    DMA_Cmd                                  0x08003075   Thumb Code    22  stm32f4xx_dma.o(i.DMA_Cmd)
    DMA_DeInit                               0x0800308d   Thumb Code   324  stm32f4xx_dma.o(i.DMA_DeInit)
    DMA_GetCmdStatus                         0x080031e5   Thumb Code    20  stm32f4xx_dma.o(i.DMA_GetCmdStatus)
    DMA_GetCurrDataCounter                   0x080031f9   Thumb Code     8  stm32f4xx_dma.o(i.DMA_GetCurrDataCounter)
    DMA_GetITStatus                          0x08003201   Thumb Code    82  stm32f4xx_dma.o(i.DMA_GetITStatus)
    DMA_ITConfig                             0x08003265   Thumb Code    58  stm32f4xx_dma.o(i.DMA_ITConfig)
    DMA_Init                                 0x080032a1   Thumb Code    82  stm32f4xx_dma.o(i.DMA_Init)
    DMA_SetCurrDataCounter                   0x080032f9   Thumb Code     4  stm32f4xx_dma.o(i.DMA_SetCurrDataCounter)
    DebugMon_Handler                         0x080032fd   Thumb Code     2  stm32f4xx_it.o(i.DebugMon_Handler)
    FricRotate                               0x080032ff   Thumb Code    14  shooter.o(i.FricRotate)
    FricSpeedClose2                          0x0800330d   Thumb Code    76  pwm.o(i.FricSpeedClose2)
    FricStop                                 0x08003361   Thumb Code    14  shooter.o(i.FricStop)
    FricTask                                 0x08003371   Thumb Code    28  shooter.o(i.FricTask)
    GPIO_Init                                0x08003391   Thumb Code   144  stm32f4xx_gpio.o(i.GPIO_Init)
    GPIO_PinAFConfig                         0x08003421   Thumb Code    70  stm32f4xx_gpio.o(i.GPIO_PinAFConfig)
    GPIO_SetBits                             0x08003467   Thumb Code     4  stm32f4xx_gpio.o(i.GPIO_SetBits)
    GetGyroRawData                           0x0800346d   Thumb Code    92  gyromag.o(i.GetGyroRawData)
    GetNewYorkTargetManchanicalAngle         0x080034dd   Thumb Code   142  chassis.o(i.GetNewYorkTargetManchanicalAngle)
    GimbalControlTask                        0x08003585   Thumb Code   124  gimbal.o(i.GimbalControlTask)
    HMC_Get_Data                             0x08003641   Thumb Code   156  gyromag.o(i.HMC_Get_Data)
    HardFault_Handler                        0x080036e1   Thumb Code     4  stm32f4xx_it.o(i.HardFault_Handler)
    IIC_Ack                                  0x080036e5   Thumb Code    56  iic.o(i.IIC_Ack)
    IIC_NAck                                 0x08003729   Thumb Code    56  iic.o(i.IIC_NAck)
    IIC_Read_Byte                            0x0800376d   Thumb Code    88  iic.o(i.IIC_Read_Byte)
    IIC_Send_Byte                            0x080037d1   Thumb Code    74  iic.o(i.IIC_Send_Byte)
    IIC_Start                                0x08003829   Thumb Code    54  iic.o(i.IIC_Start)
    IIC_Stop                                 0x0800386d   Thumb Code    52  iic.o(i.IIC_Stop)
    IIC_Wait_Ack                             0x080038ad   Thumb Code    76  iic.o(i.IIC_Wait_Ack)
    IncrementPid_tLimit                      0x08003905   Thumb Code    40  pid.o(i.IncrementPid_tLimit)
    InitCan1                                 0x0800392d   Thumb Code   214  can1.o(i.InitCan1)
    InitCan1NVIC                             0x08003a0d   Thumb Code    32  can1.o(i.InitCan1NVIC)
    InitCan2                                 0x08003a2d   Thumb Code   258  can2.o(i.InitCan2)
    InitChassisControlTask                   0x08003b39   Thumb Code     2  chassis.o(i.InitChassisControlTask)
    InitControlTask                          0x08003b3d   Thumb Code   144  control_task.o(i.InitControlTask)
    InitGimbalControlTask                    0x08003c05   Thumb Code     2  gimbal.o(i.InitGimbalControlTask)
    InitGyroMagTask                          0x08003c09   Thumb Code    32  gyromag.o(i.InitGyroMagTask)
    InitIIC                                  0x08003c2d   Thumb Code    54  iic.o(i.InitIIC)
    InitLed                                  0x08003c71   Thumb Code   126  led.o(i.InitLed)
    InitListenerTask                         0x08003d01   Thumb Code    42  listener.o(i.InitListenerTask)
    InitMag                                  0x08003d39   Thumb Code    28  gyromag.o(i.InitMag)
    InitPWM                                  0x08003d55   Thumb Code   198  pwm.o(i.InitPWM)
    InitRemoterTask                          0x08003e25   Thumb Code    12  remoter.o(i.InitRemoterTask)
    InitSPI4                                 0x08003e35   Thumb Code   204  spi.o(i.InitSPI4)
    InitSPI5                                 0x08003f09   Thumb Code   206  spi.o(i.InitSPI5)
    InitShootTask                            0x08003fe1   Thumb Code     2  shooter.o(i.InitShootTask)
    InitTimer3                               0x08003fe5   Thumb Code    60  timer3.o(i.InitTimer3)
    InitTimer3NVIC                           0x08004025   Thumb Code    42  timer3.o(i.InitTimer3NVIC)
    InitUsart1                               0x08004055   Thumb Code   146  usart1.o(i.InitUsart1)
    InitUsart1DMA                            0x080040f9   Thumb Code   122  usart1.o(i.InitUsart1DMA)
    InitUsart3                               0x08004181   Thumb Code   138  usart3.o(i.InitUsart3)
    InitUsart3NVIC                           0x08004215   Thumb Code    32  usart3.o(i.InitUsart3NVIC)
    InitUsart6                               0x08004235   Thumb Code   148  usart6.o(i.InitUsart6)
    InitUsart6DMA                            0x080042d1   Thumb Code   120  usart6.o(i.InitUsart6DMA)
    InitUsart6DMANVIC                        0x08004355   Thumb Code    32  usart6.o(i.InitUsart6DMANVIC)
    InitUsart6NVIC                           0x08004375   Thumb Code    32  usart6.o(i.InitUsart6NVIC)
    InitUsartIDLENVIC                        0x08004395   Thumb Code    34  usart1.o(i.InitUsartIDLENVIC)
    IsAtTheChannelValueFor14xtMs             0x080043b9   Thumb Code   132  remoter.o(i.IsAtTheChannelValueFor14xtMs)
    LimitChassisOutput                       0x08004451   Thumb Code    60  chassis.o(i.LimitChassisOutput)
    Listen                                   0x080044a5   Thumb Code    78  listener.o(i.Listen)
    ListenModule                             0x080044fd   Thumb Code    64  listener.o(i.ListenModule)
    ListenTask                               0x0800453d   Thumb Code    12  listener.o(i.ListenTask)
    MPU6500_Read_Reg                         0x08004549   Thumb Code    50  gyromag.o(i.MPU6500_Read_Reg)
    MPU6500_Write_Reg                        0x08004581   Thumb Code    50  gyromag.o(i.MPU6500_Write_Reg)
    MemManage_Handler                        0x080045b9   Thumb Code     4  stm32f4xx_it.o(i.MemManage_Handler)
    Multiple_read_HMC5983                    0x080045bd   Thumb Code    82  gyromag.o(i.Multiple_read_HMC5983)
    NMI_Handler                              0x0800460f   Thumb Code     2  stm32f4xx_it.o(i.NMI_Handler)
    NVIC_Init                                0x08004611   Thumb Code   106  misc.o(i.NVIC_Init)
    NVIC_PriorityGroupConfig                 0x08004689   Thumb Code    10  misc.o(i.NVIC_PriorityGroupConfig)
    NewYork                                  0x0800469d   Thumb Code   340  chassis.o(i.NewYork)
    OnIntoBlock                              0x08004835   Thumb Code   150  shooter.o(i.OnIntoBlock)
    OnModuleStateChanged                     0x0800495d   Thumb Code   614  listener.o(i.OnModuleStateChanged)
    OnRobotStateSwitch                       0x08004d91   Thumb Code    72  control_task.o(i.OnRobotStateSwitch)
    OnSwitchChanged                          0x08004e6d   Thumb Code   176  remoter.o(i.OnSwitchChanged)
    ParseRemoterData                         0x08004f3d   Thumb Code   316  remoter.o(i.ParseRemoterData)
    PendSV_Handler                           0x080050ad   Thumb Code     2  stm32f4xx_it.o(i.PendSV_Handler)
    PositionPid_tLimit                       0x080050af   Thumb Code    40  pid.o(i.PositionPid_tLimit)
    RCC_AHB1PeriphClockCmd                   0x080050d9   Thumb Code    26  stm32f4xx_rcc.o(i.RCC_AHB1PeriphClockCmd)
    RCC_APB1PeriphClockCmd                   0x080050f9   Thumb Code    26  stm32f4xx_rcc.o(i.RCC_APB1PeriphClockCmd)
    RCC_APB1PeriphResetCmd                   0x08005119   Thumb Code    26  stm32f4xx_rcc.o(i.RCC_APB1PeriphResetCmd)
    RCC_APB2PeriphClockCmd                   0x08005139   Thumb Code    26  stm32f4xx_rcc.o(i.RCC_APB2PeriphClockCmd)
    RCC_GetClocksFreq                        0x08005159   Thumb Code   214  stm32f4xx_rcc.o(i.RCC_GetClocksFreq)
    READ_MPU6500_GYRO                        0x08005241   Thumb Code    86  gyromag.o(i.READ_MPU6500_GYRO)
    R_ConvertRc2TargetAngle                  0x080052ad   Thumb Code   322  gimbal.o(i.R_ConvertRc2TargetAngle)
    R_ConvertRc2TargetOnoff                  0x08005425   Thumb Code   102  shooter.o(i.R_ConvertRc2TargetOnoff)
    R_ConvertRc2TargetSpeed                  0x08005495   Thumb Code     8  chassis.o(i.R_ConvertRc2TargetSpeed)
    ReadGyro                                 0x0800549d   Thumb Code    60  gyromag.o(i.ReadGyro)
    ReadGyroMag                              0x080054e5   Thumb Code    54  gyromag.o(i.ReadGyroMag)
    ReadMag                                  0x08005531   Thumb Code   122  gyromag.o(i.ReadMag)
    RemoteTask                               0x080055bd   Thumb Code   166  remoter.o(i.RemoteTask)
    RemoterDataCheck                         0x0800568d   Thumb Code   520  remoter.o(i.RemoterDataCheck)
    ResetIncrementPid                        0x080058a1   Thumb Code    92  pid.o(i.ResetIncrementPid)
    ResetUsart1DMA                           0x08005901   Thumb Code    34  usart1.o(i.ResetUsart1DMA)
    SPI4ReadWriteByte                        0x0800592d   Thumb Code    80  spi.o(i.SPI4ReadWriteByte)
    SPI5ReadWriteByte                        0x08005981   Thumb Code    78  spi.o(i.SPI5ReadWriteByte)
    SPI_Cmd                                  0x080059d5   Thumb Code    24  stm32f4xx_spi.o(i.SPI_Cmd)
    SPI_I2S_GetFlagStatus                    0x080059ed   Thumb Code    18  stm32f4xx_spi.o(i.SPI_I2S_GetFlagStatus)
    SPI_I2S_ReceiveData                      0x080059ff   Thumb Code     6  stm32f4xx_spi.o(i.SPI_I2S_ReceiveData)
    SPI_I2S_SendData                         0x08005a05   Thumb Code     4  stm32f4xx_spi.o(i.SPI_I2S_SendData)
    SPI_Init                                 0x08005a09   Thumb Code    60  stm32f4xx_spi.o(i.SPI_Init)
    SVC_Handler                              0x08005a45   Thumb Code     2  stm32f4xx_it.o(i.SVC_Handler)
    S_ConvertRc2TargetAngle                  0x08005a49   Thumb Code   152  gimbal.o(i.S_ConvertRc2TargetAngle)
    S_ConvertRc2TargetOnoff                  0x08005afd   Thumb Code     2  shooter.o(i.S_ConvertRc2TargetOnoff)
    S_ConvertRc2TargetSpeed                  0x08005aff   Thumb Code     2  chassis.o(i.S_ConvertRc2TargetSpeed)
    SaveHistory                              0x08005b01   Thumb Code    38  control_task.o(i.SaveHistory)
    SetFricSpeed                             0x08005b45   Thumb Code    48  pwm.o(i.SetFricSpeed)
    SetRemoteValue                           0x08005b81   Thumb Code    56  remoter.o(i.SetRemoteValue)
    SetWaveTarSpeed                          0x08005cd9   Thumb Code    34  shooter.o(i.SetWaveTarSpeed)
    ShootTask                                0x08005d01   Thumb Code   132  shooter.o(i.ShootTask)
    SoftTimerDescend                         0x08005dc9   Thumb Code    92  softtimer.o(i.SoftTimerDescend)
    SoftTimerReload                          0x08005e25   Thumb Code    10  softtimer.o(i.SoftTimerReload)
    SysTick_Handler                          0x08005e2f   Thumb Code     2  stm32f4xx_it.o(i.SysTick_Handler)
    SystemInit                               0x08005e31   Thumb Code    88  system_stm32f4xx.o(i.SystemInit)
    TIM3_IRQHandler                          0x08005e99   Thumb Code    38  timer3.o(i.TIM3_IRQHandler)
    TIM_ARRPreloadConfig                     0x08005ecd   Thumb Code    24  stm32f4xx_tim.o(i.TIM_ARRPreloadConfig)
    TIM_ClearITPendingBit                    0x08005ee5   Thumb Code     6  stm32f4xx_tim.o(i.TIM_ClearITPendingBit)
    TIM_Cmd                                  0x08005eeb   Thumb Code    24  stm32f4xx_tim.o(i.TIM_Cmd)
    TIM_GetITStatus                          0x08005f03   Thumb Code    34  stm32f4xx_tim.o(i.TIM_GetITStatus)
    TIM_ITConfig                             0x08005f25   Thumb Code    18  stm32f4xx_tim.o(i.TIM_ITConfig)
    TIM_OC1Init                              0x08005f39   Thumb Code   114  stm32f4xx_tim.o(i.TIM_OC1Init)
    TIM_OC1PreloadConfig                     0x08005fb5   Thumb Code    18  stm32f4xx_tim.o(i.TIM_OC1PreloadConfig)
    TIM_OC2Init                              0x08005fc9   Thumb Code   154  stm32f4xx_tim.o(i.TIM_OC2Init)
    TIM_OC2PreloadConfig                     0x0800606d   Thumb Code    26  stm32f4xx_tim.o(i.TIM_OC2PreloadConfig)
    TIM_SetCompare1                          0x08006087   Thumb Code     4  stm32f4xx_tim.o(i.TIM_SetCompare1)
    TIM_SetCompare2                          0x0800608b   Thumb Code     4  stm32f4xx_tim.o(i.TIM_SetCompare2)
    TIM_TimeBaseInit                         0x08006091   Thumb Code   104  stm32f4xx_tim.o(i.TIM_TimeBaseInit)
    USART1_IRQHandler                        0x08006115   Thumb Code    66  usart1.o(i.USART1_IRQHandler)
    USART3_IRQHandler                        0x08006165   Thumb Code    90  usart3.o(i.USART3_IRQHandler)
    USART6_IRQHandler                        0x080061d5   Thumb Code   130  usart6.o(i.USART6_IRQHandler)
    USART_Cmd                                0x08006275   Thumb Code    24  stm32f4xx_usart.o(i.USART_Cmd)
    USART_DMACmd                             0x0800628d   Thumb Code    18  stm32f4xx_usart.o(i.USART_DMACmd)
    USART_GetITStatus                        0x0800629f   Thumb Code    84  stm32f4xx_usart.o(i.USART_GetITStatus)
    USART_ITConfig                           0x080062f3   Thumb Code    74  stm32f4xx_usart.o(i.USART_ITConfig)
    USART_Init                               0x0800633d   Thumb Code   204  stm32f4xx_usart.o(i.USART_Init)
    UpdateRobotControlMode                   0x08006411   Thumb Code   274  remoter.o(i.UpdateRobotControlMode)
    UpdateRobotFSM                           0x0800664d   Thumb Code    78  control_task.o(i.UpdateRobotFSM)
    UsageFault_Handler                       0x080066a9   Thumb Code     4  stm32f4xx_it.o(i.UsageFault_Handler)
    WaveBlockDetect                          0x080066ad   Thumb Code    72  shooter.o(i.WaveBlockDetect)
    WaveNegativeRotate                       0x080066f9   Thumb Code    16  shooter.o(i.WaveNegativeRotate)
    WavePositiveRotate                       0x08006711   Thumb Code    18  shooter.o(i.WavePositiveRotate)
    WaveStop                                 0x08006729   Thumb Code    16  shooter.o(i.WaveStop)
    Write_HMC5983                            0x0800673d   Thumb Code    46  gyromag.o(i.Write_HMC5983)
    __ARM_fpclassify                         0x0800676b   Thumb Code    48  fpclassify.o(i.__ARM_fpclassify)
    __hardfp_atan                            0x080067a1   Thumb Code   622  atan.o(i.__hardfp_atan)
    __hardfp_atan2                           0x08006a79   Thumb Code   432  atan2.o(i.__hardfp_atan2)
    __hardfp_fabs                            0x08006c69   Thumb Code    20  fabs.o(i.__hardfp_fabs)
    __kernel_poly                            0x08006c7d   Thumb Code   248  poly.o(i.__kernel_poly)
    __mathlib_dbl_infnan                     0x08006d75   Thumb Code    20  dunder.o(i.__mathlib_dbl_infnan)
    __mathlib_dbl_infnan2                    0x08006d89   Thumb Code    20  dunder.o(i.__mathlib_dbl_infnan2)
    __mathlib_dbl_underflow                  0x08006da1   Thumb Code    24  dunder.o(i.__mathlib_dbl_underflow)
    _is_digit                                0x08006dc1   Thumb Code    14  __printf_wp.o(i._is_digit)
    atan                                     0x08006dcf   Thumb Code    16  atan.o(i.atan)
    delay_200ns                              0x08006ddf   Thumb Code    30  delay.o(i.delay_200ns)
    delay_ms                                 0x08006dfd   Thumb Code    28  delay.o(i.delay_ms)
    delay_us                                 0x08006e19   Thumb Code    26  delay.o(i.delay_us)
    fabs                                     0x08006e33   Thumb Code    24  fabs.o(i.fabs)
    fputc                                    0x08006e4d   Thumb Code    24  usart3.o(i.fputc)
    initMPU6500                              0x08006e69   Thumb Code   120  gyromag.o(i.initMPU6500)
    main                                     0x08006ee1   Thumb Code   106  main.o(i.main)
    _get_lc_numeric                          0x08006f65   Thumb Code    44  lc_numeric_c.o(locale$$code)
    __aeabi_dneg                             0x08006f91   Thumb Code     0  basic.o(x$fpl$basic)
    _dneg                                    0x08006f91   Thumb Code     6  basic.o(x$fpl$basic)
    __aeabi_fneg                             0x08006f97   Thumb Code     0  basic.o(x$fpl$basic)
    _fneg                                    0x08006f97   Thumb Code     6  basic.o(x$fpl$basic)
    _dabs                                    0x08006f9d   Thumb Code     6  basic.o(x$fpl$basic)
    _fabs                                    0x08006fa3   Thumb Code     6  basic.o(x$fpl$basic)
    __aeabi_d2f                              0x08006fa9   Thumb Code     0  d2f.o(x$fpl$d2f)
    _d2f                                     0x08006fa9   Thumb Code    98  d2f.o(x$fpl$d2f)
    __aeabi_dadd                             0x0800700d   Thumb Code     0  daddsub_clz.o(x$fpl$dadd)
    _dadd                                    0x0800700d   Thumb Code   332  daddsub_clz.o(x$fpl$dadd)
    __fpl_dcmp_Inf                           0x0800715d   Thumb Code    24  dcmpi.o(x$fpl$dcmpinf)
    __aeabi_ddiv                             0x08007175   Thumb Code     0  ddiv.o(x$fpl$ddiv)
    _ddiv                                    0x08007175   Thumb Code   552  ddiv.o(x$fpl$ddiv)
    __aeabi_cdcmpeq                          0x08007425   Thumb Code     0  deqf.o(x$fpl$deqf)
    _dcmpeq                                  0x08007425   Thumb Code   120  deqf.o(x$fpl$deqf)
    __aeabi_d2iz                             0x0800749d   Thumb Code     0  dfix.o(x$fpl$dfix)
    _dfix                                    0x0800749d   Thumb Code    94  dfix.o(x$fpl$dfix)
    __aeabi_i2d                              0x080074fb   Thumb Code     0  dflt_clz.o(x$fpl$dflt)
    _dflt                                    0x080074fb   Thumb Code    46  dflt_clz.o(x$fpl$dflt)
    __aeabi_cdcmple                          0x08007529   Thumb Code     0  dleqf.o(x$fpl$dleqf)
    _dcmple                                  0x08007529   Thumb Code   120  dleqf.o(x$fpl$dleqf)
    __fpl_dcmple_InfNaN                      0x0800758b   Thumb Code     0  dleqf.o(x$fpl$dleqf)
    __aeabi_dmul                             0x080075a1   Thumb Code     0  dmul.o(x$fpl$dmul)
    _dmul                                    0x080075a1   Thumb Code   332  dmul.o(x$fpl$dmul)
    __fpl_dnaninf                            0x080076f5   Thumb Code   156  dnaninf.o(x$fpl$dnaninf)
    __fpl_dretinf                            0x08007791   Thumb Code    12  dretinf.o(x$fpl$dretinf)
    __aeabi_drsub                            0x0800779d   Thumb Code     0  daddsub_clz.o(x$fpl$drsb)
    _drsb                                    0x0800779d   Thumb Code    22  daddsub_clz.o(x$fpl$drsb)
    __aeabi_dsub                             0x080077b5   Thumb Code     0  daddsub_clz.o(x$fpl$dsub)
    _dsub                                    0x080077b5   Thumb Code   464  daddsub_clz.o(x$fpl$dsub)
    __aeabi_f2d                              0x08007989   Thumb Code     0  f2d.o(x$fpl$f2d)
    _f2d                                     0x08007989   Thumb Code    86  f2d.o(x$fpl$f2d)
    __fpl_fnaninf                            0x080079df   Thumb Code   140  fnaninf.o(x$fpl$fnaninf)
    _fp_init                                 0x08007a6b   Thumb Code    10  fpinit.o(x$fpl$fpinit)
    __fplib_config_fpu_vfp                   0x08007a73   Thumb Code     0  fpinit.o(x$fpl$fpinit)
    __fplib_config_pureend_doubles           0x08007a73   Thumb Code     0  fpinit.o(x$fpl$fpinit)
    __fpl_fretinf                            0x08007a75   Thumb Code    10  fretinf.o(x$fpl$fretinf)
    _printf_fp_dec                           0x08007a7f   Thumb Code     4  printf1.o(x$fpl$printf1)
    __I$use$fp                               0x08007a82   Number         0  usenofp.o(x$fpl$usenofp)
    __mathlib_zero                           0x08007b20   Data           8  qnan.o(.constdata)
    Region$$Table$$Base                      0x08007c00   Number         0  anon$$obj.o(Region$$Table)
    Region$$Table$$Limit                     0x08007c20   Number         0  anon$$obj.o(Region$$Table)
    wait_can_init_ok                         0x20000010   Data           1  can1.o(.data)
    pitch_can2prep_output                    0x20000014   Data           2  can2.o(.data)
    yaw_can2prep_output                      0x20000016   Data           2  can2.o(.data)
    wave_can2prep_output                     0x20000018   Data           2  can2.o(.data)
    yaw_machanical_angle                     0x2000001a   Data           2  can2.o(.data)
    old_yaw_machanical_angle                 0x2000001c   Data           2  can2.o(.data)
    yaw_machanical_round                     0x2000001e   Data           2  can2.o(.data)
    is_remote_received                       0x20000022   Data           1  usart1.o(.data)
    __stdout                                 0x20000024   Data           4  usart3.o(.data)
    usart3_recv_cnt                          0x20000028   Data           1  usart3.o(.data)
    is_start_new_frame                       0x20000029   Data           1  usart3.o(.data)
    usart3_recv_a_frame_flag                 0x2000002a   Data           1  usart3.o(.data)
    sight_rx_buf                             0x2000002b   Data           8  usart6.o(.data)
    sight_received_a_frame_flag              0x20000033   Data           1  usart6.o(.data)
    ONLINE_FLAG                              0x20000034   Data           2  listener.o(.data)
    OLD_ONLINE_FLAG                          0x20000036   Data           2  listener.o(.data)
    fl_pid                                   0x20000044   Data          52  chassis.o(.data)
    fr_pid                                   0x20000078   Data          52  chassis.o(.data)
    bl_pid                                   0x200000ac   Data          52  chassis.o(.data)
    br_pid                                   0x200000e0   Data          52  chassis.o(.data)
    follow_pid                               0x20000114   Data          52  chassis.o(.data)
    newyork_pid                              0x20000148   Data          52  chassis.o(.data)
    temp_dev_angle_tar                       0x2000017c   Data           2  chassis.o(.data)
    robot_FSM                                0x200001a4   Data           3  control_task.o(.data)
    init_done_flag                           0x200001a7   Data           1  control_task.o(.data)
    is_start_timer_descend1                  0x200001a8   Data           1  control_task.o(.data)
    is_start_timer_descend2                  0x200001a9   Data           1  control_task.o(.data)
    timer1                                   0x200001ac   Data          28  control_task.o(.data)
    timer2                                   0x200001c8   Data          28  control_task.o(.data)
    yaw_output                               0x200001e8   Data           4  gimbal.o(.data)
    pitch_output                             0x200001ec   Data           4  gimbal.o(.data)
    yaw_pid                                  0x200001f0   Data          64  gimbal.o(.data)
    pitch_pid                                0x20000230   Data          64  gimbal.o(.data)
    yaw_gyro_pid                             0x20000270   Data          52  gimbal.o(.data)
    yaw_machanical_pid                       0x200002a4   Data          52  gimbal.o(.data)
    auto_find_yaw_pid                        0x200002d8   Data          52  gimbal.o(.data)
    remote_controller                        0x2000030c   Data          22  remoter.o(.data)
    old_remote_controller                    0x20000322   Data          22  remoter.o(.data)
    wave_move_flag                           0x20000338   Data           5  remoter.o(.data)
    is_remote_valid                          0x2000033d   Data           1  remoter.o(.data)
    is_start_accel_cali                      0x2000033e   Data           1  remoter.o(.data)
    is_start_gyro_cali                       0x2000033f   Data           1  remoter.o(.data)
    s2_state                                 0x20000340   Data           1  remoter.o(.data)
    is_waiba                                 0x20000341   Data           1  remoter.o(.data)
    timer3                                   0x20000344   Data          28  remoter.o(.data)
    wave_motor_pid                           0x20000380   Data          52  shooter.o(.data)
    wave_motor_speed                         0x200003b4   Data           2  shooter.o(.data)
    fric_state                               0x200003b6   Data           1  shooter.o(.data)
    wave_rotate_direction                    0x200003b7   Data           1  shooter.o(.data)
    is_wave_block                            0x200003b8   Data           1  shooter.o(.data)
    old_is_wave_block                        0x200003b9   Data           1  shooter.o(.data)
    mid_speed                                0x200003ba   Data           2  shooter.o(.data)
    top_speed                                0x200003bc   Data           2  shooter.o(.data)
    yaw                                      0x200003c4   Data          20  gyromag.o(.data)
    pitch                                    0x200003d8   Data          20  gyromag.o(.data)
    gyro_pid                                 0x200003ec   Data          52  gyromag.o(.data)
    gyro_offset_calibrater                   0x20000420   Data          36  gyromag.o(.data)
    yaw_mag                                  0x20000444   Data           4  gyromag.o(.data)
    angle_yaw_valid                          0x20000448   Data           1  gyromag.o(.data)
    angle_pitch_valid                        0x20000449   Data           1  gyromag.o(.data)
    mpu6500_yaw                              0x2000044c   Data           4  gyromag.o(.data)
    mpu6500_gyro_w_z                         0x20000450   Data           4  gyromag.o(.data)
    mag_data                                 0x20000454   Data           6  gyromag.o(.data)
    motor_speed_arr                          0x20000470   Data          14  can1.o(.bss)
    can_rx_cnt_arr                           0x20000480   Data          28  can1.o(.bss)
    sbus_rx_buffer                           0x2000049c   Data          18  usart1.o(.bss)
    usart3_recv_buf                          0x200004ae   Data          64  usart3.o(.bss)
    listen_cnt                               0x200004ee   Data          10  listener.o(.bss)
    __libspace_start                         0x20000510   Data          96  libspace.o(.bss)
    __temporary_stack_top$libspace           0x20000570   Data           0  libspace.o(.bss)



==============================================================================

Memory Map of the image

  Image Entry point : 0x080001ad

  Load Region LR_IROM1 (Base: 0x08000000, Size: 0x000080ac, Max: 0x00200000, ABSOLUTE, COMPRESSED[0x00007d38])

    Execution Region ER_IROM1 (Base: 0x08000000, Size: 0x00007c3c, Max: 0x00200000, ABSOLUTE)

    Base Addr    Size         Type   Attr      Idx    E Section Name        Object

    0x08000000   0x000001ac   Data   RO         4889    RESET               startup_stm32f427xx.o
    0x080001ac   0x00000008   Code   RO         6412  * !!!main             c_w.l(__main.o)
    0x080001b4   0x00000034   Code   RO         6735    !!!scatter          c_w.l(__scatter.o)
    0x080001e8   0x0000005a   Code   RO         6733    !!dczerorl2         c_w.l(__dczerorl2.o)
    0x08000242   0x00000002   PAD
    0x08000244   0x0000001c   Code   RO         6737    !!handler_zi        c_w.l(__scatter_zi.o)
    0x08000260   0x00000000   Code   RO         6405    .ARM.Collect$$_printf_percent$$00000000  c_w.l(_printf_percent.o)
    0x08000260   0x00000006   Code   RO         6404    .ARM.Collect$$_printf_percent$$00000003  c_w.l(_printf_f.o)
    0x08000266   0x00000006   Code   RO         6403    .ARM.Collect$$_printf_percent$$00000009  c_w.l(_printf_d.o)
    0x0800026c   0x00000004   Code   RO         6475    .ARM.Collect$$_printf_percent$$00000017  c_w.l(_printf_percent_end.o)
    0x08000270   0x00000002   Code   RO         6607    .ARM.Collect$$libinit$$00000000  c_w.l(libinit.o)
    0x08000272   0x00000004   Code   RO         6608    .ARM.Collect$$libinit$$00000001  c_w.l(libinit2.o)
    0x08000276   0x00000000   Code   RO         6611    .ARM.Collect$$libinit$$00000004  c_w.l(libinit2.o)
    0x08000276   0x00000000   Code   RO         6614    .ARM.Collect$$libinit$$0000000A  c_w.l(libinit2.o)
    0x08000276   0x00000000   Code   RO         6616    .ARM.Collect$$libinit$$0000000C  c_w.l(libinit2.o)
    0x08000276   0x00000000   Code   RO         6618    .ARM.Collect$$libinit$$0000000E  c_w.l(libinit2.o)
    0x08000276   0x00000006   Code   RO         6619    .ARM.Collect$$libinit$$0000000F  c_w.l(libinit2.o)
    0x0800027c   0x00000000   Code   RO         6621    .ARM.Collect$$libinit$$00000011  c_w.l(libinit2.o)
    0x0800027c   0x00000000   Code   RO         6623    .ARM.Collect$$libinit$$00000013  c_w.l(libinit2.o)
    0x0800027c   0x00000000   Code   RO         6625    .ARM.Collect$$libinit$$00000015  c_w.l(libinit2.o)
    0x0800027c   0x0000000a   Code   RO         6626    .ARM.Collect$$libinit$$00000016  c_w.l(libinit2.o)
    0x08000286   0x00000000   Code   RO         6627    .ARM.Collect$$libinit$$00000017  c_w.l(libinit2.o)
    0x08000286   0x00000000   Code   RO         6629    .ARM.Collect$$libinit$$00000019  c_w.l(libinit2.o)
    0x08000286   0x00000000   Code   RO         6631    .ARM.Collect$$libinit$$0000001B  c_w.l(libinit2.o)
    0x08000286   0x00000000   Code   RO         6633    .ARM.Collect$$libinit$$0000001D  c_w.l(libinit2.o)
    0x08000286   0x00000000   Code   RO         6635    .ARM.Collect$$libinit$$0000001F  c_w.l(libinit2.o)
    0x08000286   0x00000000   Code   RO         6637    .ARM.Collect$$libinit$$00000021  c_w.l(libinit2.o)
    0x08000286   0x00000000   Code   RO         6639    .ARM.Collect$$libinit$$00000023  c_w.l(libinit2.o)
    0x08000286   0x00000000   Code   RO         6641    .ARM.Collect$$libinit$$00000025  c_w.l(libinit2.o)
    0x08000286   0x00000000   Code   RO         6645    .ARM.Collect$$libinit$$0000002C  c_w.l(libinit2.o)
    0x08000286   0x00000000   Code   RO         6647    .ARM.Collect$$libinit$$0000002E  c_w.l(libinit2.o)
    0x08000286   0x00000000   Code   RO         6649    .ARM.Collect$$libinit$$00000030  c_w.l(libinit2.o)
    0x08000286   0x00000000   Code   RO         6651    .ARM.Collect$$libinit$$00000032  c_w.l(libinit2.o)
    0x08000286   0x00000002   Code   RO         6652    .ARM.Collect$$libinit$$00000033  c_w.l(libinit2.o)
    0x08000288   0x00000002   Code   RO         6682    .ARM.Collect$$libshutdown$$00000000  c_w.l(libshutdown.o)
    0x0800028a   0x00000000   Code   RO         6694    .ARM.Collect$$libshutdown$$00000003  c_w.l(libshutdown2.o)
    0x0800028a   0x00000000   Code   RO         6697    .ARM.Collect$$libshutdown$$00000006  c_w.l(libshutdown2.o)
    0x0800028a   0x00000000   Code   RO         6700    .ARM.Collect$$libshutdown$$00000009  c_w.l(libshutdown2.o)
    0x0800028a   0x00000000   Code   RO         6702    .ARM.Collect$$libshutdown$$0000000B  c_w.l(libshutdown2.o)
    0x0800028a   0x00000000   Code   RO         6705    .ARM.Collect$$libshutdown$$0000000E  c_w.l(libshutdown2.o)
    0x0800028a   0x00000002   Code   RO         6706    .ARM.Collect$$libshutdown$$0000000F  c_w.l(libshutdown2.o)
    0x0800028c   0x00000000   Code   RO         6466    .ARM.Collect$$rtentry$$00000000  c_w.l(__rtentry.o)
    0x0800028c   0x00000000   Code   RO         6523    .ARM.Collect$$rtentry$$00000002  c_w.l(__rtentry2.o)
    0x0800028c   0x00000006   Code   RO         6535    .ARM.Collect$$rtentry$$00000004  c_w.l(__rtentry4.o)
    0x08000292   0x00000000   Code   RO         6525    .ARM.Collect$$rtentry$$00000009  c_w.l(__rtentry2.o)
    0x08000292   0x00000004   Code   RO         6526    .ARM.Collect$$rtentry$$0000000A  c_w.l(__rtentry2.o)
    0x08000296   0x00000000   Code   RO         6528    .ARM.Collect$$rtentry$$0000000C  c_w.l(__rtentry2.o)
    0x08000296   0x00000008   Code   RO         6529    .ARM.Collect$$rtentry$$0000000D  c_w.l(__rtentry2.o)
    0x0800029e   0x00000002   Code   RO         6653    .ARM.Collect$$rtexit$$00000000  c_w.l(rtexit.o)
    0x080002a0   0x00000000   Code   RO         6660    .ARM.Collect$$rtexit$$00000002  c_w.l(rtexit2.o)
    0x080002a0   0x00000004   Code   RO         6661    .ARM.Collect$$rtexit$$00000003  c_w.l(rtexit2.o)
    0x080002a4   0x00000006   Code   RO         6662    .ARM.Collect$$rtexit$$00000004  c_w.l(rtexit2.o)
    0x080002aa   0x00000002   PAD
    0x080002ac   0x00000040   Code   RO         4890    .text               startup_stm32f427xx.o
    0x080002ec   0x00000018   Code   RO         6377    .text               c_w.l(noretval__2printf.o)
    0x08000304   0x00000078   Code   RO         6381    .text               c_w.l(_printf_dec.o)
    0x0800037c   0x0000010e   Code   RO         6391    .text               c_w.l(__printf_wp.o)
    0x0800048a   0x0000008a   Code   RO         6406    .text               c_w.l(rt_memcpy_v6.o)
    0x08000514   0x00000044   Code   RO         6408    .text               c_w.l(rt_memclr.o)
    0x08000558   0x00000006   Code   RO         6410    .text               c_w.l(heapauxi.o)
    0x0800055e   0x000000b2   Code   RO         6469    .text               c_w.l(_printf_intcommon.o)
    0x08000610   0x0000041a   Code   RO         6471    .text               c_w.l(_printf_fp_dec.o)
    0x08000a2a   0x00000002   PAD
    0x08000a2c   0x00000024   Code   RO         6473    .text               c_w.l(_printf_char_file.o)
    0x08000a50   0x00000064   Code   RO         6476    .text               c_w.l(rt_memcpy_w.o)
    0x08000ab4   0x0000004e   Code   RO         6478    .text               c_w.l(rt_memclr_w.o)
    0x08000b02   0x00000002   PAD
    0x08000b04   0x00000008   Code   RO         6540    .text               c_w.l(rt_locale_intlibspace.o)
    0x08000b0c   0x0000008a   Code   RO         6547    .text               c_w.l(lludiv10.o)
    0x08000b96   0x00000002   PAD
    0x08000b98   0x00000030   Code   RO         6549    .text               c_w.l(_printf_char_common.o)
    0x08000bc8   0x00000080   Code   RO         6551    .text               c_w.l(_printf_fp_infnan.o)
    0x08000c48   0x000000dc   Code   RO         6553    .text               c_w.l(bigflt0.o)
    0x08000d24   0x00000008   Code   RO         6578    .text               c_w.l(ferror.o)
    0x08000d2c   0x00000008   Code   RO         6591    .text               c_w.l(libspace.o)
    0x08000d34   0x0000004a   Code   RO         6594    .text               c_w.l(sys_stackheap_outer.o)
    0x08000d7e   0x0000000c   Code   RO         6598    .text               c_w.l(exit.o)
    0x08000d8a   0x00000002   PAD
    0x08000d8c   0x00000080   Code   RO         6600    .text               c_w.l(strcmpv7m.o)
    0x08000e0c   0x0000000c   Code   RO         6672    .text               c_w.l(sys_exit.o)
    0x08000e18   0x00000002   Code   RO         6683    .text               c_w.l(use_no_semi.o)
    0x08000e1a   0x00000000   Code   RO         6685    .text               c_w.l(indicate_semi.o)
    0x08000e1a   0x0000003e   Code   RO         6556    CL$$btod_d2e        c_w.l(btod.o)
    0x08000e58   0x00000046   Code   RO         6558    CL$$btod_d2e_denorm_low  c_w.l(btod.o)
    0x08000e9e   0x00000060   Code   RO         6557    CL$$btod_d2e_norm_op1  c_w.l(btod.o)
    0x08000efe   0x00000338   Code   RO         6566    CL$$btod_div_common  c_w.l(btod.o)
    0x08001236   0x000000c6   Code   RO         6563    CL$$btod_e2e        c_w.l(btod.o)
    0x080012fc   0x00000028   Code   RO         6560    CL$$btod_ediv       c_w.l(btod.o)
    0x08001324   0x00000028   Code   RO         6559    CL$$btod_emul       c_w.l(btod.o)
    0x0800134c   0x00000244   Code   RO         6565    CL$$btod_mult_common  c_w.l(btod.o)
    0x08001590   0x00000028   Code   RO         5918    i.A_ConvertRc2TargetAngle  gimbal.o
    0x080015b8   0x00000002   Code   RO         6093    i.A_ConvertRc2TargetOnoff  shooter.o
    0x080015ba   0x00000002   PAD
    0x080015bc   0x00000030   Code   RO         5773    i.A_ConvertRc2TargetSpeed  chassis.o
    0x080015ec   0x00000004   Code   RO         6198    i.AnglePitchCheck   gyromag.o
    0x080015f0   0x00000004   Code   RO         6199    i.AngleYawCheck     gyromag.o
    0x080015f4   0x000001a4   Code   RO         5749    i.AverageCalibrate  calibrater.o
    0x08001798   0x00000004   Code   RO         4896    i.BusFault_Handler  stm32f4xx_it.o
    0x0800179c   0x0000011c   Code   RO         5053    i.CAN1_RX0_IRQHandler  can1.o
    0x080018b8   0x00000138   Code   RO         5105    i.CAN2_RX0_IRQHandler  can2.o
    0x080019f0   0x0000001c   Code   RO         5106    i.CAN2_TX_IRQHandler  can2.o
    0x08001a0c   0x00000038   Code   RO          583    i.CAN_ClearFlag     stm32f4xx_can.o
    0x08001a44   0x000000a8   Code   RO          584    i.CAN_ClearITPendingBit  stm32f4xx_can.o
    0x08001aec   0x00000038   Code   RO          586    i.CAN_DeInit        stm32f4xx_can.o
    0x08001b24   0x00000108   Code   RO          588    i.CAN_FilterInit    stm32f4xx_can.o
    0x08001c2c   0x00000120   Code   RO          590    i.CAN_GetITStatus   stm32f4xx_can.o
    0x08001d4c   0x00000012   Code   RO          594    i.CAN_ITConfig      stm32f4xx_can.o
    0x08001d5e   0x00000114   Code   RO          595    i.CAN_Init          stm32f4xx_can.o
    0x08001e72   0x000000f0   Code   RO          598    i.CAN_Receive       stm32f4xx_can.o
    0x08001f62   0x00000020   Code   RO          601    i.CAN_StructInit    stm32f4xx_can.o
    0x08001f82   0x00000126   Code   RO          603    i.CAN_Transmit      stm32f4xx_can.o
    0x080020a8   0x0000002c   Code   RO         5774    i.CalcChassisPID    chassis.o
    0x080020d4   0x00000178   Code   RO         5919    i.CalcGimbalPid     gimbal.o
    0x0800224c   0x000000c4   Code   RO         5641    i.CalcIncrementPid  pid.o
    0x08002310   0x000002e4   Code   RO         5642    i.CalcPitchPid      pid.o
    0x080025f4   0x00000108   Code   RO         5643    i.CalcPositionPid   pid.o
    0x080026fc   0x000002cc   Code   RO         5644    i.CalcYawPid        pid.o
    0x080029c8   0x00000064   Code   RO         5054    i.Can1SendMsg2Chassis  can1.o
    0x08002a2c   0x00000078   Code   RO         5107    i.Can2Send2Gimbal   can2.o
    0x08002aa4   0x00000108   Code   RO         5775    i.ChassisControlTask  chassis.o
    0x08002bac   0x0000024c   Code   RO         5776    i.ChassisFollow     chassis.o
    0x08002df8   0x000000fc   Code   RO         5777    i.ChassisTranslation  chassis.o
    0x08002ef4   0x00000012   Code   RO          606    i.CheckITStatus     stm32f4xx_can.o
    0x08002f06   0x00000002   PAD
    0x08002f08   0x000000a4   Code   RO         5861    i.ControlTask       control_task.o
    0x08002fac   0x0000002c   Code   RO         5314    i.DMA2_Stream1_IRQHandler  usart6.o
    0x08002fd8   0x00000034   Code   RO         5196    i.DMA2_Stream5_IRQHandler  usart1.o
    0x0800300c   0x00000034   Code   RO         1283    i.DMA_ClearFlag     stm32f4xx_dma.o
    0x08003040   0x00000034   Code   RO         1284    i.DMA_ClearITPendingBit  stm32f4xx_dma.o
    0x08003074   0x00000016   Code   RO         1285    i.DMA_Cmd           stm32f4xx_dma.o
    0x0800308a   0x00000002   PAD
    0x0800308c   0x00000158   Code   RO         1286    i.DMA_DeInit        stm32f4xx_dma.o
    0x080031e4   0x00000014   Code   RO         1290    i.DMA_GetCmdStatus  stm32f4xx_dma.o
    0x080031f8   0x00000008   Code   RO         1291    i.DMA_GetCurrDataCounter  stm32f4xx_dma.o
    0x08003200   0x00000064   Code   RO         1295    i.DMA_GetITStatus   stm32f4xx_dma.o
    0x08003264   0x0000003a   Code   RO         1296    i.DMA_ITConfig      stm32f4xx_dma.o
    0x0800329e   0x00000002   PAD
    0x080032a0   0x00000058   Code   RO         1297    i.DMA_Init          stm32f4xx_dma.o
    0x080032f8   0x00000004   Code   RO         1300    i.DMA_SetCurrDataCounter  stm32f4xx_dma.o
    0x080032fc   0x00000002   Code   RO         4897    i.DebugMon_Handler  stm32f4xx_it.o
    0x080032fe   0x0000000e   Code   RO         6094    i.FricRotate        shooter.o
    0x0800330c   0x00000054   Code   RO         5371    i.FricSpeedClose2   pwm.o
    0x08003360   0x0000000e   Code   RO         6095    i.FricStop          shooter.o
    0x0800336e   0x00000002   PAD
    0x08003370   0x00000020   Code   RO         6096    i.FricTask          shooter.o
    0x08003390   0x00000090   Code   RO         1885    i.GPIO_Init         stm32f4xx_gpio.o
    0x08003420   0x00000046   Code   RO         1886    i.GPIO_PinAFConfig  stm32f4xx_gpio.o
    0x08003466   0x00000004   Code   RO         1893    i.GPIO_SetBits      stm32f4xx_gpio.o
    0x0800346a   0x00000002   PAD
    0x0800346c   0x00000070   Code   RO         6200    i.GetGyroRawData    gyromag.o
    0x080034dc   0x000000a8   Code   RO         5778    i.GetNewYorkTargetManchanicalAngle  chassis.o
    0x08003584   0x000000bc   Code   RO         5920    i.GimbalControlTask  gimbal.o
    0x08003640   0x000000a0   Code   RO         6204    i.HMC_Get_Data      gyromag.o
    0x080036e0   0x00000004   Code   RO         4898    i.HardFault_Handler  stm32f4xx_it.o
    0x080036e4   0x00000044   Code   RO         5448    i.IIC_Ack           iic.o
    0x08003728   0x00000044   Code   RO         5449    i.IIC_NAck          iic.o
    0x0800376c   0x00000064   Code   RO         5450    i.IIC_Read_Byte     iic.o
    0x080037d0   0x00000058   Code   RO         5451    i.IIC_Send_Byte     iic.o
    0x08003828   0x00000044   Code   RO         5452    i.IIC_Start         iic.o
    0x0800386c   0x00000040   Code   RO         5453    i.IIC_Stop          iic.o
    0x080038ac   0x00000058   Code   RO         5454    i.IIC_Wait_Ack      iic.o
    0x08003904   0x00000028   Code   RO         5646    i.IncrementPid_tLimit  pid.o
    0x0800392c   0x000000e0   Code   RO         5056    i.InitCan1          can1.o
    0x08003a0c   0x00000020   Code   RO         5057    i.InitCan1NVIC      can1.o
    0x08003a2c   0x0000010c   Code   RO         5108    i.InitCan2          can2.o
    0x08003b38   0x00000002   Code   RO         5779    i.InitChassisControlTask  chassis.o
    0x08003b3a   0x00000002   PAD
    0x08003b3c   0x000000c8   Code   RO         5862    i.InitControlTask   control_task.o
    0x08003c04   0x00000002   Code   RO         5921    i.InitGimbalControlTask  gimbal.o
    0x08003c06   0x00000002   PAD
    0x08003c08   0x00000024   Code   RO         6206    i.InitGyroMagTask   gyromag.o
    0x08003c2c   0x00000044   Code   RO         5455    i.InitIIC           iic.o
    0x08003c70   0x00000090   Code   RO         5030    i.InitLed           led.o
    0x08003d00   0x00000038   Code   RO         5589    i.InitListenerTask  listener.o
    0x08003d38   0x0000001c   Code   RO         6207    i.InitMag           gyromag.o
    0x08003d54   0x000000d0   Code   RO         5372    i.InitPWM           pwm.o
    0x08003e24   0x00000010   Code   RO         6011    i.InitRemoterTask   remoter.o
    0x08003e34   0x000000d4   Code   RO         5407    i.InitSPI4          spi.o
    0x08003f08   0x000000d8   Code   RO         5408    i.InitSPI5          spi.o
    0x08003fe0   0x00000002   Code   RO         6097    i.InitShootTask     shooter.o
    0x08003fe2   0x00000002   PAD
    0x08003fe4   0x00000040   Code   RO         5160    i.InitTimer3        timer3.o
    0x08004024   0x00000030   Code   RO         5161    i.InitTimer3NVIC    timer3.o
    0x08004054   0x000000a4   Code   RO         5197    i.InitUsart1        usart1.o
    0x080040f8   0x00000088   Code   RO         5198    i.InitUsart1DMA     usart1.o
    0x08004180   0x00000094   Code   RO         5259    i.InitUsart3        usart3.o
    0x08004214   0x00000020   Code   RO         5260    i.InitUsart3NVIC    usart3.o
    0x08004234   0x0000009c   Code   RO         5315    i.InitUsart6        usart6.o
    0x080042d0   0x00000084   Code   RO         5316    i.InitUsart6DMA     usart6.o
    0x08004354   0x00000020   Code   RO         5317    i.InitUsart6DMANVIC  usart6.o
    0x08004374   0x00000020   Code   RO         5318    i.InitUsart6NVIC    usart6.o
    0x08004394   0x00000022   Code   RO         5200    i.InitUsartIDLENVIC  usart1.o
    0x080043b6   0x00000002   PAD
    0x080043b8   0x00000098   Code   RO         6012    i.IsAtTheChannelValueFor14xtMs  remoter.o
    0x08004450   0x00000054   Code   RO         5780    i.LimitChassisOutput  chassis.o
    0x080044a4   0x00000058   Code   RO         5590    i.Listen            listener.o
    0x080044fc   0x00000040   Code   RO         5591    i.ListenModule      listener.o
    0x0800453c   0x0000000c   Code   RO         5592    i.ListenTask        listener.o
    0x08004548   0x00000038   Code   RO         6208    i.MPU6500_Read_Reg  gyromag.o
    0x08004580   0x00000038   Code   RO         6209    i.MPU6500_Write_Reg  gyromag.o
    0x080045b8   0x00000004   Code   RO         4899    i.MemManage_Handler  stm32f4xx_it.o
    0x080045bc   0x00000052   Code   RO         6213    i.Multiple_read_HMC5983  gyromag.o
    0x0800460e   0x00000002   Code   RO         4900    i.NMI_Handler       stm32f4xx_it.o
    0x08004610   0x00000078   Code   RO          296    i.NVIC_Init         misc.o
    0x08004688   0x00000014   Code   RO          297    i.NVIC_PriorityGroupConfig  misc.o
    0x0800469c   0x00000198   Code   RO         5781    i.NewYork           chassis.o
    0x08004834   0x00000128   Code   RO         6098    i.OnIntoBlock       shooter.o
    0x0800495c   0x00000434   Code   RO         5593    i.OnModuleStateChanged  listener.o
    0x08004d90   0x000000dc   Code   RO         5863    i.OnRobotStateSwitch  control_task.o
    0x08004e6c   0x000000d0   Code   RO         6013    i.OnSwitchChanged   remoter.o
    0x08004f3c   0x00000170   Code   RO         6014    i.ParseRemoterData  remoter.o
    0x080050ac   0x00000002   Code   RO         4901    i.PendSV_Handler    stm32f4xx_it.o
    0x080050ae   0x00000028   Code   RO         5648    i.PositionPid_tLimit  pid.o
    0x080050d6   0x00000002   PAD
    0x080050d8   0x00000020   Code   RO         2749    i.RCC_AHB1PeriphClockCmd  stm32f4xx_rcc.o
    0x080050f8   0x00000020   Code   RO         2758    i.RCC_APB1PeriphClockCmd  stm32f4xx_rcc.o
    0x08005118   0x00000020   Code   RO         2760    i.RCC_APB1PeriphResetCmd  stm32f4xx_rcc.o
    0x08005138   0x00000020   Code   RO         2761    i.RCC_APB2PeriphClockCmd  stm32f4xx_rcc.o
    0x08005158   0x000000e8   Code   RO         2770    i.RCC_GetClocksFreq  stm32f4xx_rcc.o
    0x08005240   0x0000006c   Code   RO         6214    i.READ_MPU6500_GYRO  gyromag.o
    0x080052ac   0x00000178   Code   RO         5922    i.R_ConvertRc2TargetAngle  gimbal.o
    0x08005424   0x00000070   Code   RO         6099    i.R_ConvertRc2TargetOnoff  shooter.o
    0x08005494   0x00000008   Code   RO         5782    i.R_ConvertRc2TargetSpeed  chassis.o
    0x0800549c   0x00000048   Code   RO         6215    i.ReadGyro          gyromag.o
    0x080054e4   0x0000004c   Code   RO         6216    i.ReadGyroMag       gyromag.o
    0x08005530   0x0000008c   Code   RO         6218    i.ReadMag           gyromag.o
    0x080055bc   0x000000d0   Code   RO         6015    i.RemoteTask        remoter.o
    0x0800568c   0x00000214   Code   RO         6016    i.RemoterDataCheck  remoter.o
    0x080058a0   0x00000060   Code   RO         5649    i.ResetIncrementPid  pid.o
    0x08005900   0x0000002c   Code   RO         5201    i.ResetUsart1DMA    usart1.o
    0x0800592c   0x00000054   Code   RO         5409    i.SPI4ReadWriteByte  spi.o
    0x08005980   0x00000054   Code   RO         5410    i.SPI5ReadWriteByte  spi.o
    0x080059d4   0x00000018   Code   RO         3863    i.SPI_Cmd           stm32f4xx_spi.o
    0x080059ec   0x00000012   Code   RO         3871    i.SPI_I2S_GetFlagStatus  stm32f4xx_spi.o
    0x080059fe   0x00000006   Code   RO         3874    i.SPI_I2S_ReceiveData  stm32f4xx_spi.o
    0x08005a04   0x00000004   Code   RO         3875    i.SPI_I2S_SendData  stm32f4xx_spi.o
    0x08005a08   0x0000003c   Code   RO         3876    i.SPI_Init          stm32f4xx_spi.o
    0x08005a44   0x00000002   Code   RO         4902    i.SVC_Handler       stm32f4xx_it.o
    0x08005a46   0x00000002   PAD
    0x08005a48   0x000000b4   Code   RO         5923    i.S_ConvertRc2TargetAngle  gimbal.o
    0x08005afc   0x00000002   Code   RO         6100    i.S_ConvertRc2TargetOnoff  shooter.o
    0x08005afe   0x00000002   Code   RO         5783    i.S_ConvertRc2TargetSpeed  chassis.o
    0x08005b00   0x00000044   Code   RO         5865    i.SaveHistory       control_task.o
    0x08005b44   0x0000003c   Code   RO         5373    i.SetFricSpeed      pwm.o
    0x08005b80   0x00000038   Code   RO         6019    i.SetRemoteValue    remoter.o
    0x08005bb8   0x00000120   Code   RO         4993    i.SetSysClock       system_stm32f4xx.o
    0x08005cd8   0x00000028   Code   RO         6101    i.SetWaveTarSpeed   shooter.o
    0x08005d00   0x000000c8   Code   RO         6102    i.ShootTask         shooter.o
    0x08005dc8   0x0000005c   Code   RO         5720    i.SoftTimerDescend  softtimer.o
    0x08005e24   0x0000000a   Code   RO         5721    i.SoftTimerReload   softtimer.o
    0x08005e2e   0x00000002   Code   RO         4903    i.SysTick_Handler   stm32f4xx_it.o
    0x08005e30   0x00000068   Code   RO         4995    i.SystemInit        system_stm32f4xx.o
    0x08005e98   0x00000034   Code   RO         5162    i.TIM3_IRQHandler   timer3.o
    0x08005ecc   0x00000018   Code   RO         4081    i.TIM_ARRPreloadConfig  stm32f4xx_tim.o
    0x08005ee4   0x00000006   Code   RO         4088    i.TIM_ClearITPendingBit  stm32f4xx_tim.o
    0x08005eea   0x00000018   Code   RO         4093    i.TIM_Cmd           stm32f4xx_tim.o
    0x08005f02   0x00000022   Code   RO         4114    i.TIM_GetITStatus   stm32f4xx_tim.o
    0x08005f24   0x00000012   Code   RO         4118    i.TIM_ITConfig      stm32f4xx_tim.o
    0x08005f36   0x00000002   PAD
    0x08005f38   0x0000007c   Code   RO         4122    i.TIM_OC1Init       stm32f4xx_tim.o
    0x08005fb4   0x00000012   Code   RO         4125    i.TIM_OC1PreloadConfig  stm32f4xx_tim.o
    0x08005fc6   0x00000002   PAD
    0x08005fc8   0x000000a4   Code   RO         4127    i.TIM_OC2Init       stm32f4xx_tim.o
    0x0800606c   0x0000001a   Code   RO         4130    i.TIM_OC2PreloadConfig  stm32f4xx_tim.o
    0x08006086   0x00000004   Code   RO         4155    i.TIM_SetCompare1   stm32f4xx_tim.o
    0x0800608a   0x00000004   Code   RO         4156    i.TIM_SetCompare2   stm32f4xx_tim.o
    0x0800608e   0x00000002   PAD
    0x08006090   0x00000084   Code   RO         4165    i.TIM_TimeBaseInit  stm32f4xx_tim.o
    0x08006114   0x00000050   Code   RO         5202    i.USART1_IRQHandler  usart1.o
    0x08006164   0x00000070   Code   RO         5261    i.USART3_IRQHandler  usart3.o
    0x080061d4   0x000000a0   Code   RO         5319    i.USART6_IRQHandler  usart6.o
    0x08006274   0x00000018   Code   RO         4643    i.USART_Cmd         stm32f4xx_usart.o
    0x0800628c   0x00000012   Code   RO         4644    i.USART_DMACmd      stm32f4xx_usart.o
    0x0800629e   0x00000054   Code   RO         4647    i.USART_GetITStatus  stm32f4xx_usart.o
    0x080062f2   0x0000004a   Code   RO         4649    i.USART_ITConfig    stm32f4xx_usart.o
    0x0800633c   0x000000d4   Code   RO         4650    i.USART_Init        stm32f4xx_usart.o
    0x08006410   0x0000023c   Code   RO         6020    i.UpdateRobotControlMode  remoter.o
    0x0800664c   0x0000005c   Code   RO         5866    i.UpdateRobotFSM    control_task.o
    0x080066a8   0x00000004   Code   RO         4904    i.UsageFault_Handler  stm32f4xx_it.o
    0x080066ac   0x0000004c   Code   RO         6103    i.WaveBlockDetect   shooter.o
    0x080066f8   0x00000018   Code   RO         6104    i.WaveNegativeRotate  shooter.o
    0x08006710   0x00000018   Code   RO         6105    i.WavePositiveRotate  shooter.o
    0x08006728   0x00000014   Code   RO         6106    i.WaveStop          shooter.o
    0x0800673c   0x0000002e   Code   RO         6222    i.Write_HMC5983     gyromag.o
    0x0800676a   0x00000030   Code   RO         6587    i.__ARM_fpclassify  m_wm.l(fpclassify.o)
    0x0800679a   0x00000006   PAD
    0x080067a0   0x000002d8   Code   RO         6493    i.__hardfp_atan     m_wm.l(atan.o)
    0x08006a78   0x000001f0   Code   RO         6448    i.__hardfp_atan2    m_wm.l(atan2.o)
    0x08006c68   0x00000014   Code   RO         6460    i.__hardfp_fabs     m_wm.l(fabs.o)
    0x08006c7c   0x000000f8   Code   RO         6589    i.__kernel_poly     m_wm.l(poly.o)
    0x08006d74   0x00000014   Code   RO         6508    i.__mathlib_dbl_infnan  m_wm.l(dunder.o)
    0x08006d88   0x00000014   Code   RO         6509    i.__mathlib_dbl_infnan2  m_wm.l(dunder.o)
    0x08006d9c   0x00000004   PAD
    0x08006da0   0x00000020   Code   RO         6513    i.__mathlib_dbl_underflow  m_wm.l(dunder.o)
    0x08006dc0   0x0000000e   Code   RO         6393    i._is_digit         c_w.l(__printf_wp.o)
    0x08006dce   0x00000010   Code   RO         6495    i.atan              m_wm.l(atan.o)
    0x08006dde   0x0000001e   Code   RO          230    i.delay_200ns       delay.o
    0x08006dfc   0x0000001c   Code   RO          231    i.delay_ms          delay.o
    0x08006e18   0x0000001a   Code   RO          232    i.delay_us          delay.o
    0x08006e32   0x00000018   Code   RO         6462    i.fabs              m_wm.l(fabs.o)
    0x08006e4a   0x00000002   PAD
    0x08006e4c   0x0000001c   Code   RO         5263    i.fputc             usart3.o
    0x08006e68   0x00000078   Code   RO         6223    i.initMPU6500       gyromag.o
    0x08006ee0   0x00000084   Code   RO            4    i.main              main.o
    0x08006f64   0x0000002c   Code   RO         6583    locale$$code        c_w.l(lc_numeric_c.o)
    0x08006f90   0x00000018   Code   RO         6480    x$fpl$basic         fz_wm.l(basic.o)
    0x08006fa8   0x00000062   Code   RO         6414    x$fpl$d2f           fz_wm.l(d2f.o)
    0x0800700a   0x00000002   PAD
    0x0800700c   0x00000150   Code   RO         6416    x$fpl$dadd          fz_wm.l(daddsub_clz.o)
    0x0800715c   0x00000018   Code   RO         6482    x$fpl$dcmpinf       fz_wm.l(dcmpi.o)
    0x08007174   0x000002b0   Code   RO         6423    x$fpl$ddiv          fz_wm.l(ddiv.o)
    0x08007424   0x00000078   Code   RO         6426    x$fpl$deqf          fz_wm.l(deqf.o)
    0x0800749c   0x0000005e   Code   RO         6428    x$fpl$dfix          fz_wm.l(dfix.o)
    0x080074fa   0x0000002e   Code   RO         6433    x$fpl$dflt          fz_wm.l(dflt_clz.o)
    0x08007528   0x00000078   Code   RO         6438    x$fpl$dleqf         fz_wm.l(dleqf.o)
    0x080075a0   0x00000154   Code   RO         6440    x$fpl$dmul          fz_wm.l(dmul.o)
    0x080076f4   0x0000009c   Code   RO         6484    x$fpl$dnaninf       fz_wm.l(dnaninf.o)
    0x08007790   0x0000000c   Code   RO         6486    x$fpl$dretinf       fz_wm.l(dretinf.o)
    0x0800779c   0x00000016   Code   RO         6417    x$fpl$drsb          fz_wm.l(daddsub_clz.o)
    0x080077b2   0x00000002   PAD
    0x080077b4   0x000001d4   Code   RO         6418    x$fpl$dsub          fz_wm.l(daddsub_clz.o)
    0x08007988   0x00000056   Code   RO         6444    x$fpl$f2d           fz_wm.l(f2d.o)
    0x080079de   0x0000008c   Code   RO         6488    x$fpl$fnaninf       fz_wm.l(fnaninf.o)
    0x08007a6a   0x0000000a   Code   RO         6657    x$fpl$fpinit        fz_wm.l(fpinit.o)
    0x08007a74   0x0000000a   Code   RO         6490    x$fpl$fretinf       fz_wm.l(fretinf.o)
    0x08007a7e   0x00000004   Code   RO         6446    x$fpl$printf1       fz_wm.l(printf1.o)
    0x08007a82   0x00000000   Code   RO         6492    x$fpl$usenofp       fz_wm.l(usenofp.o)
    0x08007a82   0x00000006   PAD
    0x08007a88   0x00000098   Data   RO         6496    .constdata          m_wm.l(atan.o)
    0x08007b20   0x00000008   Data   RO         6521    .constdata          m_wm.l(qnan.o)
    0x08007b28   0x00000094   Data   RO         6554    .constdata          c_w.l(bigflt0.o)
    0x08007bbc   0x00000041   Data   RO         5750    .conststring        calibrater.o
    0x08007bfd   0x00000003   PAD
    0x08007c00   0x00000020   Data   RO         6731    Region$$Table       anon$$obj.o
    0x08007c20   0x0000001c   Data   RO         6582    locale$$data        c_w.l(lc_numeric_c.o)


    Execution Region RW_IRAM1 (Base: 0x20000000, Size: 0x00001970, Max: 0x00030000, ABSOLUTE, COMPRESSED[0x000000fc])

    Base Addr    Size         Type   Attr      Idx    E Section Name        Object

    0x20000000   0x00000010   Data   RW         2802    .data               stm32f4xx_rcc.o
    0x20000010   0x00000004   Data   RW         5059    .data               can1.o
    0x20000014   0x0000000e   Data   RW         5109    .data               can2.o
    0x20000022   0x00000001   Data   RW         5204    .data               usart1.o
    0x20000023   0x00000001   PAD
    0x20000024   0x00000007   Data   RW         5265    .data               usart3.o
    0x2000002b   0x00000009   Data   RW         5320    .data               usart6.o
    0x20000034   0x00000004   Data   RW         5595    .data               listener.o
    0x20000038   0x0000000c   Data   RW         5651    .data               pid.o
    0x20000044   0x0000015d   Data   RW         5785    .data               chassis.o
    0x200001a1   0x00000003   PAD
    0x200001a4   0x00000041   Data   RW         5867    .data               control_task.o
    0x200001e5   0x00000003   PAD
    0x200001e8   0x00000124   Data   RW         5924    .data               gimbal.o
    0x2000030c   0x00000072   Data   RW         6022    .data               remoter.o
    0x2000037e   0x00000002   PAD
    0x20000380   0x00000044   Data   RW         6107    .data               shooter.o
    0x200003c4   0x000000ac   Data   RW         6224    .data               gyromag.o
    0x20000470   0x0000002c   Zero   RW         5058    .bss                can1.o
    0x2000049c   0x00000012   Zero   RW         5203    .bss                usart1.o
    0x200004ae   0x00000040   Zero   RW         5264    .bss                usart3.o
    0x200004ee   0x0000000a   Zero   RW         5594    .bss                listener.o
    0x200004f8   0x00000016   Zero   RW         6021    .bss                remoter.o
    0x2000050e   0x00000002   PAD
    0x20000510   0x00000060   Zero   RW         6592    .bss                c_w.l(libspace.o)
    0x20000570   0x00001000   Zero   RW         4888    HEAP                startup_stm32f427xx.o
    0x20001570   0x00000400   Zero   RW         4887    STACK               startup_stm32f427xx.o


==============================================================================

Image component sizes


      Code (inc. data)   RO Data    RW Data    ZI Data      Debug   Object Name

       420         78         65          0          0       2091   calibrater.o
       640         40          0          4         44       3649   can1.o
       728         72          0         14          0       3300   can2.o
      1868        310          0        349          0       8211   chassis.o
       744        270          0         65          0       3641   control_task.o
        84          0          0          0          0       1828   delay.o
      1162        216          0        292          0       4304   gimbal.o
      1100        114          0        172          0      12252   gyromag.o
       612        102          0          0          0       4649   iic.o
       144         18          0          0          0        586   led.o
      1296        486          0          4         10       4170   listener.o
       132         26          0          0          0     323519   main.o
       140         24          0          0          0       1627   misc.o
      2092         50          0         12          0       6578   pid.o
       352         30          0          0          0       1947   pwm.o
      2112        460          0        114         22      10069   remoter.o
       858        256          0         68          0       9185   shooter.o
       102          0          0          0          0       2321   softtimer.o
       596         28          0          0          0       2874   spi.o
        64         26        428          0       5120        860   startup_stm32f427xx.o
      1710         26          0          0          0       8472   stm32f4xx_can.o
       748         72          0          0          0       7824   stm32f4xx_dma.o
       218          0          0          0          0       2430   stm32f4xx_gpio.o
        26          0          0          0          0       4506   stm32f4xx_it.o
       360         42          0         16          0       5424   stm32f4xx_rcc.o
       112          0          0          0          0       3646   stm32f4xx_spi.o
       578         48          0          0          0       8407   stm32f4xx_tim.o
       412          8          0          0          0       4441   stm32f4xx_usart.o
       392         32          0          0          0       1661   system_stm32f4xx.o
       164         24          0          0          0       1744   timer3.o
       510         72          0          1         18       4388   usart1.o
       320         36          0          7         64       4532   usart3.o
       556         64          0          9          0       4551   usart6.o

    ----------------------------------------------------------------------
     21382       3030        528       1136       5280     469687   Object Totals
         0          0         32          0          0          0   (incl. Generated)
        30          0          3          9          2          0   (incl. Padding)

    ----------------------------------------------------------------------

      Code (inc. data)   RO Data    RW Data    ZI Data      Debug   Library Member Name

        90          0          0          0          0          0   __dczerorl2.o
         8          0          0          0          0         68   __main.o
       284          0          0          0          0        156   __printf_wp.o
         0          0          0          0          0          0   __rtentry.o
        12          0          0          0          0          0   __rtentry2.o
         6          0          0          0          0          0   __rtentry4.o
        52          8          0          0          0          0   __scatter.o
        28          0          0          0          0          0   __scatter_zi.o
        48          6          0          0          0         96   _printf_char_common.o
        36          4          0          0          0         80   _printf_char_file.o
         6          0          0          0          0          0   _printf_d.o
       120         16          0          0          0         92   _printf_dec.o
         6          0          0          0          0          0   _printf_f.o
      1050          0          0          0          0        216   _printf_fp_dec.o
       128         16          0          0          0         84   _printf_fp_infnan.o
       178          0          0          0          0         88   _printf_intcommon.o
         0          0          0          0          0          0   _printf_percent.o
         4          0          0          0          0          0   _printf_percent_end.o
       220          4        148          0          0         96   bigflt0.o
      1910        128          0          0          0        672   btod.o
        12          0          0          0          0         72   exit.o
         8          0          0          0          0         68   ferror.o
         6          0          0          0          0        152   heapauxi.o
         0          0          0          0          0          0   indicate_semi.o
        44         10         28          0          0         76   lc_numeric_c.o
         2          0          0          0          0          0   libinit.o
        22          0          0          0          0          0   libinit2.o
         2          0          0          0          0          0   libshutdown.o
         2          0          0          0          0          0   libshutdown2.o
         8          4          0          0         96         68   libspace.o
       138          0          0          0          0         80   lludiv10.o
        24          4          0          0          0         84   noretval__2printf.o
         8          4          0          0          0         68   rt_locale_intlibspace.o
        68          0          0          0          0         68   rt_memclr.o
        78          0          0          0          0         80   rt_memclr_w.o
       138          0          0          0          0         68   rt_memcpy_v6.o
       100          0          0          0          0         80   rt_memcpy_w.o
         2          0          0          0          0          0   rtexit.o
        10          0          0          0          0          0   rtexit2.o
       128          0          0          0          0         68   strcmpv7m.o
        12          4          0          0          0         68   sys_exit.o
        74          0          0          0          0         80   sys_stackheap_outer.o
         2          0          0          0          0         68   use_no_semi.o
        24          0          0          0          0        164   basic.o
        98          4          0          0          0        140   d2f.o
       826         16          0          0          0        492   daddsub_clz.o
        24          0          0          0          0        116   dcmpi.o
       688        140          0          0          0        256   ddiv.o
       120          4          0          0          0        140   deqf.o
        94          4          0          0          0        140   dfix.o
        46          0          0          0          0        116   dflt_clz.o
       120          4          0          0          0        140   dleqf.o
       340         12          0          0          0        152   dmul.o
       156          4          0          0          0        140   dnaninf.o
        12          0          0          0          0        116   dretinf.o
        86          4          0          0          0        132   f2d.o
       140          4          0          0          0        132   fnaninf.o
        10          0          0          0          0        116   fpinit.o
        10          0          0          0          0        116   fretinf.o
         4          0          0          0          0        116   printf1.o
         0          0          0          0          0          0   usenofp.o
       744        106        152          0          0        352   atan.o
       496         64          0          0          0        192   atan2.o
        72          8          0          0          0        372   dunder.o
        44          0          0          0          0        248   fabs.o
        48          0          0          0          0        124   fpclassify.o
       248          0          0          0          0        152   poly.o
         0          0          8          0          0          0   qnan.o

    ----------------------------------------------------------------------
      9558        582        336          0         96       7060   Library Totals
        34          0          0          0          0          0   (incl. Padding)

    ----------------------------------------------------------------------

      Code (inc. data)   RO Data    RW Data    ZI Data      Debug   Library Name

      5074        208        176          0         96       2896   c_w.l
      2798        196          0          0          0       2724   fz_wm.l
      1652        178        160          0          0       1440   m_wm.l

    ----------------------------------------------------------------------
      9558        582        336          0         96       7060   Library Totals

    ----------------------------------------------------------------------

==============================================================================


      Code (inc. data)   RO Data    RW Data    ZI Data      Debug   

     30940       3612        864       1136       5376     455035   Grand Totals
     30940       3612        864        252       5376     455035   ELF Image Totals (compressed)
     30940       3612        864        252          0          0   ROM Totals

==============================================================================

    Total RO  Size (Code + RO Data)                31804 (  31.06kB)
    Total RW  Size (RW Data + ZI Data)              6512 (   6.36kB)
    Total ROM Size (Code + RO Data + RW Data)      32056 (  31.30kB)

==============================================================================

